<html>
<body>
<pre>
<h1>礦ision Build Log</h1>
<h2>Tool Versions:</h2>
IDE-Version: μVision V5.18.0.0
Copyright (C) 2016 ARM Ltd and ARM Germany GmbH. All rights reserved.
License Information: 1 8613015757858, 1, LIC=CZLZX-HNWIQ-HLRCL-06U8X-AQN6S-V00Y3
 
Tool Versions:
Toolchain:       MDK-ARM Plus  Version: 5.14.0.0
Toolchain Path:  F:\Keil_v5\ARM\ARMCC\Bin
C Compiler:      Armcc.exe V5.05 update 1 (build 106)
Assembler:       Armasm.exe V5.05 update 1 (build 106)
Linker/Locator:  ArmLink.exe V5.05 update 1 (build 106)
Library Manager: ArmAr.exe V5.05 update 1 (build 106)
Hex Converter:   FromElf.exe V5.05 update 1 (build 106)
CPU DLL:         SARMCM3.DLL V5.14.0.0
Dialog DLL:      DCM.DLL V1.13.1.0
Target DLL:      CMSIS_AGDI.dll V1.21.0.0
Dialog DLL:      TCM.DLL V1.14.4.0
 
<h2>Project:</h2>
G:\HAL-project\30-TIM\TIM—电容按键\MDK-ARM\IIC-EEPROM.uvprojx
Project File Date:  10/09/2023

<h2>Output:</h2>
*** Using Compiler 'V5.05 update 1 (build 106)', folder: 'F:\Keil_v5\ARM\ARMCC\Bin'
Build target 'IIC-EEPROM'
assembling startup_stm32f103xe.s...
compiling bsp_beep.c...
compiling stm32f1xx_hal_msp.c...
compiling stm32f1xx_it.c...
compiling main.c...
..\User\BEEP\bsp_beep.h(14): warning:  #47-D: incompatible redefinition of macro "ON" (declared at line 31 of "..\User\LED\bsp_led.h")
  #define ON  1
..\User\BEEP\bsp_beep.h(15): warning:  #47-D: incompatible redefinition of macro "OFF" (declared at line 32 of "..\User\LED\bsp_led.h")
  #define OFF 0
..\User\BEEP\bsp_beep.h(22): warning:  #47-D: incompatible redefinition of macro "digitalHi" (declared at line 47 of "..\User\LED\bsp_led.h")
  #define digitalHi(p,i)               {p->BSRR = i;}
..\User\BEEP\bsp_beep.h(23): warning:  #47-D: incompatible redefinition of macro "digitalLo" (declared at line 48 of "..\User\LED\bsp_led.h")
  #define digitalLo(p,i)               {p->BSRR = (uint32_t)i <<16;}
..\User\BEEP\bsp_beep.h(24): warning:  #47-D: incompatible redefinition of macro "digitalToggle" (declared at line 49 of "..\User\LED\bsp_led.h")
  #define digitalToggle(p,i)           {p->ODR ^=i; }
../Core/Src/main.c(61): warning:  #188-D: enumerated type mixed with another type
  			BEEP(ON);
../Core/Src/main.c(63): warning:  #188-D: enumerated type mixed with another type
  			BEEP(OFF);
../Core/Src/main.c: 7 warnings, 0 errors
compiling bsp_TouchPad.c...
compiling bsp_led.c...
compiling stm32f1xx_hal_gpio_ex.c...
compiling stm32f1xx_hal.c...
compiling gpio.c...
compiling bsp_usart.c...
compiling stm32f1xx_hal_i2c.c...
compiling stm32f1xx_hal_rcc_ex.c...
compiling stm32f1xx_hal_cortex.c...
compiling stm32f1xx_hal_pwr.c...
compiling stm32f1xx_hal_exti.c...
compiling stm32f1xx_hal_flash_ex.c...
compiling stm32f1xx_hal_gpio.c...
compiling stm32f1xx_hal_flash.c...
compiling stm32f1xx_hal_rcc.c...
compiling stm32f1xx_hal_dma.c...
compiling stm32f1xx_hal_tim_ex.c...
compiling stm32f1xx_hal_tim.c...
compiling stm32f1xx_hal_sram.c...
compiling system_stm32f1xx.c...
compiling stm32f1xx_ll_fsmc.c...
compiling stm32f1xx_hal_usart.c...
compiling stm32f1xx_hal_adc.c...
compiling stm32f1xx_hal_uart.c...
compiling stm32f1xx_hal_adc_ex.c...
linking...
Program Size: Code=5836 RO-data=380 RW-data=24 ZI-data=1168  
FromELF: creating hex file...
"IIC-EEPROM\IIC-EEPROM.axf" - 0 Error(s), 7 Warning(s).

<h2>Software Packages used:</h2>

Package Vendor: ARM
                http://www.keil.com/pack/ARM.CMSIS.4.2.0.pack
                ARM::CMSIS:CORE:3.40.0
                CMSIS (Cortex Microcontroller Software Interface Standard)
   * Component: CORE Version: 3.40.0

<h2>Collection of Component include folders:</h2>
  G:\HAL-project\30-TIM\TIM—电容按键\MDK-ARM\RTE
  F:\Keil_v5\ARM\PACK\ARM\CMSIS\4.2.0\CMSIS\Include
  F:\Keil_v5\ARM\PACK\Keil\STM32F1xx_DFP\2.2.0\Device\Include

<h2>Collection of Component Files used:</h2>

   * Component: ARM::CMSIS:CORE:3.40.0
      Source file:   CMSIS\UserCodeTemplates\ARM\ITM_Retarget.c
Build Time Elapsed:  00:00:19
</pre>
</body>
</html>
