Component: ARM Compiler 5.05 update 1 (build 106) Tool: armlink [4d0efa]

==============================================================================

Section Cross References

    startup_stm32f103xe.o(RESET) refers to startup_stm32f103xe.o(STACK) for __initial_sp
    startup_stm32f103xe.o(RESET) refers to startup_stm32f103xe.o(.text) for Reset_Handler
    startup_stm32f103xe.o(RESET) refers to stm32f1xx_it.o(i.NMI_Handler) for NMI_Handler
    startup_stm32f103xe.o(RESET) refers to stm32f1xx_it.o(i.HardFault_Handler) for HardFault_Handler
    startup_stm32f103xe.o(RESET) refers to stm32f1xx_it.o(i.MemManage_Handler) for MemManage_Handler
    startup_stm32f103xe.o(RESET) refers to stm32f1xx_it.o(i.BusFault_Handler) for BusFault_Handler
    startup_stm32f103xe.o(RESET) refers to stm32f1xx_it.o(i.UsageFault_Handler) for UsageFault_Handler
    startup_stm32f103xe.o(RESET) refers to stm32f1xx_it.o(i.SVC_Handler) for SVC_Handler
    startup_stm32f103xe.o(RESET) refers to stm32f1xx_it.o(i.DebugMon_Handler) for DebugMon_Handler
    startup_stm32f103xe.o(RESET) refers to stm32f1xx_it.o(i.PendSV_Handler) for PendSV_Handler
    startup_stm32f103xe.o(RESET) refers to stm32f1xx_it.o(i.SysTick_Handler) for SysTick_Handler
    startup_stm32f103xe.o(RESET) refers to stm32f1xx_it.o(i.EXTI15_10_IRQHandler) for EXTI15_10_IRQHandler
    startup_stm32f103xe.o(.text) refers to system_stm32f1xx.o(i.SystemInit) for SystemInit
    startup_stm32f103xe.o(.text) refers to entry.o(.ARM.Collect$$$$00000000) for __main
    main.o(i.SystemClock_Config) refers to memseta.o(.text) for __aeabi_memclr4
    main.o(i.SystemClock_Config) refers to stm32f1xx_hal_rcc.o(i.HAL_RCC_OscConfig) for HAL_RCC_OscConfig
    main.o(i.SystemClock_Config) refers to stm32f1xx_hal_rcc.o(i.HAL_RCC_ClockConfig) for HAL_RCC_ClockConfig
    main.o(i.android_orient_cb) refers to log_stm32.o(i._MLPrintLog) for _MLPrintLog
    main.o(i.gyro_data_ready_cb) refers to main.o(.bss) for .bss
    main.o(i.handle_input) refers to main.o(i.setup_gyro) for setup_gyro
    main.o(i.handle_input) refers to data_builder.o(i.inv_accel_was_turned_off) for inv_accel_was_turned_off
    main.o(i.handle_input) refers to data_builder.o(i.inv_gyro_was_turned_off) for inv_gyro_was_turned_off
    main.o(i.handle_input) refers to inv_mpu.o(i.mpu_reg_dump) for mpu_reg_dump
    main.o(i.handle_input) refers to inv_mpu.o(i.mpu_lp_accel_mode) for mpu_lp_accel_mode
    main.o(i.handle_input) refers to inv_mpu.o(i.mpu_set_int_latched) for mpu_set_int_latched
    main.o(i.handle_input) refers to data_builder.o(i.inv_compass_was_turned_off) for inv_compass_was_turned_off
    main.o(i.handle_input) refers to main.o(i.run_self_test) for run_self_test
    main.o(i.handle_input) refers to inv_mpu_dmp_motion_driver.o(i.dmp_set_fifo_rate) for dmp_set_fifo_rate
    main.o(i.handle_input) refers to data_builder.o(i.inv_set_quat_sample_rate) for inv_set_quat_sample_rate
    main.o(i.handle_input) refers to data_builder.o(i.inv_set_gyro_sample_rate) for inv_set_gyro_sample_rate
    main.o(i.handle_input) refers to data_builder.o(i.inv_set_accel_sample_rate) for inv_set_accel_sample_rate
    main.o(i.handle_input) refers to inv_mpu.o(i.mpu_set_sample_rate) for mpu_set_sample_rate
    main.o(i.handle_input) refers to inv_mpu_dmp_motion_driver.o(i.dmp_set_interrupt_mode) for dmp_set_interrupt_mode
    main.o(i.handle_input) refers to inv_mpu_dmp_motion_driver.o(i.dmp_set_pedometer_step_count) for dmp_set_pedometer_step_count
    main.o(i.handle_input) refers to inv_mpu_dmp_motion_driver.o(i.dmp_set_pedometer_walk_time) for dmp_set_pedometer_walk_time
    main.o(i.handle_input) refers to inv_mpu.o(i.mpu_set_dmp_state) for mpu_set_dmp_state
    main.o(i.handle_input) refers to inv_mpu.o(i.mpu_configure_fifo) for mpu_configure_fifo
    main.o(i.handle_input) refers to inv_mpu_dmp_motion_driver.o(i.dmp_get_fifo_rate) for dmp_get_fifo_rate
    main.o(i.handle_input) refers to data_builder.o(i.inv_quaternion_sensor_was_turned_off) for inv_quaternion_sensor_was_turned_off
    main.o(i.handle_input) refers to inv_mpu.o(i.mpu_get_sample_rate) for mpu_get_sample_rate
    main.o(i.handle_input) refers to inv_mpu_dmp_motion_driver.o(i.dmp_enable_feature) for dmp_enable_feature
    main.o(i.handle_input) refers to log_stm32.o(i._MLPrintLog) for _MLPrintLog
    main.o(i.handle_input) refers to main.o(.bss) for .bss
    main.o(i.main) refers to bsp_ili9341_lcd.o(i.ILI9341_Init) for ILI9341_Init
    main.o(i.main) refers to bsp_ili9341_lcd.o(i.ILI9341_GramScan) for ILI9341_GramScan
    main.o(i.main) refers to bsp_ili9341_lcd.o(i.LCD_SetFont) for LCD_SetFont
    main.o(i.main) refers to bsp_ili9341_lcd.o(i.LCD_SetColors) for LCD_SetColors
    main.o(i.main) refers to main.o(i.SystemClock_Config) for SystemClock_Config
    main.o(i.main) refers to bsp_led.o(i.LED_GPIO_Config) for LED_GPIO_Config
    main.o(i.main) refers to bsp_usart.o(i.DEBUG_USART_Config) for DEBUG_USART_Config
[...]
    _main_scatterload                        0x08000135   Thumb Code     0  entry5.o(.ARM.Collect$$$$00000004)
    __main_after_scatterload                 0x08000139   Thumb Code     0  entry5.o(.ARM.Collect$$$$00000004)
    _main_clock                              0x08000139   Thumb Code     0  entry7b.o(.ARM.Collect$$$$00000008)
    _main_cpp_init                           0x08000139   Thumb Code     0  entry8b.o(.ARM.Collect$$$$0000000A)
    _main_init                               0x08000139   Thumb Code     0  entry9a.o(.ARM.Collect$$$$0000000B)
    __rt_final_cpp                           0x08000141   Thumb Code     0  entry10a.o(.ARM.Collect$$$$0000000D)
    __rt_final_exit                          0x08000141   Thumb Code     0  entry11a.o(.ARM.Collect$$$$0000000F)
    Reset_Handler                            0x08000145   Thumb Code     8  startup_stm32f103xe.o(.text)
    ADC1_2_IRQHandler                        0x0800015f   Thumb Code     0  startup_stm32f103xe.o(.text)
    ADC3_IRQHandler                          0x0800015f   Thumb Code     0  startup_stm32f103xe.o(.text)
    CAN1_RX1_IRQHandler                      0x0800015f   Thumb Code     0  startup_stm32f103xe.o(.text)
    CAN1_SCE_IRQHandler                      0x0800015f   Thumb Code     0  startup_stm32f103xe.o(.text)
    DMA1_Channel1_IRQHandler                 0x0800015f   Thumb Code     0  startup_stm32f103xe.o(.text)
    DMA1_Channel2_IRQHandler                 0x0800015f   Thumb Code     0  startup_stm32f103xe.o(.text)
    DMA1_Channel3_IRQHandler                 0x0800015f   Thumb Code     0  startup_stm32f103xe.o(.text)
    DMA1_Channel4_IRQHandler                 0x0800015f   Thumb Code     0  startup_stm32f103xe.o(.text)
    DMA1_Channel5_IRQHandler                 0x0800015f   Thumb Code     0  startup_stm32f103xe.o(.text)
    DMA1_Channel6_IRQHandler                 0x0800015f   Thumb Code     0  startup_stm32f103xe.o(.text)
    DMA1_Channel7_IRQHandler                 0x0800015f   Thumb Code     0  startup_stm32f103xe.o(.text)
    DMA2_Channel1_IRQHandler                 0x0800015f   Thumb Code     0  startup_stm32f103xe.o(.text)
    DMA2_Channel2_IRQHandler                 0x0800015f   Thumb Code     0  startup_stm32f103xe.o(.text)
    DMA2_Channel3_IRQHandler                 0x0800015f   Thumb Code     0  startup_stm32f103xe.o(.text)
    DMA2_Channel4_5_IRQHandler               0x0800015f   Thumb Code     0  startup_stm32f103xe.o(.text)
    EXTI0_IRQHandler                         0x0800015f   Thumb Code     0  startup_stm32f103xe.o(.text)
    EXTI1_IRQHandler                         0x0800015f   Thumb Code     0  startup_stm32f103xe.o(.text)
    EXTI2_IRQHandler                         0x0800015f   Thumb Code     0  startup_stm32f103xe.o(.text)
    EXTI3_IRQHandler                         0x0800015f   Thumb Code     0  startup_stm32f103xe.o(.text)
    EXTI4_IRQHandler                         0x0800015f   Thumb Code     0  startup_stm32f103xe.o(.text)
    EXTI9_5_IRQHandler                       0x0800015f   Thumb Code     0  startup_stm32f103xe.o(.text)
    FLASH_IRQHandler                         0x0800015f   Thumb Code     0  startup_stm32f103xe.o(.text)
    FSMC_IRQHandler                          0x0800015f   Thumb Code     0  startup_stm32f103xe.o(.text)
    I2C1_ER_IRQHandler                       0x0800015f   Thumb Code     0  startup_stm32f103xe.o(.text)
    I2C1_EV_IRQHandler                       0x0800015f   Thumb Code     0  startup_stm32f103xe.o(.text)
    I2C2_ER_IRQHandler                       0x0800015f   Thumb Code     0  startup_stm32f103xe.o(.text)
    I2C2_EV_IRQHandler                       0x0800015f   Thumb Code     0  startup_stm32f103xe.o(.text)
    PVD_IRQHandler                           0x0800015f   Thumb Code     0  startup_stm32f103xe.o(.text)
    RCC_IRQHandler                           0x0800015f   Thumb Code     0  startup_stm32f103xe.o(.text)
    RTC_Alarm_IRQHandler                     0x0800015f   Thumb Code     0  startup_stm32f103xe.o(.text)
    RTC_IRQHandler                           0x0800015f   Thumb Code     0  startup_stm32f103xe.o(.text)
    SDIO_IRQHandler                          0x0800015f   Thumb Code     0  startup_stm32f103xe.o(.text)
    SPI1_IRQHandler                          0x0800015f   Thumb Code     0  startup_stm32f103xe.o(.text)
    SPI2_IRQHandler                          0x0800015f   Thumb Code     0  startup_stm32f103xe.o(.text)
    SPI3_IRQHandler                          0x0800015f   Thumb Code     0  startup_stm32f103xe.o(.text)
    TAMPER_IRQHandler                        0x0800015f   Thumb Code     0  startup_stm32f103xe.o(.text)
    TIM1_BRK_IRQHandler                      0x0800015f   Thumb Code     0  startup_stm32f103xe.o(.text)
    TIM1_CC_IRQHandler                       0x0800015f   Thumb Code     0  startup_stm32f103xe.o(.text)
    TIM1_TRG_COM_IRQHandler                  0x0800015f   Thumb Code     0  startup_stm32f103xe.o(.text)
    TIM1_UP_IRQHandler                       0x0800015f   Thumb Code     0  startup_stm32f103xe.o(.text)
    TIM2_IRQHandler                          0x0800015f   Thumb Code     0  startup_stm32f103xe.o(.text)
    TIM3_IRQHandler                          0x0800015f   Thumb Code     0  startup_stm32f103xe.o(.text)
    TIM4_IRQHandler                          0x0800015f   Thumb Code     0  startup_stm32f103xe.o(.text)
    TIM5_IRQHandler                          0x0800015f   Thumb Code     0  startup_stm32f103xe.o(.text)
    TIM6_IRQHandler                          0x0800015f   Thumb Code     0  startup_stm32f103xe.o(.text)
    TIM7_IRQHandler                          0x0800015f   Thumb Code     0  startup_stm32f103xe.o(.text)
    TIM8_BRK_IRQHandler                      0x0800015f   Thumb Code     0  startup_stm32f103xe.o(.text)
    TIM8_CC_IRQHandler                       0x0800015f   Thumb Code     0  startup_stm32f103xe.o(.text)
    TIM8_TRG_COM_IRQHandler                  0x0800015f   Thumb Code     0  startup_stm32f103xe.o(.text)
    TIM8_UP_IRQHandler                       0x0800015f   Thumb Code     0  startup_stm32f103xe.o(.text)
    UART4_IRQHandler                         0x0800015f   Thumb Code     0  startup_stm32f103xe.o(.text)
    UART5_IRQHandler                         0x0800015f   Thumb Code     0  startup_stm32f103xe.o(.text)
    USART1_IRQHandler                        0x0800015f   Thumb Code     0  startup_stm32f103xe.o(.text)
    USART2_IRQHandler                        0x0800015f   Thumb Code     0  startup_stm32f103xe.o(.text)
    USART3_IRQHandler                        0x0800015f   Thumb Code     0  startup_stm32f103xe.o(.text)
    USBWakeUp_IRQHandler                     0x0800015f   Thumb Code     0  startup_stm32f103xe.o(.text)
    USB_HP_CAN1_TX_IRQHandler                0x0800015f   Thumb Code     0  startup_stm32f103xe.o(.text)
    USB_LP_CAN1_RX0_IRQHandler               0x0800015f   Thumb Code     0  startup_stm32f103xe.o(.text)
    WWDG_IRQHandler                          0x0800015f   Thumb Code     0  startup_stm32f103xe.o(.text)
    inv_init_maxmin                          0x08000169   Thumb Code    78  fast_no_motion.o(.text)
    inv_fast_nomot_parameter                 0x080001b7   Thumb Code   318  fast_no_motion.o(.text)
    inv_fast_nomot_parameter_3rd             0x080002f5   Thumb Code   180  fast_no_motion.o(.text)
    inv_fast_nomot_set_gyro_bias             0x080003a9   Thumb Code   232  fast_no_motion.o(.text)
    inv_set_fast_nomot_compass_threshold     0x08000491   Thumb Code     8  fast_no_motion.o(.text)
    int_set_fast_nomot_gyro_threshold        0x08000499   Thumb Code     8  fast_no_motion.o(.text)
    inv_set_fast_nomot_accel_threshold       0x080004a1   Thumb Code     8  fast_no_motion.o(.text)
    inv_get_fast_nomot_compass_param         0x080004a9   Thumb Code    18  fast_no_motion.o(.text)
    inv_get_fast_nomot_accel_param           0x080004bb   Thumb Code    18  fast_no_motion.o(.text)
    inv_fast_nomot_store_data                0x080004cd   Thumb Code   140  fast_no_motion.o(.text)
    inv_fast_nomot_store_data_compass        0x08000559   Thumb Code    74  fast_no_motion.o(.text)
    inv_fast_nomot_reset_data_compass        0x080005a3   Thumb Code    36  fast_no_motion.o(.text)
    inv_fast_nomot_get_time_elaps            0x080005c7   Thumb Code     8  fast_no_motion.o(.text)
    inv_fast_nomot_parameter_compass         0x080005cf   Thumb Code    22  fast_no_motion.o(.text)
    inv_get_right_shift_by_rounding          0x080005e5   Thumb Code    76  fast_no_motion.o(.text)
    inv_reset_min_max_gyro_accel_statistics  0x08000631   Thumb Code    38  fast_no_motion.o(.text)
    inv_record_max_moment_in_no_motion_gyro  0x08000657   Thumb Code    32  fast_no_motion.o(.text)
    inv_record_max_moment_in_no_motion_accel 0x08000677   Thumb Code    32  fast_no_motion.o(.text)
    inv_record_min_moment_in_motion_gyro     0x08000697   Thumb Code    34  fast_no_motion.o(.text)
    inv_record_min_moment_in_motion_accel    0x080006b9   Thumb Code    34  fast_no_motion.o(.text)
    inv_detect_motion_by_gyro_accel          0x080006db   Thumb Code   214  fast_no_motion.o(.text)
    inv_sensor_data_preprocess               0x080007b1   Thumb Code   132  fast_no_motion.o(.text)
    inv_generate_fast_nomot                  0x08000835   Thumb Code   498  fast_no_motion.o(.text)
    inv_set_default_number_of_samples        0x08000a27   Thumb Code    56  fast_no_motion.o(.text)
    inv_init_fast_nomot                      0x08000a5f   Thumb Code    78  fast_no_motion.o(.text)
    inv_start_fast_nomot                     0x08000aad   Thumb Code    56  fast_no_motion.o(.text)
    inv_stop_fast_nomot                      0x08000ae5   Thumb Code    20  fast_no_motion.o(.text)
    inv_enable_fast_nomot                    0x08000af9   Thumb Code    24  fast_no_motion.o(.text)
    inv_disable_fast_nomot                   0x08000b11   Thumb Code    18  fast_no_motion.o(.text)
    inv_get_fnm_gyro_no_motion_param         0x08000b23   Thumb Code     8  fast_no_motion.o(.text)
    inv_fnm_debug_print                      0x08000b2b   Thumb Code     2  fast_no_motion.o(.text)
    inv_filter_correction_angle              0x08000b5d   Thumb Code   364  fusion_9axis.o(.text)
    inv_perform_9x_fusion                    0x08000cc9   Thumb Code   840  fusion_9axis.o(.text)
    inv_process_9x_sensor_fusion_cb          0x08001011   Thumb Code   120  fusion_9axis.o(.text)
    inv_init_9x_fusion                       0x08001089   Thumb Code    50  fusion_9axis.o(.text)
    inv_9x_fusion_set_mag_fb                 0x080010bb   Thumb Code    10  fusion_9axis.o(.text)
    inv_9x_fusion_enable_jitter_reduction    0x080010c5   Thumb Code    10  fusion_9axis.o(.text)
    inv_9x_fusion_use_timestamps             0x080010cf   Thumb Code    10  fusion_9axis.o(.text)
    inv_start_9x_sensor_fusion               0x080010d9   Thumb Code    14  fusion_9axis.o(.text)
    inv_stop_9x_sensor_fusion                0x080010e7   Thumb Code     8  fusion_9axis.o(.text)
    inv_enable_9x_sensor_fusion              0x080010ef   Thumb Code    30  fusion_9axis.o(.text)
    inv_disable_9x_sensor_fusion             0x0800110d   Thumb Code     8  fusion_9axis.o(.text)
    inv_init_gyro_ts                         0x08001533   Thumb Code    46  gyro_tc.o(.text)
    inv_set_gtc_max_temp                     0x08001561   Thumb Code    10  gyro_tc.o(.text)
    inv_set_gtc_min_temp                     0x0800156b   Thumb Code    10  gyro_tc.o(.text)
    inv_set_gtc_min_diff                     0x08001575   Thumb Code    10  gyro_tc.o(.text)
    inv_get_gyro_ts                          0x0800157f   Thumb Code    30  gyro_tc.o(.text)
    inv_set_gyro_ts                          0x0800159d   Thumb Code    16  gyro_tc.o(.text)
    inv_set_gtc_order                        0x080015ad   Thumb Code    16  gyro_tc.o(.text)
    inv_print_gtc_data                       0x080015bd   Thumb Code    62  gyro_tc.o(.text)
    inv_start_gyro_tc                        0x080015fb   Thumb Code    10  gyro_tc.o(.text)
    inv_stop_gyro_tc                         0x08001605   Thumb Code     6  gyro_tc.o(.text)
    inv_enable_gyro_tc                       0x0800160b   Thumb Code    48  gyro_tc.o(.text)
    inv_disable_gyro_tc                      0x0800163b   Thumb Code    40  gyro_tc.o(.text)
    inv_generate_gyro_quaternion             0x08001a05   Thumb Code   260  quaternion_supervisor.o(.text)
    inv_set_quaternion                       0x08001cf7   Thumb Code    38  quaternion_supervisor.o(.text)
    inv_generate_accel_gyro_quaternion       0x08001d1d   Thumb Code   428  quaternion_supervisor.o(.text)
    inv_stop_quaternion                      0x08001f11   Thumb Code     6  quaternion_supervisor.o(.text)
    inv_init_quaternion                      0x08001f17   Thumb Code    34  quaternion_supervisor.o(.text)
    inv_start_quaternion                     0x08001f39   Thumb Code    34  quaternion_supervisor.o(.text)
    inv_enable_quaternion                    0x08001f5b   Thumb Code    24  quaternion_supervisor.o(.text)
    inv_disable_quaternion                   0x08001f73   Thumb Code    20  quaternion_supervisor.o(.text)
    inv_set_magnetic_disturbance             0x08001fb5   Thumb Code    16  mag_disturb.o(.text)
    inv_init_magnetic_disturbance            0x08001fc5   Thumb Code    50  mag_disturb.o(.text)
    MagDisturbSetDisturbance                 0x08001ff7   Thumb Code    98  mag_disturb.o(.text)
    MagDisturbCheckSettling                  0x08002059   Thumb Code    54  mag_disturb.o(.text)
    ComputeAngleVelocity                     0x0800208f   Thumb Code    94  mag_disturb.o(.text)
    inv_disable_dip_tracking                 0x080020ed   Thumb Code    10  mag_disturb.o(.text)
    Mag3ofNormalizedLong                     0x080020f7   Thumb Code    72  mag_disturb.o(.text)
    inv_track_dip_angle                      0x0800213f   Thumb Code   114  mag_disturb.o(.text)
    inv_check_magnetic_disturbance           0x080021b1   Thumb Code   690  mag_disturb.o(.text)
    inv_magnetic_disturbance_process         0x08002463   Thumb Code    50  mag_disturb.o(.text)
    inv_start_magnetic_disturbance           0x08002495   Thumb Code    14  mag_disturb.o(.text)
    inv_stop_magnetic_disturbance            0x080024a3   Thumb Code     8  mag_disturb.o(.text)
    inv_enable_magnetic_disturbance          0x080024ab   Thumb Code    40  mag_disturb.o(.text)
    inv_disable_magnetic_disturbance         0x080024d3   Thumb Code    22  mag_disturb.o(.text)
    inv_enable_dip_tracking                  0x080024e9   Thumb Code    14  mag_disturb.o(.text)
    inv_get_magnetic_disturbance_state       0x080024f7   Thumb Code     8  mag_disturb.o(.text)
    __aeabi_ldivmod                          0x08002505   Thumb Code    98  ldiv.o(.text)
    __aeabi_llsl                             0x08002567   Thumb Code    30  llshl.o(.text)
    _ll_shift_l                              0x08002567   Thumb Code     0  llshl.o(.text)
    __aeabi_llsr                             0x08002585   Thumb Code    32  llushr.o(.text)
    _ll_ushift_r                             0x08002585   Thumb Code     0  llushr.o(.text)
    __aeabi_lasr                             0x080025a5   Thumb Code    36  llsshr.o(.text)
    _ll_sshift_r                             0x080025a5   Thumb Code     0  llsshr.o(.text)
    ___aeabi_memcpy4$move                    0x080025c9   Thumb Code     0  memmovea.o(.text)
    ___aeabi_memcpy8$move                    0x080025c9   Thumb Code     0  memmovea.o(.text)
    __aeabi_memcpy                           0x080025c9   Thumb Code    64  memmovea.o(.text)
    __aeabi_memmove                          0x080025c9   Thumb Code     0  memmovea.o(.text)
    __aeabi_memmove4                         0x080025c9   Thumb Code     0  memmovea.o(.text)
    __aeabi_memmove8                         0x080025c9   Thumb Code     0  memmovea.o(.text)
    __aeabi_memset                           0x08002609   Thumb Code    14  memseta.o(.text)
    __aeabi_memset4                          0x08002609   Thumb Code     0  memseta.o(.text)
    __aeabi_memset8                          0x08002609   Thumb Code     0  memseta.o(.text)
    __aeabi_memclr                           0x08002617   Thumb Code     4  memseta.o(.text)
    __aeabi_memclr4                          0x08002617   Thumb Code     0  memseta.o(.text)
    __aeabi_memclr8                          0x08002617   Thumb Code     0  memseta.o(.text)
    _memset$wrapper                          0x0800261b   Thumb Code    18  memseta.o(.text)
    memcmp                                   0x0800262d   Thumb Code    26  memcmp.o(.text)
    __aeabi_fadd                             0x08002647   Thumb Code   164  fadd.o(.text)
    __aeabi_fsub                             0x080026eb   Thumb Code     6  fadd.o(.text)
    __aeabi_frsub                            0x080026f1   Thumb Code     6  fadd.o(.text)
    __aeabi_fmul                             0x080026f7   Thumb Code   100  fmul.o(.text)
    __aeabi_fdiv                             0x0800275b   Thumb Code   124  fdiv.o(.text)
    __ARM_scalbnf                            0x080027d7   Thumb Code    24  fscalb.o(.text)
    scalbnf                                  0x080027d7   Thumb Code     0  fscalb.o(.text)
    __aeabi_dadd                             0x080027ef   Thumb Code   322  dadd.o(.text)
    __aeabi_dsub                             0x08002931   Thumb Code     6  dadd.o(.text)
    __aeabi_drsub                            0x08002937   Thumb Code     6  dadd.o(.text)
    __aeabi_dmul                             0x0800293d   Thumb Code   228  dmul.o(.text)
    __aeabi_ddiv                             0x08002a21   Thumb Code   222  ddiv.o(.text)
    __ARM_scalbn                             0x08002aff   Thumb Code    46  dscalb.o(.text)
    scalbn                                   0x08002aff   Thumb Code     0  dscalb.o(.text)
    __aeabi_i2f                              0x08002b2d   Thumb Code    18  fflti.o(.text)
    __aeabi_ui2f                             0x08002b3f   Thumb Code    10  ffltui.o(.text)
    __aeabi_l2f                              0x08002b49   Thumb Code    44  ffltl.o(.text)
    __aeabi_i2d                              0x08002b75   Thumb Code    34  dflti.o(.text)
    __aeabi_f2iz                             0x08002b97   Thumb Code    50  ffixi.o(.text)
    __aeabi_f2uiz                            0x08002bc9   Thumb Code    40  ffixui.o(.text)
    __aeabi_f2lz                             0x08002bf1   Thumb Code    66  ffixl.o(.text)
    __aeabi_d2iz                             0x08002c33   Thumb Code    62  dfixi.o(.text)
    __aeabi_f2d                              0x08002c71   Thumb Code    38  f2d.o(.text)
    __aeabi_cdrcmple                         0x08002c99   Thumb Code    48  cdrcmple.o(.text)
    __aeabi_d2f                              0x08002cc9   Thumb Code    56  d2f.o(.text)
    __aeabi_cfcmpeq                          0x08002d01   Thumb Code     0  cfcmple.o(.text)
    __aeabi_cfcmple                          0x08002d01   Thumb Code    20  cfcmple.o(.text)
    __aeabi_cfrcmple                         0x08002d15   Thumb Code    20  cfrcmple.o(.text)
    __aeabi_uidiv                            0x08002d29   Thumb Code     0  uidiv.o(.text)
    __aeabi_uidivmod                         0x08002d29   Thumb Code    44  uidiv.o(.text)
    __aeabi_uldivmod                         0x08002d55   Thumb Code    98  uldiv.o(.text)
    __I$use$fp                               0x08002db7   Thumb Code     0  iusefp.o(.text)
    _float_round                             0x08002db7   Thumb Code    18  fepilogue.o(.text)
    _float_epilogue                          0x08002dc9   Thumb Code    92  fepilogue.o(.text)
    _fsqrt                                   0x08002e25   Thumb Code    94  fsqrt.o(.text)
    _frnd                                    0x08002e83   Thumb Code    60  frnd.o(.text)
    _double_round                            0x08002ebf   Thumb Code    30  depilogue.o(.text)
    _double_epilogue                         0x08002edd   Thumb Code   156  depilogue.o(.text)
    __aeabi_d2ulz                            0x08002f79   Thumb Code    48  dfixul.o(.text)
    __scatterload                            0x08002fa9   Thumb Code    28  init.o(.text)
    __scatterload_rt2                        0x08002fa9   Thumb Code     0  init.o(.text)
    BusFault_Handler                         0x08002fcd   Thumb Code     2  stm32f1xx_it.o(i.BusFault_Handler)
    DEBUG_USART_Config                       0x08002fd1   Thumb Code    30  bsp_usart.o(i.DEBUG_USART_Config)
    DebugMon_Handler                         0x08002ff9   Thumb Code     2  stm32f1xx_it.o(i.DebugMon_Handler)
    EXTI15_10_IRQHandler                     0x08002ffd   Thumb Code    20  stm32f1xx_it.o(i.EXTI15_10_IRQHandler)
    EXTI_MPU_Config                          0x08003015   Thumb Code    68  bsp_mpu_exti.o(i.EXTI_MPU_Config)
    FSMC_NORSRAM_Extended_Timing_Init        0x08003065   Thumb Code    56  stm32f1xx_ll_fsmc.o(i.FSMC_NORSRAM_Extended_Timing_Init)
    FSMC_NORSRAM_Init                        0x080030a1   Thumb Code    98  stm32f1xx_ll_fsmc.o(i.FSMC_NORSRAM_Init)
    FSMC_NORSRAM_Timing_Init                 0x08003109   Thumb Code    64  stm32f1xx_ll_fsmc.o(i.FSMC_NORSRAM_Timing_Init)
    HAL_Delay                                0x0800314d   Thumb Code    32  stm32f1xx_hal.o(i.HAL_Delay)
    HAL_GPIO_Init                            0x08003171   Thumb Code   462  stm32f1xx_hal_gpio.o(i.HAL_GPIO_Init)
    HAL_GetTick                              0x08003369   Thumb Code     6  stm32f1xx_hal.o(i.HAL_GetTick)
    HAL_I2C_DeInit                           0x08003375   Thumb Code    50  stm32f1xx_hal_i2c.o(i.HAL_I2C_DeInit)
    HAL_I2C_GetState                         0x080033a7   Thumb Code     6  stm32f1xx_hal_i2c.o(i.HAL_I2C_GetState)
    HAL_I2C_Init                             0x080033ad   Thumb Code   376  stm32f1xx_hal_i2c.o(i.HAL_I2C_Init)
    HAL_I2C_IsDeviceReady                    0x08003535   Thumb Code   354  stm32f1xx_hal_i2c.o(i.HAL_I2C_IsDeviceReady)
    HAL_I2C_Mem_Read                         0x080036a1   Thumb Code   574  stm32f1xx_hal_i2c.o(i.HAL_I2C_Mem_Read)
    HAL_I2C_Mem_Write                        0x080038f1   Thumb Code   294  stm32f1xx_hal_i2c.o(i.HAL_I2C_Mem_Write)
    HAL_I2C_MspDeInit                        0x08003a21   Thumb Code     2  stm32f1xx_hal_i2c.o(i.HAL_I2C_MspDeInit)
    HAL_I2C_MspInit                          0x08003a23   Thumb Code     2  stm32f1xx_hal_i2c.o(i.HAL_I2C_MspInit)
    HAL_IncTick                              0x08003a25   Thumb Code    12  stm32f1xx_hal.o(i.HAL_IncTick)
    HAL_InitTick                             0x08003a35   Thumb Code    54  stm32f1xx_hal.o(i.HAL_InitTick)
    HAL_NVIC_EnableIRQ                       0x08003a75   Thumb Code    26  stm32f1xx_hal_cortex.o(i.HAL_NVIC_EnableIRQ)
    HAL_NVIC_SetPriority                     0x08003a91   Thumb Code    60  stm32f1xx_hal_cortex.o(i.HAL_NVIC_SetPriority)
    HAL_RCC_ClockConfig                      0x08003ad1   Thumb Code   280  stm32f1xx_hal_rcc.o(i.HAL_RCC_ClockConfig)
    HAL_RCC_GetPCLK1Freq                     0x08003bfd   Thumb Code    20  stm32f1xx_hal_rcc.o(i.HAL_RCC_GetPCLK1Freq)
    HAL_RCC_GetPCLK2Freq                     0x08003c1d   Thumb Code    20  stm32f1xx_hal_rcc.o(i.HAL_RCC_GetPCLK2Freq)
    HAL_RCC_GetSysClockFreq                  0x08003c3d   Thumb Code    58  stm32f1xx_hal_rcc.o(i.HAL_RCC_GetSysClockFreq)
    HAL_RCC_OscConfig                        0x08003c89   Thumb Code   778  stm32f1xx_hal_rcc.o(i.HAL_RCC_OscConfig)
    HAL_SRAM_Init                            0x08003fa9   Thumb Code   100  stm32f1xx_hal_sram.o(i.HAL_SRAM_Init)
    HAL_SRAM_MspInit                         0x0800400d   Thumb Code     2  stm32f1xx_hal_sram.o(i.HAL_SRAM_MspInit)
    HAL_SYSTICK_Config                       0x0800400f   Thumb Code    40  stm32f1xx_hal_cortex.o(i.HAL_SYSTICK_Config)
    HAL_UART_Init                            0x08004037   Thumb Code   100  stm32f1xx_hal_uart.o(i.HAL_UART_Init)
    HAL_UART_MspInit                         0x0800409d   Thumb Code   102  bsp_usart.o(i.HAL_UART_MspInit)
    HAL_UART_Transmit                        0x0800410d   Thumb Code   154  stm32f1xx_hal_uart.o(i.HAL_UART_Transmit)
    HardFault_Handler                        0x080041a7   Thumb Code     2  stm32f1xx_it.o(i.HardFault_Handler)
    I2CMaster_Init                           0x080041a9   Thumb Code   154  bsp_i2c_ee.o(i.I2CMaster_Init)
    ILI9341_BackLed_Control                  0x080046ad   Thumb Code    16  bsp_ili9341_lcd.o(i.ILI9341_BackLed_Control)
    ILI9341_Clear                            0x080046c1   Thumb Code    26  bsp_ili9341_lcd.o(i.ILI9341_Clear)
    ILI9341_DispChar_EN                      0x080046f1   Thumb Code    98  bsp_ili9341_lcd.o(i.ILI9341_DispChar_EN)
    ILI9341_DispString_EN                    0x0800475d   Thumb Code    70  bsp_ili9341_lcd.o(i.ILI9341_DispString_EN)
    ILI9341_GramScan                         0x080048d1   Thumb Code   126  bsp_ili9341_lcd.o(i.ILI9341_GramScan)
    ILI9341_Init                             0x08004959   Thumb Code    36  bsp_ili9341_lcd.o(i.ILI9341_Init)
    ILI9341_OpenWindow                       0x08004981   Thumb Code    58  bsp_ili9341_lcd.o(i.ILI9341_OpenWindow)
    ILI9341_ReadID                           0x08004ca1   Thumb Code    68  bsp_ili9341_lcd.o(i.ILI9341_ReadID)
    ILI9341_Rst                              0x08004ce9   Thumb Code    34  bsp_ili9341_lcd.o(i.ILI9341_Rst)
    LCD_SetColors                            0x08004d11   Thumb Code     8  bsp_ili9341_lcd.o(i.LCD_SetColors)
    LCD_SetFont                              0x08004d1d   Thumb Code     6  bsp_ili9341_lcd.o(i.LCD_SetFont)
    LED_GPIO_Config                          0x08004d29   Thumb Code   114  bsp_led.o(i.LED_GPIO_Config)
    MemManage_Handler                        0x08004da5   Thumb Code     2  stm32f1xx_it.o(i.MemManage_Handler)
    NMI_Handler                              0x08004da7   Thumb Code     2  stm32f1xx_it.o(i.NMI_Handler)
    PendSV_Handler                           0x08004da9   Thumb Code     2  stm32f1xx_it.o(i.PendSV_Handler)
    SVC_Handler                              0x08004dab   Thumb Code     2  stm32f1xx_it.o(i.SVC_Handler)
    Sensors_I2C_ReadRegister                 0x08004dad   Thumb Code    76  bsp_i2c_ee.o(i.Sensors_I2C_ReadRegister)
    Sensors_I2C_WriteRegister                0x08004dfd   Thumb Code    76  bsp_i2c_ee.o(i.Sensors_I2C_WriteRegister)
    SysTick_Handler                          0x08004e4d   Thumb Code     4  stm32f1xx_it.o(i.SysTick_Handler)
    SystemClock_Config                       0x08004e51   Thumb Code    94  main.o(i.SystemClock_Config)
    SystemInit                               0x08004eaf   Thumb Code     2  system_stm32f1xx.o(i.SystemInit)
    UsageFault_Handler                       0x08004fe1   Thumb Code     2  stm32f1xx_it.o(i.UsageFault_Handler)
    _MLPrintLog                              0x08004fe5   Thumb Code   154  log_stm32.o(i._MLPrintLog)
    __0printf                                0x08005085   Thumb Code    22  printfa.o(i.__0printf)
    __1printf                                0x08005085   Thumb Code     0  printfa.o(i.__0printf)
    __2printf                                0x08005085   Thumb Code     0  printfa.o(i.__0printf)
    __c89printf                              0x08005085   Thumb Code     0  printfa.o(i.__0printf)
    printf                                   0x08005085   Thumb Code     0  printfa.o(i.__0printf)
    __0sprintf                               0x080050a5   Thumb Code    34  printfa.o(i.__0sprintf)
    __1sprintf                               0x080050a5   Thumb Code     0  printfa.o(i.__0sprintf)
    __2sprintf                               0x080050a5   Thumb Code     0  printfa.o(i.__0sprintf)
    __c89sprintf                             0x080050a5   Thumb Code     0  printfa.o(i.__0sprintf)
    sprintf                                  0x080050a5   Thumb Code     0  printfa.o(i.__0sprintf)
    __0vsprintf                              0x080050cd   Thumb Code    30  printfa.o(i.__0vsprintf)
    __1vsprintf                              0x080050cd   Thumb Code     0  printfa.o(i.__0vsprintf)
    __2vsprintf                              0x080050cd   Thumb Code     0  printfa.o(i.__0vsprintf)
    __c89vsprintf                            0x080050cd   Thumb Code     0  printfa.o(i.__0vsprintf)
    vsprintf                                 0x080050cd   Thumb Code     0  printfa.o(i.__0vsprintf)
    __ARM_fpclassifyf                        0x080050f1   Thumb Code    38  fpclassifyf.o(i.__ARM_fpclassifyf)
    __mathlib_flt_infnan                     0x08005137   Thumb Code     6  funder.o(i.__mathlib_flt_infnan)
    __mathlib_flt_infnan2                    0x0800513d   Thumb Code     4  funder.o(i.__mathlib_flt_infnan2)
    __mathlib_flt_invalid                    0x08005141   Thumb Code     8  funder.o(i.__mathlib_flt_invalid)
    __mathlib_flt_underflow                  0x08005149   Thumb Code    10  funder.o(i.__mathlib_flt_underflow)
    __mathlib_rredf2                         0x08005155   Thumb Code   344  rredf.o(i.__mathlib_rredf2)
    __scatterload_copy                       0x080052ed   Thumb Code    14  handlers.o(i.__scatterload_copy)
    __scatterload_null                       0x080052fb   Thumb Code     2  handlers.o(i.__scatterload_null)
    __scatterload_zeroinit                   0x080052fd   Thumb Code    14  handlers.o(i.__scatterload_zeroinit)
    __set_errno                              0x0800530d   Thumb Code     6  errno.o(i.__set_errno)
    acosf                                    0x08005c35   Thumb Code   242  acosf.o(i.acosf)
    atan2f                                   0x08005dad   Thumb Code   528  atan2f.o(i.atan2f)
    cosf                                     0x08006009   Thumb Code   328  cosf.o(i.cosf)
    dmp_enable_6x_lp_quat                    0x08006185   Thumb Code    58  inv_mpu_dmp_motion_driver.o(i.dmp_enable_6x_lp_quat)
    dmp_enable_feature                       0x080061c1   Thumb Code   464  inv_mpu_dmp_motion_driver.o(i.dmp_enable_feature)
    dmp_enable_gyro_cal                      0x08006399   Thumb Code    34  inv_mpu_dmp_motion_driver.o(i.dmp_enable_gyro_cal)
    dmp_enable_lp_quat                       0x080063d5   Thumb Code    58  inv_mpu_dmp_motion_driver.o(i.dmp_enable_lp_quat)
    dmp_get_fifo_rate                        0x08006411   Thumb Code    10  inv_mpu_dmp_motion_driver.o(i.dmp_get_fifo_rate)
    dmp_get_pedometer_step_count             0x08006421   Thumb Code    48  inv_mpu_dmp_motion_driver.o(i.dmp_get_pedometer_step_count)
    dmp_get_pedometer_walk_time              0x08006451   Thumb Code    54  inv_mpu_dmp_motion_driver.o(i.dmp_get_pedometer_walk_time)
    dmp_load_motion_driver_firmware          0x08006489   Thumb Code    16  inv_mpu_dmp_motion_driver.o(i.dmp_load_motion_driver_firmware)
    dmp_read_fifo                            0x0800649d   Thumb Code   320  inv_mpu_dmp_motion_driver.o(i.dmp_read_fifo)
    dmp_register_android_orient_cb           0x080065e1   Thumb Code     8  inv_mpu_dmp_motion_driver.o(i.dmp_register_android_orient_cb)
    dmp_register_tap_cb                      0x080065ed   Thumb Code     8  inv_mpu_dmp_motion_driver.o(i.dmp_register_tap_cb)
    dmp_set_fifo_rate                        0x080065f9   Thumb Code    82  inv_mpu_dmp_motion_driver.o(i.dmp_set_fifo_rate)
    dmp_set_interrupt_mode                   0x0800665d   Thumb Code    60  inv_mpu_dmp_motion_driver.o(i.dmp_set_interrupt_mode)
    dmp_set_orientation                      0x080066b1   Thumb Code   246  inv_mpu_dmp_motion_driver.o(i.dmp_set_orientation)
    dmp_set_pedometer_step_count             0x080067bd   Thumb Code    38  inv_mpu_dmp_motion_driver.o(i.dmp_set_pedometer_step_count)
    dmp_set_pedometer_walk_time              0x080067e3   Thumb Code    44  inv_mpu_dmp_motion_driver.o(i.dmp_set_pedometer_walk_time)
    dmp_set_shake_reject_thresh              0x0800680f   Thumb Code    48  inv_mpu_dmp_motion_driver.o(i.dmp_set_shake_reject_thresh)
    dmp_set_shake_reject_time                0x0800683f   Thumb Code    32  inv_mpu_dmp_motion_driver.o(i.dmp_set_shake_reject_time)
    dmp_set_shake_reject_timeout             0x0800685f   Thumb Code    32  inv_mpu_dmp_motion_driver.o(i.dmp_set_shake_reject_timeout)
    dmp_set_tap_axes                         0x0800687f   Thumb Code    64  inv_mpu_dmp_motion_driver.o(i.dmp_set_tap_axes)
    dmp_set_tap_count                        0x080068bf   Thumb Code    34  inv_mpu_dmp_motion_driver.o(i.dmp_set_tap_count)
    dmp_set_tap_thresh                       0x080068e1   Thumb Code   274  inv_mpu_dmp_motion_driver.o(i.dmp_set_tap_thresh)
    dmp_set_tap_time                         0x08006a09   Thumb Code    32  inv_mpu_dmp_motion_driver.o(i.dmp_set_tap_time)
    dmp_set_tap_time_multi                   0x08006a29   Thumb Code    32  inv_mpu_dmp_motion_driver.o(i.dmp_set_tap_time_multi)
    eMPL_send_data                           0x08006a49   Thumb Code   336  log_stm32.o(i.eMPL_send_data)
    eMPL_send_quat                           0x08006b9d   Thumb Code   156  log_stm32.o(i.eMPL_send_quat)
    fputc                                    0x08006c3d   Thumb Code    20  bsp_usart.o(i.fputc)
    get_tick_count                           0x08007015   Thumb Code    14  bsp_i2c_ee.o(i.get_tick_count)
    gyro_data_ready_cb                       0x08007025   Thumb Code     8  main.o(i.gyro_data_ready_cb)
    inv_accel_was_turned_off                 0x08007381   Thumb Code     8  data_builder.o(i.inv_accel_was_turned_off)
    inv_apply_calibration                    0x0800738d   Thumb Code   106  data_builder.o(i.inv_apply_calibration)
    inv_build_accel                          0x080073f9   Thumb Code    96  data_builder.o(i.inv_build_accel)
    inv_build_gyro                           0x08007461   Thumb Code    42  data_builder.o(i.inv_build_gyro)
    inv_build_quat                           0x08007491   Thumb Code    40  data_builder.o(i.inv_build_quat)
    inv_build_temp                           0x080074bd   Thumb Code    24  data_builder.o(i.inv_build_temp)
    inv_compass_angle                        0x080074d9   Thumb Code   146  ml_math_func.o(i.inv_compass_angle)
    inv_compass_was_turned_off               0x0800756d   Thumb Code    10  data_builder.o(i.inv_compass_was_turned_off)
    inv_convert_to_body_with_scale           0x0800757d   Thumb Code    92  ml_math_func.o(i.inv_convert_to_body_with_scale)
    inv_enable_eMPL_outputs                  0x08007629   Thumb Code    20  empl_outputs.o(i.inv_enable_eMPL_outputs)
    inv_enable_results_holder                0x08007645   Thumb Code    22  results_holder.o(i.inv_enable_results_holder)
    inv_execute_mpl_start_notification       0x08007661   Thumb Code    38  start_manager.o(i.inv_execute_mpl_start_notification)
    inv_execute_on_data                      0x0800768d   Thumb Code   120  data_builder.o(i.inv_execute_on_data)
    inv_generate_results                     0x080077b1   Thumb Code    10  results_holder.o(i.inv_generate_results)
    inv_get_6axis_quaternion                 0x080077c1   Thumb Code    14  results_holder.o(i.inv_get_6axis_quaternion)
    inv_get_acc_state                        0x080077d5   Thumb Code     6  results_holder.o(i.inv_get_acc_state)
    inv_get_accel_accuracy                   0x080077e1   Thumb Code     6  data_builder.o(i.inv_get_accel_accuracy)
    inv_get_accel_on                         0x080077ed   Thumb Code    12  data_builder.o(i.inv_get_accel_on)
    inv_get_accel_set                        0x080077fd   Thumb Code    34  data_builder.o(i.inv_get_accel_set)
    inv_get_compass_correction               0x08007825   Thumb Code    20  results_holder.o(i.inv_get_compass_correction)
    inv_get_compass_on                       0x0800783d   Thumb Code    12  data_builder.o(i.inv_get_compass_on)
    inv_get_gravity                          0x0800784d   Thumb Code    80  results_holder.o(i.inv_get_gravity)
    inv_get_gyro                             0x080078a1   Thumb Code    10  data_builder.o(i.inv_get_gyro)
    inv_get_gyro_accuracy                    0x080078b1   Thumb Code     6  data_builder.o(i.inv_get_gyro_accuracy)
    inv_get_gyro_bias                        0x080078bd   Thumb Code    26  data_builder.o(i.inv_get_gyro_bias)
    inv_get_gyro_bias_tc_set                 0x080078e1   Thumb Code    20  data_builder.o(i.inv_get_gyro_bias_tc_set)
    inv_get_gyro_on                          0x080078f9   Thumb Code    10  data_builder.o(i.inv_get_gyro_on)
    inv_get_gyro_set                         0x08007909   Thumb Code    32  data_builder.o(i.inv_get_gyro_set)
    inv_get_gyro_sum_of_sqr                  0x0800792d   Thumb Code    26  ml_math_func.o(i.inv_get_gyro_sum_of_sqr)
    inv_get_last_timestamp                   0x08007949   Thumb Code    66  data_builder.o(i.inv_get_last_timestamp)
    inv_get_linear_accel                     0x08007991   Thumb Code    58  results_holder.o(i.inv_get_linear_accel)
    inv_get_local_field                      0x080079cd   Thumb Code    10  results_holder.o(i.inv_get_local_field)
    inv_get_mag_accuracy                     0x080079dd   Thumb Code    20  data_builder.o(i.inv_get_mag_accuracy)
    inv_get_message_level_0                  0x080079f9   Thumb Code    14  message_layer.o(i.inv_get_message_level_0)
    inv_get_motion_state                     0x08007a0d   Thumb Code    12  results_holder.o(i.inv_get_motion_state)
    inv_get_quaternion                       0x08007a1d   Thumb Code    48  results_holder.o(i.inv_get_quaternion)
    inv_get_quaternion_set                   0x08007a51   Thumb Code    56  results_holder.o(i.inv_get_quaternion_set)
    inv_get_sensor_type_accel                0x08007a89   Thumb Code    22  empl_outputs.o(i.inv_get_sensor_type_accel)
    inv_get_sensor_type_euler                0x08007aa5   Thumb Code   406  empl_outputs.o(i.inv_get_sensor_type_euler)
    inv_get_sensor_type_gravity              0x08007c59   Thumb Code    74  hal_outputs.o(i.inv_get_sensor_type_gravity)
    inv_get_sensor_type_gyro                 0x08007cad   Thumb Code    22  empl_outputs.o(i.inv_get_sensor_type_gyro)
    inv_get_sensor_type_heading              0x08007cc9   Thumb Code   132  empl_outputs.o(i.inv_get_sensor_type_heading)
    inv_get_sensor_type_linear_acceleration  0x08007d5d   Thumb Code    98  hal_outputs.o(i.inv_get_sensor_type_linear_acceleration)
    inv_get_sensor_type_quat                 0x08007dc5   Thumb Code    24  empl_outputs.o(i.inv_get_sensor_type_quat)
    inv_get_sensor_type_rot_mat              0x08007de1   Thumb Code    28  empl_outputs.o(i.inv_get_sensor_type_rot_mat)
    inv_got_compass_bias                     0x08007e01   Thumb Code     6  results_holder.o(i.inv_got_compass_bias)
    inv_gyro_was_turned_off                  0x08007e0d   Thumb Code     8  data_builder.o(i.inv_gyro_was_turned_off)
    inv_init_data_builder                    0x08007e19   Thumb Code    44  data_builder.o(i.inv_init_data_builder)
    inv_init_mpl                             0x08007e55   Thumb Code    94  mpl.o(i.inv_init_mpl)
    inv_init_results_holder                  0x08007ed9   Thumb Code    38  results_holder.o(i.inv_init_results_holder)
    inv_init_start_manager                   0x08007f09   Thumb Code    14  start_manager.o(i.inv_init_start_manager)
    inv_init_storage_manager                 0x08007f1d   Thumb Code    20  storage_manager.o(i.inv_init_storage_manager)
    inv_orientation_matrix_to_scalar         0x08007f35   Thumb Code    34  ml_math_func.o(i.inv_orientation_matrix_to_scalar)
    inv_q29_mult                             0x08007f57   Thumb Code    12  ml_math_func.o(i.inv_q29_mult)
    inv_q30_mult                             0x08007f63   Thumb Code    12  ml_math_func.o(i.inv_q30_mult)
    inv_q_add                                0x08007f81   Thumb Code    36  ml_math_func.o(i.inv_q_add)
    inv_q_addf                               0x08007fa5   Thumb Code    50  ml_math_func.o(i.inv_q_addf)
    inv_q_invert                             0x08007fd7   Thumb Code    24  ml_math_func.o(i.inv_q_invert)
    inv_q_invertf                            0x08007fef   Thumb Code    30  ml_math_func.o(i.inv_q_invertf)
    inv_q_mult                               0x0800800d   Thumb Code   176  ml_math_func.o(i.inv_q_mult)
    inv_q_multf                              0x080080bd   Thumb Code   246  ml_math_func.o(i.inv_q_multf)
    inv_q_norm4                              0x080081b3   Thumb Code   132  ml_math_func.o(i.inv_q_norm4)
    inv_q_normalizef                         0x08008237   Thumb Code   266  ml_math_func.o(i.inv_q_normalizef)
    inv_q_rotate                             0x08008341   Thumb Code    62  ml_math_func.o(i.inv_q_rotate)
    inv_quaternion_sensor_was_turned_off     0x08008381   Thumb Code    10  data_builder.o(i.inv_quaternion_sensor_was_turned_off)
    inv_quaternion_to_rotation               0x08008391   Thumb Code   218  ml_math_func.o(i.inv_quaternion_to_rotation)
    inv_register_data_cb                     0x0800846d   Thumb Code   150  data_builder.o(i.inv_register_data_cb)
    inv_register_load_store                  0x08008511   Thumb Code   102  storage_manager.o(i.inv_register_load_store)
    inv_register_mpl_start_notification      0x0800857d   Thumb Code    28  start_manager.o(i.inv_register_mpl_start_notification)
    inv_reset_compass_soft_iron_matrix       0x0800859d   Thumb Code    64  data_builder.o(i.inv_reset_compass_soft_iron_matrix)
    inv_set_accel_bias                       0x0800862d   Thumb Code    68  data_builder.o(i.inv_set_accel_bias)
    inv_set_accel_orientation_and_scale      0x08008675   Thumb Code     8  data_builder.o(i.inv_set_accel_orientation_and_scale)
    inv_set_accel_sample_rate                0x08008681   Thumb Code    34  data_builder.o(i.inv_set_accel_sample_rate)
    inv_set_compass_bias_found               0x080086ad   Thumb Code     6  results_holder.o(i.inv_set_compass_bias_found)
    inv_set_compass_correction               0x080086b9   Thumb Code    28  results_holder.o(i.inv_set_compass_correction)
    inv_set_compass_disturbance              0x080086d9   Thumb Code     8  data_builder.o(i.inv_set_compass_disturbance)
    inv_set_gyro_bias                        0x08008765   Thumb Code    88  data_builder.o(i.inv_set_gyro_bias)
    inv_set_gyro_orientation_and_scale       0x080087c1   Thumb Code     8  data_builder.o(i.inv_set_gyro_orientation_and_scale)
    inv_set_gyro_sample_rate                 0x080087cd   Thumb Code    30  data_builder.o(i.inv_set_gyro_sample_rate)
    inv_set_message                          0x080087f5   Thumb Code    16  message_layer.o(i.inv_set_message)
    inv_set_motion_state                     0x08008809   Thumb Code    48  results_holder.o(i.inv_set_motion_state)
    inv_set_quat_sample_rate                 0x0800883d   Thumb Code    20  data_builder.o(i.inv_set_quat_sample_rate)
    inv_start_mpl                            0x08008865   Thumb Code    34  mpl.o(i.inv_start_mpl)
    inv_start_results_holder                 0x080088ad   Thumb Code    18  results_holder.o(i.inv_start_results_holder)
    inv_store_gaming_quaternion              0x080088c5   Thumb Code    28  results_holder.o(i.inv_store_gaming_quaternion)
    inv_unregister_data_cb                   0x080088e5   Thumb Code    72  data_builder.o(i.inv_unregister_data_cb)
    inv_unregister_mpl_start_notification    0x08008931   Thumb Code    68  start_manager.o(i.inv_unregister_mpl_start_notification)
    main                                     0x08008979   Thumb Code   828  main.o(i.main)
    mpu_configure_fifo                       0x08008dc5   Thumb Code    78  inv_mpu.o(i.mpu_configure_fifo)
    mpu_get_accel_fsr                        0x08008e19   Thumb Code    54  inv_mpu.o(i.mpu_get_accel_fsr)
    mpu_get_accel_reg                        0x08008e55   Thumb Code    76  inv_mpu.o(i.mpu_get_accel_reg)
    mpu_get_accel_sens                       0x08008ea5   Thumb Code    62  inv_mpu.o(i.mpu_get_accel_sens)
    mpu_get_gyro_fsr                         0x08008ee9   Thumb Code    48  inv_mpu.o(i.mpu_get_gyro_fsr)
    mpu_get_gyro_sens                        0x08008f1d   Thumb Code    44  inv_mpu.o(i.mpu_get_gyro_sens)
    mpu_get_lpf                              0x08008f5d   Thumb Code    52  inv_mpu.o(i.mpu_get_lpf)
    mpu_get_sample_rate                      0x08008f95   Thumb Code    22  inv_mpu.o(i.mpu_get_sample_rate)
    mpu_get_temperature                      0x08008fb1   Thumb Code   114  inv_mpu.o(i.mpu_get_temperature)
    mpu_init                                 0x0800902d   Thumb Code   180  inv_mpu.o(i.mpu_init)
    mpu_load_firmware                        0x080090e5   Thumb Code   154  inv_mpu.o(i.mpu_load_firmware)
    mpu_lp_accel_mode                        0x08009185   Thumb Code   178  inv_mpu.o(i.mpu_lp_accel_mode)
    mpu_lp_motion_interrupt                  0x0800923d   Thumb Code   178  inv_mpu.o(i.mpu_lp_motion_interrupt)
    mpu_read_fifo                            0x080092f5   Thumb Code   346  inv_mpu.o(i.mpu_read_fifo)
    mpu_read_fifo_stream                     0x08009455   Thumb Code   140  inv_mpu.o(i.mpu_read_fifo_stream)
    mpu_read_mem                             0x080094e5   Thumb Code    80  inv_mpu.o(i.mpu_read_mem)
    mpu_reg_dump                             0x08009539   Thumb Code    76  inv_mpu.o(i.mpu_reg_dump)
    mpu_reset_fifo                           0x08009599   Thumb Code   346  inv_mpu.o(i.mpu_reset_fifo)
    mpu_run_self_test                        0x080096f9   Thumb Code   236  inv_mpu.o(i.mpu_run_self_test)
    mpu_set_accel_fsr                        0x080097e9   Thumb Code    98  inv_mpu.o(i.mpu_set_accel_fsr)
    mpu_set_bypass                           0x08009851   Thumb Code   214  inv_mpu.o(i.mpu_set_bypass)
    mpu_set_dmp_state                        0x0800992d   Thumb Code   114  inv_mpu.o(i.mpu_set_dmp_state)
    mpu_set_gyro_fsr                         0x080099a5   Thumb Code   104  inv_mpu.o(i.mpu_set_gyro_fsr)
    mpu_set_int_latched                      0x08009a11   Thumb Code    94  inv_mpu.o(i.mpu_set_int_latched)
    mpu_set_lpf                              0x08009a75   Thumb Code   102  inv_mpu.o(i.mpu_set_lpf)
    mpu_set_sample_rate                      0x08009ae1   Thumb Code   124  inv_mpu.o(i.mpu_set_sample_rate)
    mpu_set_sensors                          0x08009b61   Thumb Code   178  inv_mpu.o(i.mpu_set_sensors)
    mpu_write_mem                            0x08009c19   Thumb Code    80  inv_mpu.o(i.mpu_write_mem)
    sinf                                     0x0800a255   Thumb Code   338  sinf.o(i.sinf)
    sqrtf                                    0x0800a3dd   Thumb Code    44  sqrtf.o(i.sqrtf)
    ASCII8x16_Table                          0x0800a484   Data        1520  fonts.o(.constdata)
    reg                                      0x0800aa86   Data          30  inv_mpu.o(.constdata)
    hw                                       0x0800aaa4   Data          12  inv_mpu.o(.constdata)
    test                                     0x0800aab0   Data          40  inv_mpu.o(.constdata)
    ml_ver                                   0x0800b6ce   Data          20  mpl.o(.constdata)
    AHBPrescTable                            0x0800b6fd   Data          16  system_stm32f1xx.o(.constdata)
    APBPrescTable                            0x0800b70d   Data           8  system_stm32f1xx.o(.constdata)
    Region$$Table$$Base                      0x0800b788   Number         0  anon$$obj.o(Region$$Table)
    Region$$Table$$Limit                     0x0800b7a8   Number         0  anon$$obj.o(Region$$Table)
    mpl_key                                  0x20000000   Data           4  main.o(.data)
    Font8x16                                 0x20000010   Data           8  fonts.o(.data)
    LCD_SCAN_MODE                            0x20000018   Data           1  bsp_ili9341_lcd.o(.data)
    LCD_X_LENGTH                             0x2000001a   Data           2  bsp_ili9341_lcd.o(.data)
    LCD_Y_LENGTH                             0x2000001c   Data           2  bsp_ili9341_lcd.o(.data)
    lcdid                                    0x2000001e   Data           2  bsp_ili9341_lcd.o(.data)
    uwTickFreq                               0x20000028   Data           1  stm32f1xx_hal.o(.data)
    uwTickPrio                               0x2000002c   Data           4  stm32f1xx_hal.o(.data)
    uwTick                                   0x20000030   Data           4  stm32f1xx_hal.o(.data)
    SystemCoreClock                          0x20000064   Data           4  system_stm32f1xx.o(.data)
    __stdout                                 0x20000068   Data           4  stdout.o(.data)
    I2C_Handle                               0x20000094   Data          84  bsp_i2c_ee.o(.bss)
    UartHandle                               0x200000e8   Data          72  bsp_usart.o(.bss)
    sensors                                  0x2000030c   Data         408  data_builder.o(.bss)
    fnm                                      0x200007e0   Data         608  fast_no_motion.o(.bss)
    s9axis                                   0x20000a80   Data         312  fusion_9axis.o(.bss)
    mag_disturb                              0x20000de8   Data         184  mag_disturb.o(.bss)
    __initial_sp                             0x200012a0   Data           0  startup_stm32f103xe.o(STACK)



==============================================================================

Memory Map of the image

  Image Entry point : 0x08000131

  Load Region LR_IROM1 (Base: 0x08000000, Size: 0x0000b818, Max: 0x00080000, ABSOLUTE)

    Execution Region ER_IROM1 (Base: 0x08000000, Size: 0x0000b7a8, Max: 0x00080000, ABSOLUTE)

    Base Addr    Size         Type   Attr      Idx    E Section Name        Object

    0x08000000   0x00000130   Data   RO            3    RESET               startup_stm32f103xe.o
    0x08000130   0x00000000   Code   RO         6007  * .ARM.Collect$$$$00000000  mc_w.l(entry.o)
    0x08000130   0x00000004   Code   RO         6387    .ARM.Collect$$$$00000001  mc_w.l(entry2.o)
    0x08000134   0x00000004   Code   RO         6390    .ARM.Collect$$$$00000004  mc_w.l(entry5.o)
    0x08000138   0x00000000   Code   RO         6392    .ARM.Collect$$$$00000008  mc_w.l(entry7b.o)
    0x08000138   0x00000000   Code   RO         6394    .ARM.Collect$$$$0000000A  mc_w.l(entry8b.o)
    0x08000138   0x00000008   Code   RO         6395    .ARM.Collect$$$$0000000B  mc_w.l(entry9a.o)
    0x08000140   0x00000000   Code   RO         6397    .ARM.Collect$$$$0000000D  mc_w.l(entry10a.o)
    0x08000140   0x00000000   Code   RO         6399    .ARM.Collect$$$$0000000F  mc_w.l(entry11a.o)
    0x08000140   0x00000004   Code   RO         6388    .ARM.Collect$$$$00002712  mc_w.l(entry2.o)
    0x08000144   0x00000024   Code   RO            4    .text               startup_stm32f103xe.o
    0x08000168   0x000009f4   Code   RO         5692    .text               libmpllib.lib(fast_no_motion.o)
    0x08000b5c   0x0000065c   Code   RO         5783    .text               libmpllib.lib(fusion_9axis.o)
    0x080011b8   0x000004bc   Code   RO         5808    .text               libmpllib.lib(gyro_tc.o)
    0x08001674   0x00000940   Code   RO         5829    .text               libmpllib.lib(quaternion_supervisor.o)
    0x08001fb4   0x00000550   Code   RO         5847    .text               libmpllib.lib(mag_disturb.o)
    0x08002504   0x00000062   Code   RO         6010    .text               mc_w.l(ldiv.o)
    0x08002566   0x0000001e   Code   RO         6012    .text               mc_w.l(llshl.o)
    0x08002584   0x00000020   Code   RO         6014    .text               mc_w.l(llushr.o)
    0x080025a4   0x00000024   Code   RO         6016    .text               mc_w.l(llsshr.o)
    0x080025c8   0x00000040   Code   RO         6020    .text               mc_w.l(memmovea.o)
    0x08002608   0x00000024   Code   RO         6022    .text               mc_w.l(memseta.o)
    0x0800262c   0x0000001a   Code   RO         6024    .text               mc_w.l(memcmp.o)
    0x08002646   0x000000b0   Code   RO         6291    .text               mf_w.l(fadd.o)
    0x080026f6   0x00000064   Code   RO         6293    .text               mf_w.l(fmul.o)
    0x0800275a   0x0000007c   Code   RO         6295    .text               mf_w.l(fdiv.o)
    0x080027d6   0x00000018   Code   RO         6297    .text               mf_w.l(fscalb.o)
    0x080027ee   0x0000014e   Code   RO         6299    .text               mf_w.l(dadd.o)
    0x0800293c   0x000000e4   Code   RO         6301    .text               mf_w.l(dmul.o)
    0x08002a20   0x000000de   Code   RO         6303    .text               mf_w.l(ddiv.o)
    0x08002afe   0x0000002e   Code   RO         6305    .text               mf_w.l(dscalb.o)
    0x08002b2c   0x00000012   Code   RO         6307    .text               mf_w.l(fflti.o)
    0x08002b3e   0x0000000a   Code   RO         6309    .text               mf_w.l(ffltui.o)
    0x08002b48   0x0000002c   Code   RO         6311    .text               mf_w.l(ffltl.o)
    0x08002b74   0x00000022   Code   RO         6313    .text               mf_w.l(dflti.o)
    0x08002b96   0x00000032   Code   RO         6315    .text               mf_w.l(ffixi.o)
    0x08002bc8   0x00000028   Code   RO         6317    .text               mf_w.l(ffixui.o)
    0x08002bf0   0x00000042   Code   RO         6319    .text               mf_w.l(ffixl.o)
    0x08002c32   0x0000003e   Code   RO         6321    .text               mf_w.l(dfixi.o)
    0x08002c70   0x00000026   Code   RO         6323    .text               mf_w.l(f2d.o)
    0x08002c96   0x00000002   PAD
    0x08002c98   0x00000030   Code   RO         6327    .text               mf_w.l(cdrcmple.o)
    0x08002cc8   0x00000038   Code   RO         6329    .text               mf_w.l(d2f.o)
    0x08002d00   0x00000014   Code   RO         6331    .text               mf_w.l(cfcmple.o)
    0x08002d14   0x00000014   Code   RO         6333    .text               mf_w.l(cfrcmple.o)
    0x08002d28   0x0000002c   Code   RO         6402    .text               mc_w.l(uidiv.o)
    0x08002d54   0x00000062   Code   RO         6404    .text               mc_w.l(uldiv.o)
    0x08002db6   0x00000000   Code   RO         6413    .text               mc_w.l(iusefp.o)
    0x08002db6   0x0000006e   Code   RO         6414    .text               mf_w.l(fepilogue.o)
    0x08002e24   0x0000005e   Code   RO         6416    .text               mf_w.l(fsqrt.o)
    0x08002e82   0x0000003c   Code   RO         6418    .text               mf_w.l(frnd.o)
    0x08002ebe   0x000000ba   Code   RO         6420    .text               mf_w.l(depilogue.o)
    0x08002f78   0x00000030   Code   RO         6424    .text               mf_w.l(dfixul.o)
    0x08002fa8   0x00000024   Code   RO         6426    .text               mc_w.l(init.o)
    0x08002fcc   0x00000002   Code   RO          380    i.BusFault_Handler  stm32f1xx_it.o
    0x08002fce   0x00000002   PAD
    0x08002fd0   0x00000028   Code   RO          542    i.DEBUG_USART_Config  bsp_usart.o
    0x08002ff8   0x00000002   Code   RO          381    i.DebugMon_Handler  stm32f1xx_it.o
    0x08002ffa   0x00000002   PAD
    0x08002ffc   0x00000018   Code   RO          382    i.EXTI15_10_IRQHandler  stm32f1xx_it.o
    0x08003014   0x00000050   Code   RO         1038    i.EXTI_MPU_Config   bsp_mpu_exti.o
    0x08003064   0x0000003c   Code   RO         3310    i.FSMC_NORSRAM_Extended_Timing_Init  stm32f1xx_ll_fsmc.o
    0x080030a0   0x00000068   Code   RO         3311    i.FSMC_NORSRAM_Init  stm32f1xx_ll_fsmc.o
    0x08003108   0x00000044   Code   RO         3312    i.FSMC_NORSRAM_Timing_Init  stm32f1xx_ll_fsmc.o
    0x0800314c   0x00000024   Code   RO         1542    i.HAL_Delay         stm32f1xx_hal.o
    0x08003170   0x000001f8   Code   RO         1852    i.HAL_GPIO_Init     stm32f1xx_hal_gpio.o
    0x08003368   0x0000000c   Code   RO         1546    i.HAL_GetTick       stm32f1xx_hal.o
    0x08003374   0x00000032   Code   RO         1100    i.HAL_I2C_DeInit    stm32f1xx_hal_i2c.o
    0x080033a6   0x00000006   Code   RO         1108    i.HAL_I2C_GetState  stm32f1xx_hal_i2c.o
    0x080033ac   0x00000188   Code   RO         1109    i.HAL_I2C_Init      stm32f1xx_hal_i2c.o
    0x08003534   0x0000016c   Code   RO         1110    i.HAL_I2C_IsDeviceReady  stm32f1xx_hal_i2c.o
    0x080036a0   0x00000250   Code   RO         1127    i.HAL_I2C_Mem_Read  stm32f1xx_hal_i2c.o
    0x080038f0   0x00000130   Code   RO         1130    i.HAL_I2C_Mem_Write  stm32f1xx_hal_i2c.o
    0x08003a20   0x00000002   Code   RO         1133    i.HAL_I2C_MspDeInit  stm32f1xx_hal_i2c.o
    0x08003a22   0x00000002   Code   RO         1134    i.HAL_I2C_MspInit   stm32f1xx_hal_i2c.o
    0x08003a24   0x00000010   Code   RO         1552    i.HAL_IncTick       stm32f1xx_hal.o
    0x08003a34   0x00000040   Code   RO         1554    i.HAL_InitTick      stm32f1xx_hal.o
    0x08003a74   0x0000001a   Code   RO         2012    i.HAL_NVIC_EnableIRQ  stm32f1xx_hal_cortex.o
    0x08003a8e   0x00000002   PAD
    0x08003a90   0x00000040   Code   RO         2018    i.HAL_NVIC_SetPriority  stm32f1xx_hal_cortex.o
    0x08003ad0   0x0000012c   Code   RO         1710    i.HAL_RCC_ClockConfig  stm32f1xx_hal_rcc.o
    0x08003bfc   0x00000020   Code   RO         1717    i.HAL_RCC_GetPCLK1Freq  stm32f1xx_hal_rcc.o
    0x08003c1c   0x00000020   Code   RO         1718    i.HAL_RCC_GetPCLK2Freq  stm32f1xx_hal_rcc.o
    0x08003c3c   0x0000004c   Code   RO         1719    i.HAL_RCC_GetSysClockFreq  stm32f1xx_hal_rcc.o
    0x08003c88   0x00000320   Code   RO         1722    i.HAL_RCC_OscConfig  stm32f1xx_hal_rcc.o
    0x08003fa8   0x00000064   Code   RO         3171    i.HAL_SRAM_Init     stm32f1xx_hal_sram.o
    0x0800400c   0x00000002   Code   RO         3173    i.HAL_SRAM_MspInit  stm32f1xx_hal_sram.o
    0x0800400e   0x00000028   Code   RO         2023    i.HAL_SYSTICK_Config  stm32f1xx_hal_cortex.o
    0x08004036   0x00000064   Code   RO         2578    i.HAL_UART_Init     stm32f1xx_hal_uart.o
    0x0800409a   0x00000002   PAD
    0x0800409c   0x00000070   Code   RO          543    i.HAL_UART_MspInit  bsp_usart.o
    0x0800410c   0x0000009a   Code   RO         2586    i.HAL_UART_Transmit  stm32f1xx_hal_uart.o
    0x080041a6   0x00000002   Code   RO          383    i.HardFault_Handler  stm32f1xx_it.o
    0x080041a8   0x000000b0   Code   RO          489    i.I2CMaster_Init    bsp_i2c_ee.o
    0x08004258   0x0000002e   Code   RO         1152    i.I2C_IsAcknowledgeFailed  stm32f1xx_hal_i2c.o
    0x08004286   0x00000002   PAD
    0x08004288   0x000000fc   Code   RO         1162    i.I2C_RequestMemoryRead  stm32f1xx_hal_i2c.o
    0x08004384   0x000000a8   Code   RO         1163    i.I2C_RequestMemoryWrite  stm32f1xx_hal_i2c.o
    0x0800442c   0x00000056   Code   RO         1167    i.I2C_WaitOnBTFFlagUntilTimeout  stm32f1xx_hal_i2c.o
    0x08004482   0x00000002   PAD
    0x08004484   0x00000090   Code   RO         1168    i.I2C_WaitOnFlagUntilTimeout  stm32f1xx_hal_i2c.o
    0x08004514   0x000000bc   Code   RO         1169    i.I2C_WaitOnMasterAddressFlagUntilTimeout  stm32f1xx_hal_i2c.o
    0x080045d0   0x00000070   Code   RO         1170    i.I2C_WaitOnRXNEFlagUntilTimeout  stm32f1xx_hal_i2c.o
    0x08004640   0x00000056   Code   RO         1171    i.I2C_WaitOnTXEFlagUntilTimeout  stm32f1xx_hal_i2c.o
    0x08004696   0x00000002   PAD
    0x08004698   0x00000014   Code   RO          490    i.I2Cx_Error        bsp_i2c_ee.o
    0x080046ac   0x00000014   Code   RO          655    i.ILI9341_BackLed_Control  bsp_ili9341_lcd.o
    0x080046c0   0x00000020   Code   RO          656    i.ILI9341_Clear     bsp_ili9341_lcd.o
    0x080046e0   0x00000010   Code   RO          657    i.ILI9341_Delay     bsp_ili9341_lcd.o
    0x080046f0   0x0000006c   Code   RO          658    i.ILI9341_DispChar_EN  bsp_ili9341_lcd.o
    0x0800475c   0x0000004c   Code   RO          660    i.ILI9341_DispString_EN  bsp_ili9341_lcd.o
    0x080047a8   0x00000060   Code   RO          665    i.ILI9341_FSMC_Config  bsp_ili9341_lcd.o
    0x08004808   0x0000001c   Code   RO          666    i.ILI9341_FillColor  bsp_ili9341_lcd.o
    0x08004824   0x000000ac   Code   RO          667    i.ILI9341_GPIO_Config  bsp_ili9341_lcd.o
    0x080048d0   0x00000088   Code   RO          669    i.ILI9341_GramScan  bsp_ili9341_lcd.o
    0x08004958   0x00000028   Code   RO          670    i.ILI9341_Init      bsp_ili9341_lcd.o
    0x08004980   0x00000040   Code   RO          671    i.ILI9341_OpenWindow  bsp_ili9341_lcd.o
    0x080049c0   0x000002e0   Code   RO          672    i.ILI9341_REG_Config  bsp_ili9341_lcd.o
    0x08004ca0   0x00000048   Code   RO          673    i.ILI9341_ReadID    bsp_ili9341_lcd.o
    0x08004ce8   0x00000028   Code   RO          674    i.ILI9341_Rst       bsp_ili9341_lcd.o
    0x08004d10   0x0000000c   Code   RO          681    i.LCD_SetColors     bsp_ili9341_lcd.o
    0x08004d1c   0x0000000c   Code   RO          682    i.LCD_SetFont       bsp_ili9341_lcd.o
    0x08004d28   0x0000007c   Code   RO          602    i.LED_GPIO_Config   bsp_led.o
    0x08004da4   0x00000002   Code   RO          384    i.MemManage_Handler  stm32f1xx_it.o
    0x08004da6   0x00000002   Code   RO          385    i.NMI_Handler       stm32f1xx_it.o
    0x08004da8   0x00000002   Code   RO          386    i.PendSV_Handler    stm32f1xx_it.o
    0x08004daa   0x00000002   Code   RO          387    i.SVC_Handler       stm32f1xx_it.o
    0x08004dac   0x00000050   Code   RO          491    i.Sensors_I2C_ReadRegister  bsp_i2c_ee.o
    0x08004dfc   0x00000050   Code   RO          492    i.Sensors_I2C_WriteRegister  bsp_i2c_ee.o
    0x08004e4c   0x00000004   Code   RO          388    i.SysTick_Handler   stm32f1xx_it.o
    0x08004e50   0x0000005e   Code   RO           14    i.SystemClock_Config  main.o
    0x08004eae   0x00000002   Code   RO         5658    i.SystemInit        system_stm32f1xx.o
    0x08004eb0   0x000000b8   Code   RO         2604    i.UART_SetConfig    stm32f1xx_hal_uart.o
    0x08004f68   0x00000078   Code   RO         2607    i.UART_WaitOnFlagUntilTimeout  stm32f1xx_hal_uart.o
    0x08004fe0   0x00000002   Code   RO          389    i.UsageFault_Handler  stm32f1xx_it.o
    0x08004fe2   0x00000002   PAD
    0x08004fe4   0x000000a0   Code   RO         4270    i._MLPrintLog       log_stm32.o
    0x08005084   0x00000020   Code   RO         6263    i.__0printf         mc_w.l(printfa.o)
    0x080050a4   0x00000028   Code   RO         6265    i.__0sprintf        mc_w.l(printfa.o)
    0x080050cc   0x00000024   Code   RO         6269    i.__0vsprintf       mc_w.l(printfa.o)
    0x080050f0   0x00000026   Code   RO         6354    i.__ARM_fpclassifyf  m_ws.l(fpclassifyf.o)
    0x08005116   0x00000020   Code   RO         2025    i.__NVIC_SetPriority  stm32f1xx_hal_cortex.o
    0x08005136   0x00000006   Code   RO         6357    i.__mathlib_flt_infnan  m_ws.l(funder.o)
    0x0800513c   0x00000004   Code   RO         6358    i.__mathlib_flt_infnan2  m_ws.l(funder.o)
    0x08005140   0x00000008   Code   RO         6359    i.__mathlib_flt_invalid  m_ws.l(funder.o)
    0x08005148   0x0000000a   Code   RO         6362    i.__mathlib_flt_underflow  m_ws.l(funder.o)
    0x08005152   0x00000002   PAD
    0x08005154   0x00000168   Code   RO         6378    i.__mathlib_rredf2  m_ws.l(rredf.o)
    0x080052bc   0x00000030   Code   RO         5314    i.__print_result_location  mpl.o
    0x080052ec   0x0000000e   Code   RO         6432    i.__scatterload_copy  mc_w.l(handlers.o)
    0x080052fa   0x00000002   Code   RO         6433    i.__scatterload_null  mc_w.l(handlers.o)
    0x080052fc   0x0000000e   Code   RO         6434    i.__scatterload_zeroinit  mc_w.l(handlers.o)
    0x0800530a   0x00000002   PAD
    0x0800530c   0x0000000c   Code   RO         6408    i.__set_errno       mc_w.l(errno.o)
    0x08005318   0x00000164   Code   RO         6270    i._fp_digits        mc_w.l(printfa.o)
    0x0800547c   0x000006dc   Code   RO         6271    i._printf_core      mc_w.l(printfa.o)
    0x08005b58   0x00000024   Code   RO         6272    i._printf_post_padding  mc_w.l(printfa.o)
    0x08005b7c   0x0000002e   Code   RO         6273    i._printf_pre_padding  mc_w.l(printfa.o)
    0x08005baa   0x0000000a   Code   RO         6275    i._sputc            mc_w.l(printfa.o)
    0x08005bb4   0x00000080   Code   RO         3750    i.accel_self_test   inv_mpu.o
    0x08005c34   0x0000011c   Code   RO         5880    i.acosf             m_ws.l(acosf.o)
    0x08005d50   0x0000005c   Code   RO           15    i.android_orient_cb  main.o
    0x08005dac   0x0000025c   Code   RO         5924    i.atan2f            m_ws.l(atan2f.o)
    0x08006008   0x0000017c   Code   RO         5944    i.cosf              m_ws.l(cosf.o)
    0x08006184   0x0000003a   Code   RO         4081    i.dmp_enable_6x_lp_quat  inv_mpu_dmp_motion_driver.o
    0x080061be   0x00000002   PAD
    0x080061c0   0x000001d8   Code   RO         4082    i.dmp_enable_feature  inv_mpu_dmp_motion_driver.o
    0x08006398   0x0000003c   Code   RO         4083    i.dmp_enable_gyro_cal  inv_mpu_dmp_motion_driver.o
    0x080063d4   0x0000003a   Code   RO         4084    i.dmp_enable_lp_quat  inv_mpu_dmp_motion_driver.o
    0x0800640e   0x00000002   PAD
    0x08006410   0x00000010   Code   RO         4086    i.dmp_get_fifo_rate  inv_mpu_dmp_motion_driver.o
    0x08006420   0x00000030   Code   RO         4087    i.dmp_get_pedometer_step_count  inv_mpu_dmp_motion_driver.o
    0x08006450   0x00000036   Code   RO         4088    i.dmp_get_pedometer_walk_time  inv_mpu_dmp_motion_driver.o
    0x08006486   0x00000002   PAD
    0x08006488   0x00000014   Code   RO         4089    i.dmp_load_motion_driver_firmware  inv_mpu_dmp_motion_driver.o
    0x0800649c   0x00000144   Code   RO         4090    i.dmp_read_fifo     inv_mpu_dmp_motion_driver.o
    0x080065e0   0x0000000c   Code   RO         4091    i.dmp_register_android_orient_cb  inv_mpu_dmp_motion_driver.o
    0x080065ec   0x0000000c   Code   RO         4092    i.dmp_register_tap_cb  inv_mpu_dmp_motion_driver.o
    0x080065f8   0x00000064   Code   RO         4094    i.dmp_set_fifo_rate  inv_mpu_dmp_motion_driver.o
    0x0800665c   0x00000054   Code   RO         4096    i.dmp_set_interrupt_mode  inv_mpu_dmp_motion_driver.o
    0x080066b0   0x0000010c   Code   RO         4097    i.dmp_set_orientation  inv_mpu_dmp_motion_driver.o
    0x080067bc   0x00000026   Code   RO         4098    i.dmp_set_pedometer_step_count  inv_mpu_dmp_motion_driver.o
    0x080067e2   0x0000002c   Code   RO         4099    i.dmp_set_pedometer_walk_time  inv_mpu_dmp_motion_driver.o
    0x0800680e   0x00000030   Code   RO         4100    i.dmp_set_shake_reject_thresh  inv_mpu_dmp_motion_driver.o
    0x0800683e   0x00000020   Code   RO         4101    i.dmp_set_shake_reject_time  inv_mpu_dmp_motion_driver.o
    0x0800685e   0x00000020   Code   RO         4102    i.dmp_set_shake_reject_timeout  inv_mpu_dmp_motion_driver.o
    0x0800687e   0x00000040   Code   RO         4103    i.dmp_set_tap_axes  inv_mpu_dmp_motion_driver.o
    0x080068be   0x00000022   Code   RO         4104    i.dmp_set_tap_count  inv_mpu_dmp_motion_driver.o
    0x080068e0   0x00000128   Code   RO         4105    i.dmp_set_tap_thresh  inv_mpu_dmp_motion_driver.o
    0x08006a08   0x00000020   Code   RO         4106    i.dmp_set_tap_time  inv_mpu_dmp_motion_driver.o
    0x08006a28   0x00000020   Code   RO         4107    i.dmp_set_tap_time_multi  inv_mpu_dmp_motion_driver.o
    0x08006a48   0x00000154   Code   RO         4271    i.eMPL_send_data    log_stm32.o
    0x08006b9c   0x000000a0   Code   RO         4272    i.eMPL_send_quat    log_stm32.o
    0x08006c3c   0x00000018   Code   RO          547    i.fputc             bsp_usart.o
    0x08006c54   0x000000ac   Code   RO         3751    i.get_accel_prod_shift  inv_mpu.o
    0x08006d00   0x00000314   Code   RO         3752    i.get_st_biases     inv_mpu.o
    0x08007014   0x0000000e   Code   RO          493    i.get_tick_count    bsp_i2c_ee.o
    0x08007022   0x00000002   PAD
    0x08007024   0x0000000c   Code   RO           16    i.gyro_data_ready_cb  main.o
    0x08007030   0x000000d4   Code   RO         3753    i.gyro_self_test    inv_mpu.o
    0x08007104   0x0000027c   Code   RO           17    i.handle_input      main.o
    0x08007380   0x0000000c   Code   RO         4384    i.inv_accel_was_turned_off  data_builder.o
    0x0800738c   0x0000006a   Code   RO         4385    i.inv_apply_calibration  data_builder.o
    0x080073f6   0x00000002   PAD
    0x080073f8   0x00000068   Code   RO         4386    i.inv_build_accel   data_builder.o
    0x08007460   0x00000030   Code   RO         4388    i.inv_build_gyro    data_builder.o
    0x08007490   0x0000002c   Code   RO         4389    i.inv_build_quat    data_builder.o
    0x080074bc   0x0000001c   Code   RO         4390    i.inv_build_temp    data_builder.o
    0x080074d8   0x00000092   Code   RO         4960    i.inv_compass_angle  ml_math_func.o
    0x0800756a   0x00000002   PAD
    0x0800756c   0x00000010   Code   RO         4391    i.inv_compass_was_turned_off  data_builder.o
    0x0800757c   0x0000005c   Code   RO         4962    i.inv_convert_to_body_with_scale  ml_math_func.o
    0x080075d8   0x0000003c   Code   RO         4392    i.inv_db_load_func  data_builder.o
    0x08007614   0x00000014   Code   RO         4393    i.inv_db_save_func  data_builder.o
    0x08007628   0x0000001c   Code   RO         4310    i.inv_enable_eMPL_outputs  empl_outputs.o
    0x08007644   0x0000001c   Code   RO         5349    i.inv_enable_results_holder  results_holder.o
    0x08007660   0x0000002c   Code   RO         5584    i.inv_execute_mpl_start_notification  start_manager.o
    0x0800768c   0x00000080   Code   RO         4396    i.inv_execute_on_data  data_builder.o
    0x0800770c   0x000000a4   Code   RO         4311    i.inv_generate_eMPL_outputs  empl_outputs.o
    0x080077b0   0x00000010   Code   RO         5350    i.inv_generate_results  results_holder.o
    0x080077c0   0x00000014   Code   RO         5351    i.inv_get_6axis_quaternion  results_holder.o
    0x080077d4   0x0000000c   Code   RO         5352    i.inv_get_acc_state  results_holder.o
    0x080077e0   0x0000000c   Code   RO         4397    i.inv_get_accel_accuracy  data_builder.o
    0x080077ec   0x00000010   Code   RO         4399    i.inv_get_accel_on  data_builder.o
    0x080077fc   0x00000028   Code   RO         4403    i.inv_get_accel_set  data_builder.o
    0x08007824   0x00000018   Code   RO         5356    i.inv_get_compass_correction  results_holder.o
    0x0800783c   0x00000010   Code   RO         4406    i.inv_get_compass_on  data_builder.o
    0x0800784c   0x00000054   Code   RO         5358    i.inv_get_gravity   results_holder.o
    0x080078a0   0x00000010   Code   RO         4414    i.inv_get_gyro      data_builder.o
    0x080078b0   0x0000000c   Code   RO         4415    i.inv_get_gyro_accuracy  data_builder.o
    0x080078bc   0x00000024   Code   RO         4416    i.inv_get_gyro_bias  data_builder.o
    0x080078e0   0x00000018   Code   RO         4417    i.inv_get_gyro_bias_tc_set  data_builder.o
    0x080078f8   0x00000010   Code   RO         4418    i.inv_get_gyro_on   data_builder.o
    0x08007908   0x00000024   Code   RO         4422    i.inv_get_gyro_set  data_builder.o
    0x0800792c   0x0000001a   Code   RO         4966    i.inv_get_gyro_sum_of_sqr  ml_math_func.o
    0x08007946   0x00000002   PAD
    0x08007948   0x00000048   Code   RO         4424    i.inv_get_last_timestamp  data_builder.o
    0x08007990   0x0000003a   Code   RO         5362    i.inv_get_linear_accel  results_holder.o
    0x080079ca   0x00000002   PAD
    0x080079cc   0x00000010   Code   RO         5364    i.inv_get_local_field  results_holder.o
    0x080079dc   0x0000001c   Code   RO         4425    i.inv_get_mag_accuracy  data_builder.o
    0x080079f8   0x00000014   Code   RO         4934    i.inv_get_message_level_0  message_layer.o
    0x08007a0c   0x00000010   Code   RO         5366    i.inv_get_motion_state  results_holder.o
    0x08007a1c   0x00000034   Code   RO         5367    i.inv_get_quaternion  results_holder.o
    0x08007a50   0x00000038   Code   RO         5369    i.inv_get_quaternion_set  results_holder.o
    0x08007a88   0x0000001c   Code   RO         4312    i.inv_get_sensor_type_accel  empl_outputs.o
    0x08007aa4   0x000001b4   Code   RO         4314    i.inv_get_sensor_type_euler  empl_outputs.o
    0x08007c58   0x00000054   Code   RO         4836    i.inv_get_sensor_type_gravity  hal_outputs.o
    0x08007cac   0x0000001c   Code   RO         4315    i.inv_get_sensor_type_gyro  empl_outputs.o
    0x08007cc8   0x00000094   Code   RO         4316    i.inv_get_sensor_type_heading  empl_outputs.o
    0x08007d5c   0x00000068   Code   RO         4839    i.inv_get_sensor_type_linear_acceleration  hal_outputs.o
    0x08007dc4   0x0000001c   Code   RO         4317    i.inv_get_sensor_type_quat  empl_outputs.o
    0x08007de0   0x00000020   Code   RO         4318    i.inv_get_sensor_type_rot_mat  empl_outputs.o
    0x08007e00   0x0000000c   Code   RO         5371    i.inv_got_compass_bias  results_holder.o
    0x08007e0c   0x0000000c   Code   RO         4427    i.inv_gyro_was_turned_off  data_builder.o
    0x08007e18   0x0000003c   Code   RO         4428    i.inv_init_data_builder  data_builder.o
    0x08007e54   0x00000084   Code   RO         5316    i.inv_init_mpl      mpl.o
    0x08007ed8   0x00000030   Code   RO         5372    i.inv_init_results_holder  results_holder.o
    0x08007f08   0x00000014   Code   RO         5585    i.inv_init_start_manager  start_manager.o
    0x08007f1c   0x00000018   Code   RO         5617    i.inv_init_storage_manager  storage_manager.o
    0x08007f34   0x00000022   Code   RO         4975    i.inv_orientation_matrix_to_scalar  ml_math_func.o
    0x08007f56   0x0000000c   Code   RO         4976    i.inv_q29_mult      ml_math_func.o
    0x08007f62   0x0000000c   Code   RO         4978    i.inv_q30_mult      ml_math_func.o
    0x08007f6e   0x00000012   Code   RO         4980    i.inv_q30_to_float  ml_math_func.o
    0x08007f80   0x00000024   Code   RO         4981    i.inv_q_add         ml_math_func.o
    0x08007fa4   0x00000032   Code   RO         4982    i.inv_q_addf        ml_math_func.o
    0x08007fd6   0x00000018   Code   RO         4983    i.inv_q_invert      ml_math_func.o
    0x08007fee   0x0000001e   Code   RO         4984    i.inv_q_invertf     ml_math_func.o
    0x0800800c   0x000000b0   Code   RO         4985    i.inv_q_mult        ml_math_func.o
    0x080080bc   0x000000f6   Code   RO         4986    i.inv_q_multf       ml_math_func.o
    0x080081b2   0x00000084   Code   RO         4987    i.inv_q_norm4       ml_math_func.o
    0x08008236   0x0000010a   Code   RO         4989    i.inv_q_normalizef  ml_math_func.o
    0x08008340   0x0000003e   Code   RO         4990    i.inv_q_rotate      ml_math_func.o
    0x0800837e   0x00000002   PAD
    0x08008380   0x00000010   Code   RO         4430    i.inv_quaternion_sensor_was_turned_off  data_builder.o
    0x08008390   0x000000da   Code   RO         4992    i.inv_quaternion_to_rotation  ml_math_func.o
    0x0800846a   0x00000002   PAD
    0x0800846c   0x000000a4   Code   RO         4431    i.inv_register_data_cb  data_builder.o
    0x08008510   0x0000006c   Code   RO         5619    i.inv_register_load_store  storage_manager.o
    0x0800857c   0x00000020   Code   RO         5586    i.inv_register_mpl_start_notification  start_manager.o
    0x0800859c   0x00000048   Code   RO         4432    i.inv_reset_compass_soft_iron_matrix  data_builder.o
    0x080085e4   0x00000048   Code   RO         4994    i.inv_row_2_scale   ml_math_func.o
    0x0800862c   0x00000048   Code   RO         4435    i.inv_set_accel_bias  data_builder.o
    0x08008674   0x0000000c   Code   RO         4437    i.inv_set_accel_orientation_and_scale  data_builder.o
    0x08008680   0x0000002c   Code   RO         4438    i.inv_set_accel_sample_rate  data_builder.o
    0x080086ac   0x0000000c   Code   RO         5377    i.inv_set_compass_bias_found  results_holder.o
    0x080086b8   0x00000020   Code   RO         5378    i.inv_set_compass_correction  results_holder.o
    0x080086d8   0x0000000c   Code   RO         4441    i.inv_set_compass_disturbance  data_builder.o
    0x080086e4   0x00000080   Code   RO         4447    i.inv_set_contiguous  data_builder.o
    0x08008764   0x0000005c   Code   RO         4449    i.inv_set_gyro_bias  data_builder.o
    0x080087c0   0x0000000c   Code   RO         4450    i.inv_set_gyro_orientation_and_scale  data_builder.o
    0x080087cc   0x00000028   Code   RO         4451    i.inv_set_gyro_sample_rate  data_builder.o
    0x080087f4   0x00000014   Code   RO         4935    i.inv_set_message   message_layer.o
    0x08008808   0x00000034   Code   RO         5384    i.inv_set_motion_state  results_holder.o
    0x0800883c   0x00000018   Code   RO         4452    i.inv_set_quat_sample_rate  data_builder.o
    0x08008854   0x00000010   Code   RO         4319    i.inv_start_eMPL_outputs  empl_outputs.o
    0x08008864   0x00000048   Code   RO         5317    i.inv_start_mpl     mpl.o
    0x080088ac   0x00000018   Code   RO         5385    i.inv_start_results_holder  results_holder.o
    0x080088c4   0x00000020   Code   RO         5386    i.inv_store_gaming_quaternion  results_holder.o
    0x080088e4   0x0000004c   Code   RO         4454    i.inv_unregister_data_cb  data_builder.o
    0x08008930   0x00000048   Code   RO         5587    i.inv_unregister_mpl_start_notification  start_manager.o
    0x08008978   0x0000044c   Code   RO           18    i.main              main.o
    0x08008dc4   0x00000054   Code   RO         3754    i.mpu_configure_fifo  inv_mpu.o
    0x08008e18   0x0000003c   Code   RO         3755    i.mpu_get_accel_fsr  inv_mpu.o
    0x08008e54   0x00000050   Code   RO         3756    i.mpu_get_accel_reg  inv_mpu.o
    0x08008ea4   0x00000044   Code   RO         3757    i.mpu_get_accel_sens  inv_mpu.o
    0x08008ee8   0x00000034   Code   RO         3763    i.mpu_get_gyro_fsr  inv_mpu.o
    0x08008f1c   0x00000040   Code   RO         3765    i.mpu_get_gyro_sens  inv_mpu.o
    0x08008f5c   0x00000038   Code   RO         3767    i.mpu_get_lpf       inv_mpu.o
    0x08008f94   0x0000001c   Code   RO         3769    i.mpu_get_sample_rate  inv_mpu.o
    0x08008fb0   0x0000007c   Code   RO         3770    i.mpu_get_temperature  inv_mpu.o
    0x0800902c   0x000000b8   Code   RO         3771    i.mpu_init          inv_mpu.o
    0x080090e4   0x000000a0   Code   RO         3772    i.mpu_load_firmware  inv_mpu.o
    0x08009184   0x000000b8   Code   RO         3773    i.mpu_lp_accel_mode  inv_mpu.o
    0x0800923c   0x000000b8   Code   RO         3774    i.mpu_lp_motion_interrupt  inv_mpu.o
    0x080092f4   0x00000160   Code   RO         3778    i.mpu_read_fifo     inv_mpu.o
    0x08009454   0x00000090   Code   RO         3779    i.mpu_read_fifo_stream  inv_mpu.o
    0x080094e4   0x00000054   Code   RO         3780    i.mpu_read_mem      inv_mpu.o
    0x08009538   0x00000060   Code   RO         3782    i.mpu_reg_dump      inv_mpu.o
    0x08009598   0x00000160   Code   RO         3783    i.mpu_reset_fifo    inv_mpu.o
    0x080096f8   0x000000f0   Code   RO         3784    i.mpu_run_self_test  inv_mpu.o
    0x080097e8   0x00000068   Code   RO         3787    i.mpu_set_accel_fsr  inv_mpu.o
    0x08009850   0x000000dc   Code   RO         3788    i.mpu_set_bypass    inv_mpu.o
    0x0800992c   0x00000078   Code   RO         3790    i.mpu_set_dmp_state  inv_mpu.o
    0x080099a4   0x0000006c   Code   RO         3792    i.mpu_set_gyro_fsr  inv_mpu.o
    0x08009a10   0x00000064   Code   RO         3793    i.mpu_set_int_latched  inv_mpu.o
    0x08009a74   0x0000006c   Code   RO         3795    i.mpu_set_lpf       inv_mpu.o
    0x08009ae0   0x00000080   Code   RO         3796    i.mpu_set_sample_rate  inv_mpu.o
    0x08009b60   0x000000b8   Code   RO         3797    i.mpu_set_sensors   inv_mpu.o
    0x08009c18   0x00000054   Code   RO         3798    i.mpu_write_mem     inv_mpu.o
    0x08009c6c   0x0000037c   Code   RO           20    i.read_from_mpl     main.o
    0x08009fe8   0x000001c8   Code   RO           21    i.run_self_test     main.o
    0x0800a1b0   0x00000058   Code   RO         3799    i.set_int_enable    inv_mpu.o
    0x0800a208   0x0000004c   Code   RO           22    i.setup_gyro        main.o
    0x0800a254   0x00000188   Code   RO         5984    i.sinf              m_ws.l(sinf.o)
    0x0800a3dc   0x0000002c   Code   RO         6000    i.sqrtf             m_ws.l(sqrtf.o)
    0x0800a408   0x0000007c   Code   RO           23    i.tap_cb            main.o
    0x0800a484   0x000005f0   Data   RO          626    .constdata          fonts.o
    0x0800aa74   0x00000012   Data   RO         1723    .constdata          stm32f1xx_hal_rcc.o
    0x0800aa86   0x0000001e   Data   RO         3800    .constdata          inv_mpu.o
    0x0800aaa4   0x0000000c   Data   RO         3801    .constdata          inv_mpu.o
    0x0800aab0   0x00000028   Data   RO         3802    .constdata          inv_mpu.o
    0x0800aad8   0x00000bf6   Data   RO         4109    .constdata          inv_mpu_dmp_motion_driver.o
    0x0800b6ce   0x0000002f   Data   RO         5318    .constdata          mpl.o
    0x0800b6fd   0x00000010   Data   RO         5659    .constdata          system_stm32f1xx.o
    0x0800b70d   0x00000008   Data   RO         5660    .constdata          system_stm32f1xx.o
    0x0800b715   0x00000003   PAD
    0x0800b718   0x00000020   Data   RO         6379    .constdata          m_ws.l(rredf.o)
    0x0800b738   0x00000009   Data   RO           28    .conststring        main.o
    0x0800b741   0x00000003   PAD
    0x0800b744   0x00000044   Data   RO         4457    .conststring        data_builder.o
    0x0800b788   0x00000020   Data   RO         6430    Region$$Table       anon$$obj.o


    Execution Region RW_IRAM1 (Base: 0x20000000, Size: 0x000012a0, Max: 0x00010000, ABSOLUTE)

    Base Addr    Size         Type   Attr      Idx    E Section Name        Object

    0x20000000   0x00000004   Data   RW           30    .data               main.o
    0x20000004   0x00000009   Data   RW           31    .data               main.o
    0x2000000d   0x00000003   PAD
    0x20000010   0x00000008   Data   RW          629    .data               fonts.o
    0x20000018   0x00000010   Data   RW          685    .data               bsp_ili9341_lcd.o
    0x20000028   0x0000000c   Data   RW         1560    .data               stm32f1xx_hal.o
    0x20000034   0x0000002c   Data   RW         3803    .data               inv_mpu.o
    0x20000060   0x00000004   Data   RW         4936    .data               message_layer.o
    0x20000064   0x00000004   Data   RW         5661    .data               system_stm32f1xx.o
    0x20000068   0x00000004   Data   RW         6401    .data               mc_w.l(stdout.o)
    0x2000006c   0x00000004   Data   RW         6409    .data               mc_w.l(errno.o)
    0x20000070   0x00000024   Zero   RW           27    .bss                main.o
    0x20000094   0x00000054   Zero   RW          494    .bss                bsp_i2c_ee.o
    0x200000e8   0x00000048   Zero   RW          548    .bss                bsp_usart.o
    0x20000130   0x00000064   Zero   RW          684    .bss                bsp_ili9341_lcd.o
    0x20000194   0x00000010   Zero   RW         4108    .bss                inv_mpu_dmp_motion_driver.o
    0x200001a4   0x00000028   Zero   RW         4320    .bss                empl_outputs.o
    0x200001cc   0x000002d8   Zero   RW         4456    .bss                data_builder.o
    0x200004a4   0x000000c4   Zero   RW         4846    .bss                hal_outputs.o
    0x20000568   0x00000088   Zero   RW         5387    .bss                results_holder.o
    0x200005f0   0x00000054   Zero   RW         5588    .bss                start_manager.o
    0x20000644   0x00000198   Zero   RW         5621    .bss                storage_manager.o
    0x200007dc   0x00000004   PAD
    0x200007e0   0x000002a0   Zero   RW         5693    .bss                libmpllib.lib(fast_no_motion.o)
    0x20000a80   0x00000138   Zero   RW         5784    .bss                libmpllib.lib(fusion_9axis.o)
    0x20000bb8   0x000001c4   Zero   RW         5809    .bss                libmpllib.lib(gyro_tc.o)
    0x20000d7c   0x0000006c   Zero   RW         5830    .bss                libmpllib.lib(quaternion_supervisor.o)
    0x20000de8   0x000000b8   Zero   RW         5848    .bss                libmpllib.lib(mag_disturb.o)
    0x20000ea0   0x00000400   Zero   RW            1    STACK               startup_stm32f103xe.o


==============================================================================

Image component sizes


      Code (inc. data)   RO Data    RW Data    ZI Data      Debug   Object Name

       370         34          0          0         84       3726   bsp_i2c_ee.o
      1660        104          0         16        100      18855   bsp_ili9341_lcd.o
       124         10          0          0          0        994   bsp_led.o
        80         12          0          0          0        950   bsp_mpu_exti.o
       176         24          0          0         72       2289   bsp_usart.o
      1726        222         68          0        728      23121   data_builder.o
       908         82          0          0         40       7620   empl_outputs.o
         0          0       1520          8          0       1365   fonts.o
       188         16          0          0        196       3047   hal_outputs.o
      5140        246         82         44          0      29532   inv_mpu.o
      2238        142       3062          0         16      23247   inv_mpu_dmp_motion_driver.o
       660         32          0          0          0       3497   log_stm32.o
      3482        920          9         13         36     491960   main.o
        40         10          0          4          0       1772   message_layer.o
      1652          0          0          0          0      12995   ml_math_func.o
       252        102         47          0          0       5292   mpl.o
       594         86          0          0        136      11762   results_holder.o
       168         20          0          0         84       3336   start_manager.o
        36          8        304          0       1024        816   startup_stm32f103xe.o
       128         24          0         12          0       6058   stm32f1xx_hal.o
       162          4          0          0          0      28044   stm32f1xx_hal_cortex.o
       504         42          0          0          0       2056   stm32f1xx_hal_gpio.o
      2794         66          0          0          0      14724   stm32f1xx_hal_i2c.o
      1240         84         18          0          0       4988   stm32f1xx_hal_rcc.o
       102          0          0          0          0       1683   stm32f1xx_hal_sram.o
       558          6          0          0          0       3616   stm32f1xx_hal_uart.o
        44          4          0          0          0       5817   stm32f1xx_it.o
       232         14          0          0          0       3723   stm32f1xx_ll_fsmc.o
       132         10          0          0        408       2493   storage_manager.o
         2          0         24          4          0       1179   system_stm32f1xx.o

    ----------------------------------------------------------------------
     25428       2324       5172        104       2928     720557   Object Totals
         0          0         32          0          0          0   (incl. Generated)
        36          0          6          3          4          0   (incl. Padding)

    ----------------------------------------------------------------------

      Code (inc. data)   RO Data    RW Data    ZI Data      Debug   Library Member Name

      2548         42          0          0        672      19752   fast_no_motion.o
      1628         54          0          0        312       5308   fusion_9axis.o
      1212         30          0          0        452       5515   gyro_tc.o
      1360         46          0          0        184       7270   mag_disturb.o
      2368        102          0          0        108       5409   quaternion_supervisor.o
       284         42          0          0          0        120   acosf.o
       604         76          0          0          0        116   atan2f.o
       380         52          0          0          0        124   cosf.o
        38          0          0          0          0         68   fpclassifyf.o
        28          0          0          0          0        272   funder.o
       360         16         32          0          0         88   rredf.o
       392         54          0          0          0        124   sinf.o
        44          0          0          0          0         80   sqrtf.o
         0          0          0          0          0          0   entry.o
         0          0          0          0          0          0   entry10a.o
         0          0          0          0          0          0   entry11a.o
         8          4          0          0          0          0   entry2.o
         4          0          0          0          0          0   entry5.o
         0          0          0          0          0          0   entry7b.o
         0          0          0          0          0          0   entry8b.o
         8          4          0          0          0          0   entry9a.o
        12          6          0          4          0         68   errno.o
        30          0          0          0          0          0   handlers.o
        36          8          0          0          0         68   init.o
         0          0          0          0          0          0   iusefp.o
        98          0          0          0          0         84   ldiv.o
        30          0          0          0          0         68   llshl.o
        36          0          0          0          0         68   llsshr.o
        32          0          0          0          0         68   llushr.o
        26          0          0          0          0         80   memcmp.o
        64          0          0          0          0         76   memmovea.o
        36          0          0          0          0        108   memseta.o
      2312        102          0          0          0        676   printfa.o
         0          0          0          4          0          0   stdout.o
        44          0          0          0          0         80   uidiv.o
        98          0          0          0          0         92   uldiv.o
        48          0          0          0          0         68   cdrcmple.o
        20          0          0          0          0         68   cfcmple.o
        20          0          0          0          0         68   cfrcmple.o
        56          0          0          0          0         88   d2f.o
       334          0          0          0          0        148   dadd.o
       222          0          0          0          0        100   ddiv.o
       186          0          0          0          0        176   depilogue.o
        62          0          0          0          0         80   dfixi.o
        48          0          0          0          0         68   dfixul.o
        34          0          0          0          0         76   dflti.o
       228          0          0          0          0         96   dmul.o
        46          0          0          0          0         80   dscalb.o
        38          0          0          0          0         68   f2d.o
       176          0          0          0          0        140   fadd.o
       124          0          0          0          0         88   fdiv.o
       110          0          0          0          0        168   fepilogue.o
        50          0          0          0          0         68   ffixi.o
        66          0          0          0          0         76   ffixl.o
        40          0          0          0          0         68   ffixui.o
        18          0          0          0          0         68   fflti.o
        44          0          0          0          0         92   ffltl.o
        10          0          0          0          0         68   ffltui.o
       100          0          0          0          0         76   fmul.o
        60          0          0          0          0         76   frnd.o
        24          0          0          0          0         68   fscalb.o
        94          0          0          0          0         96   fsqrt.o

    ----------------------------------------------------------------------
     16384        638         32          8       1728      48118   Library Totals
         6          0          0          0          0          0   (incl. Padding)

    ----------------------------------------------------------------------

      Code (inc. data)   RO Data    RW Data    ZI Data      Debug   Library Name

      9116        274          0          0       1728      43254   libmpllib.lib
      2130        240         32          0          0        992   m_ws.l
      2874        124          0          8          0       1536   mc_w.l
      2258          0          0          0          0       2336   mf_w.l

    ----------------------------------------------------------------------
     16384        638         32          8       1728      48118   Library Totals

    ----------------------------------------------------------------------

==============================================================================


      Code (inc. data)   RO Data    RW Data    ZI Data      Debug   

     41812       2962       5204        112       4656     752811   Grand Totals
     41812       2962       5204        112       4656     752811   ELF Image Totals
     41812       2962       5204        112          0          0   ROM Totals

==============================================================================

    Total RO  Size (Code + RO Data)                47016 (  45.91kB)
    Total RW  Size (RW Data + ZI Data)              4768 (   4.66kB)
    Total ROM Size (Code + RO Data + RW Data)      47128 (  46.02kB)

==============================================================================

