<!doctype html public "-//w3c//dtd html 4.0 transitional//en">
<html><head>
<title>Static Call Graph - [IIC-EEPROM\IIC-EEPROM.axf]</title></head>
<body><HR>
<H1>Static Call Graph for image IIC-EEPROM\IIC-EEPROM.axf</H1><HR>
<BR><P>#&#060CALLGRAPH&#062# ARM Linker, 5050106: Last Updated: Thu Oct 12 11:48:17 2023
<BR><P>
<H3>Maximum Stack Usage =        220 bytes + Unknown(Cycles, Untraceable Function Pointers)</H3><H3>
Call chain for Maximum Stack Depth:</H3>
main &rArr; RTC_TimeAndDate_Show &rArr; HAL_RTC_GetDate &rArr; HAL_RTC_GetTime &rArr; RTC_DateUpdate &rArr; RTC_WeekDayNum
<P>
<H3>
Mutually Recursive functions
</H3> <LI><a href="#[1c]">ADC1_2_IRQHandler</a>&nbsp;&nbsp;&nbsp;&rArr;&nbsp;&nbsp;&nbsp;<a href="#[1c]">ADC1_2_IRQHandler</a><BR>
 <LI><a href="#[4]">BusFault_Handler</a>&nbsp;&nbsp;&nbsp;&rArr;&nbsp;&nbsp;&nbsp;<a href="#[4]">BusFault_Handler</a><BR>
 <LI><a href="#[2]">HardFault_Handler</a>&nbsp;&nbsp;&nbsp;&rArr;&nbsp;&nbsp;&nbsp;<a href="#[2]">HardFault_Handler</a><BR>
 <LI><a href="#[3]">MemManage_Handler</a>&nbsp;&nbsp;&nbsp;&rArr;&nbsp;&nbsp;&nbsp;<a href="#[3]">MemManage_Handler</a><BR>
 <LI><a href="#[1]">NMI_Handler</a>&nbsp;&nbsp;&nbsp;&rArr;&nbsp;&nbsp;&nbsp;<a href="#[1]">NMI_Handler</a><BR>
 <LI><a href="#[5]">UsageFault_Handler</a>&nbsp;&nbsp;&nbsp;&rArr;&nbsp;&nbsp;&nbsp;<a href="#[5]">UsageFault_Handler</a><BR>
</UL>
<P>
<H3>
Function Pointers
</H3><UL>
 <LI><a href="#[1c]">ADC1_2_IRQHandler</a> from startup_stm32f103xe.o(.text) referenced from startup_stm32f103xe.o(RESET)
 <LI><a href="#[39]">ADC3_IRQHandler</a> from startup_stm32f103xe.o(.text) referenced from startup_stm32f103xe.o(RESET)
 <LI><a href="#[4]">BusFault_Handler</a> from stm32f1xx_it.o(i.BusFault_Handler) referenced from startup_stm32f103xe.o(RESET)
 <LI><a href="#[1f]">CAN1_RX1_IRQHandler</a> from startup_stm32f103xe.o(.text) referenced from startup_stm32f103xe.o(RESET)
 <LI><a href="#[20]">CAN1_SCE_IRQHandler</a> from startup_stm32f103xe.o(.text) referenced from startup_stm32f103xe.o(RESET)
 <LI><a href="#[15]">DMA1_Channel1_IRQHandler</a> from startup_stm32f103xe.o(.text) referenced from startup_stm32f103xe.o(RESET)
 <LI><a href="#[16]">DMA1_Channel2_IRQHandler</a> from startup_stm32f103xe.o(.text) referenced from startup_stm32f103xe.o(RESET)
 <LI><a href="#[17]">DMA1_Channel3_IRQHandler</a> from startup_stm32f103xe.o(.text) referenced from startup_stm32f103xe.o(RESET)
 <LI><a href="#[18]">DMA1_Channel4_IRQHandler</a> from startup_stm32f103xe.o(.text) referenced from startup_stm32f103xe.o(RESET)
 <LI><a href="#[19]">DMA1_Channel5_IRQHandler</a> from startup_stm32f103xe.o(.text) referenced from startup_stm32f103xe.o(RESET)
 <LI><a href="#[1a]">DMA1_Channel6_IRQHandler</a> from startup_stm32f103xe.o(.text) referenced from startup_stm32f103xe.o(RESET)
 <LI><a href="#[1b]">DMA1_Channel7_IRQHandler</a> from startup_stm32f103xe.o(.text) referenced from startup_stm32f103xe.o(RESET)
 <LI><a href="#[42]">DMA2_Channel1_IRQHandler</a> from startup_stm32f103xe.o(.text) referenced from startup_stm32f103xe.o(RESET)
 <LI><a href="#[43]">DMA2_Channel2_IRQHandler</a> from startup_stm32f103xe.o(.text) referenced from startup_stm32f103xe.o(RESET)
 <LI><a href="#[44]">DMA2_Channel3_IRQHandler</a> from startup_stm32f103xe.o(.text) referenced from startup_stm32f103xe.o(RESET)
 <LI><a href="#[45]">DMA2_Channel4_5_IRQHandler</a> from startup_stm32f103xe.o(.text) referenced from startup_stm32f103xe.o(RESET)
 <LI><a href="#[7]">DebugMon_Handler</a> from stm32f1xx_it.o(i.DebugMon_Handler) referenced from startup_stm32f103xe.o(RESET)
 <LI><a href="#[10]">EXTI0_IRQHandler</a> from startup_stm32f103xe.o(.text) referenced from startup_stm32f103xe.o(RESET)
 <LI><a href="#[32]">EXTI15_10_IRQHandler</a> from startup_stm32f103xe.o(.text) referenced from startup_stm32f103xe.o(RESET)
 <LI><a href="#[11]">EXTI1_IRQHandler</a> from startup_stm32f103xe.o(.text) referenced from startup_stm32f103xe.o(RESET)
 <LI><a href="#[12]">EXTI2_IRQHandler</a> from startup_stm32f103xe.o(.text) referenced from startup_stm32f103xe.o(RESET)
 <LI><a href="#[13]">EXTI3_IRQHandler</a> from startup_stm32f103xe.o(.text) referenced from startup_stm32f103xe.o(RESET)
 <LI><a href="#[14]">EXTI4_IRQHandler</a> from startup_stm32f103xe.o(.text) referenced from startup_stm32f103xe.o(RESET)
 <LI><a href="#[21]">EXTI9_5_IRQHandler</a> from startup_stm32f103xe.o(.text) referenced from startup_stm32f103xe.o(RESET)
 <LI><a href="#[e]">FLASH_IRQHandler</a> from startup_stm32f103xe.o(.text) referenced from startup_stm32f103xe.o(RESET)
 <LI><a href="#[3a]">FSMC_IRQHandler</a> from startup_stm32f103xe.o(.text) referenced from startup_stm32f103xe.o(RESET)
 <LI><a href="#[2]">HardFault_Handler</a> from stm32f1xx_it.o(i.HardFault_Handler) referenced from startup_stm32f103xe.o(RESET)
 <LI><a href="#[2a]">I2C1_ER_IRQHandler</a> from startup_stm32f103xe.o(.text) referenced from startup_stm32f103xe.o(RESET)
 <LI><a href="#[29]">I2C1_EV_IRQHandler</a> from startup_stm32f103xe.o(.text) referenced from startup_stm32f103xe.o(RESET)
 <LI><a href="#[2c]">I2C2_ER_IRQHandler</a> from startup_stm32f103xe.o(.text) referenced from startup_stm32f103xe.o(RESET)
 <LI><a href="#[2b]">I2C2_EV_IRQHandler</a> from startup_stm32f103xe.o(.text) referenced from startup_stm32f103xe.o(RESET)
 <LI><a href="#[3]">MemManage_Handler</a> from stm32f1xx_it.o(i.MemManage_Handler) referenced from startup_stm32f103xe.o(RESET)
 <LI><a href="#[1]">NMI_Handler</a> from stm32f1xx_it.o(i.NMI_Handler) referenced from startup_stm32f103xe.o(RESET)
 <LI><a href="#[b]">PVD_IRQHandler</a> from startup_stm32f103xe.o(.text) referenced from startup_stm32f103xe.o(RESET)
 <LI><a href="#[8]">PendSV_Handler</a> from stm32f1xx_it.o(i.PendSV_Handler) referenced from startup_stm32f103xe.o(RESET)
 <LI><a href="#[f]">RCC_IRQHandler</a> from startup_stm32f103xe.o(.text) referenced from startup_stm32f103xe.o(RESET)
 <LI><a href="#[33]">RTC_Alarm_IRQHandler</a> from stm32f1xx_it.o(i.RTC_Alarm_IRQHandler) referenced from startup_stm32f103xe.o(RESET)
 <LI><a href="#[d]">RTC_IRQHandler</a> from startup_stm32f103xe.o(.text) referenced from startup_stm32f103xe.o(RESET)
 <LI><a href="#[0]">Reset_Handler</a> from startup_stm32f103xe.o(.text) referenced from startup_stm32f103xe.o(RESET)
 <LI><a href="#[3b]">SDIO_IRQHandler</a> from startup_stm32f103xe.o(.text) referenced from startup_stm32f103xe.o(RESET)
 <LI><a href="#[2d]">SPI1_IRQHandler</a> from startup_stm32f103xe.o(.text) referenced from startup_stm32f103xe.o(RESET)
 <LI><a href="#[2e]">SPI2_IRQHandler</a> from startup_stm32f103xe.o(.text) referenced from startup_stm32f103xe.o(RESET)
 <LI><a href="#[3d]">SPI3_IRQHandler</a> from startup_stm32f103xe.o(.text) referenced from startup_stm32f103xe.o(RESET)
 <LI><a href="#[6]">SVC_Handler</a> from stm32f1xx_it.o(i.SVC_Handler) referenced from startup_stm32f103xe.o(RESET)
 <LI><a href="#[9]">SysTick_Handler</a> from stm32f1xx_it.o(i.SysTick_Handler) referenced from startup_stm32f103xe.o(RESET)
 <LI><a href="#[47]">SystemInit</a> from system_stm32f1xx.o(i.SystemInit) referenced from startup_stm32f103xe.o(.text)
 <LI><a href="#[c]">TAMPER_IRQHandler</a> from startup_stm32f103xe.o(.text) referenced from startup_stm32f103xe.o(RESET)
 <LI><a href="#[22]">TIM1_BRK_IRQHandler</a> from startup_stm32f103xe.o(.text) referenced from startup_stm32f103xe.o(RESET)
 <LI><a href="#[25]">TIM1_CC_IRQHandler</a> from startup_stm32f103xe.o(.text) referenced from startup_stm32f103xe.o(RESET)
 <LI><a href="#[24]">TIM1_TRG_COM_IRQHandler</a> from startup_stm32f103xe.o(.text) referenced from startup_stm32f103xe.o(RESET)
 <LI><a href="#[23]">TIM1_UP_IRQHandler</a> from startup_stm32f103xe.o(.text) referenced from startup_stm32f103xe.o(RESET)
 <LI><a href="#[26]">TIM2_IRQHandler</a> from startup_stm32f103xe.o(.text) referenced from startup_stm32f103xe.o(RESET)
 <LI><a href="#[27]">TIM3_IRQHandler</a> from startup_stm32f103xe.o(.text) referenced from startup_stm32f103xe.o(RESET)
 <LI><a href="#[28]">TIM4_IRQHandler</a> from startup_stm32f103xe.o(.text) referenced from startup_stm32f103xe.o(RESET)
 <LI><a href="#[3c]">TIM5_IRQHandler</a> from startup_stm32f103xe.o(.text) referenced from startup_stm32f103xe.o(RESET)
 <LI><a href="#[40]">TIM6_IRQHandler</a> from startup_stm32f103xe.o(.text) referenced from startup_stm32f103xe.o(RESET)
 <LI><a href="#[41]">TIM7_IRQHandler</a> from startup_stm32f103xe.o(.text) referenced from startup_stm32f103xe.o(RESET)
 <LI><a href="#[35]">TIM8_BRK_IRQHandler</a> from startup_stm32f103xe.o(.text) referenced from startup_stm32f103xe.o(RESET)
 <LI><a href="#[38]">TIM8_CC_IRQHandler</a> from startup_stm32f103xe.o(.text) referenced from startup_stm32f103xe.o(RESET)
 <LI><a href="#[37]">TIM8_TRG_COM_IRQHandler</a> from startup_stm32f103xe.o(.text) referenced from startup_stm32f103xe.o(RESET)
 <LI><a href="#[36]">TIM8_UP_IRQHandler</a> from startup_stm32f103xe.o(.text) referenced from startup_stm32f103xe.o(RESET)
 <LI><a href="#[3e]">UART4_IRQHandler</a> from startup_stm32f103xe.o(.text) referenced from startup_stm32f103xe.o(RESET)
 <LI><a href="#[3f]">UART5_IRQHandler</a> from startup_stm32f103xe.o(.text) referenced from startup_stm32f103xe.o(RESET)
 <LI><a href="#[2f]">USART1_IRQHandler</a> from startup_stm32f103xe.o(.text) referenced from startup_stm32f103xe.o(RESET)
 <LI><a href="#[30]">USART2_IRQHandler</a> from startup_stm32f103xe.o(.text) referenced from startup_stm32f103xe.o(RESET)
 <LI><a href="#[31]">USART3_IRQHandler</a> from startup_stm32f103xe.o(.text) referenced from startup_stm32f103xe.o(RESET)
 <LI><a href="#[34]">USBWakeUp_IRQHandler</a> from startup_stm32f103xe.o(.text) referenced from startup_stm32f103xe.o(RESET)
 <LI><a href="#[1d]">USB_HP_CAN1_TX_IRQHandler</a> from startup_stm32f103xe.o(.text) referenced from startup_stm32f103xe.o(RESET)
 <LI><a href="#[1e]">USB_LP_CAN1_RX0_IRQHandler</a> from startup_stm32f103xe.o(.text) referenced from startup_stm32f103xe.o(RESET)
 <LI><a href="#[5]">UsageFault_Handler</a> from stm32f1xx_it.o(i.UsageFault_Handler) referenced from startup_stm32f103xe.o(RESET)
 <LI><a href="#[a]">WWDG_IRQHandler</a> from startup_stm32f103xe.o(.text) referenced from startup_stm32f103xe.o(RESET)
 <LI><a href="#[48]">__main</a> from entry.o(.ARM.Collect$$$$00000000) referenced from startup_stm32f103xe.o(.text)
 <LI><a href="#[4a]">_sputc</a> from printf1.o(i._sputc) referenced from printf1.o(i.__0sprintf$1)
 <LI><a href="#[49]">fputc</a> from bsp_usart.o(i.fputc) referenced from printf1.o(i.__0printf$1)
 <LI><a href="#[46]">main</a> from main.o(i.main) referenced from entry9a.o(.ARM.Collect$$$$0000000B)
</UL>
<P>
<H3>
Global Symbols
</H3>
<P><STRONG><a name="[48]"></a>__main</STRONG> (Thumb, 0 bytes, Stack size unknown bytes, entry.o(.ARM.Collect$$$$00000000))
<BR>[Address Reference Count : 1]<UL><LI> startup_stm32f103xe.o(.text)
</UL>
<P><STRONG><a name="[9f]"></a>_main_stk</STRONG> (Thumb, 0 bytes, Stack size unknown bytes, entry2.o(.ARM.Collect$$$$00000001))

<P><STRONG><a name="[4b]"></a>_main_scatterload</STRONG> (Thumb, 0 bytes, Stack size unknown bytes, entry5.o(.ARM.Collect$$$$00000004))
<BR><BR>[Calls]<UL><LI><a href="#[4c]">&gt;&gt;</a>&nbsp;&nbsp;&nbsp;__scatterload
</UL>

<P><STRONG><a name="[50]"></a>__main_after_scatterload</STRONG> (Thumb, 0 bytes, Stack size unknown bytes, entry5.o(.ARM.Collect$$$$00000004))
<BR><BR>[Called By]<UL><LI><a href="#[4c]">&gt;&gt;</a>&nbsp;&nbsp;&nbsp;__scatterload
</UL>

<P><STRONG><a name="[a0]"></a>_main_clock</STRONG> (Thumb, 0 bytes, Stack size unknown bytes, entry7b.o(.ARM.Collect$$$$00000008))

<P><STRONG><a name="[a1]"></a>_main_cpp_init</STRONG> (Thumb, 0 bytes, Stack size unknown bytes, entry8b.o(.ARM.Collect$$$$0000000A))

<P><STRONG><a name="[a2]"></a>_main_init</STRONG> (Thumb, 0 bytes, Stack size unknown bytes, entry9a.o(.ARM.Collect$$$$0000000B))

<P><STRONG><a name="[a3]"></a>__rt_final_cpp</STRONG> (Thumb, 0 bytes, Stack size unknown bytes, entry10a.o(.ARM.Collect$$$$0000000D))

<P><STRONG><a name="[a4]"></a>__rt_final_exit</STRONG> (Thumb, 0 bytes, Stack size unknown bytes, entry11a.o(.ARM.Collect$$$$0000000F))

<P><STRONG><a name="[0]"></a>Reset_Handler</STRONG> (Thumb, 8 bytes, Stack size 0 bytes, startup_stm32f103xe.o(.text))
<BR>[Address Reference Count : 1]<UL><LI> startup_stm32f103xe.o(RESET)
</UL>
<P><STRONG><a name="[1c]"></a>ADC1_2_IRQHandler</STRONG> (Thumb, 0 bytes, Stack size 0 bytes, startup_stm32f103xe.o(.text))
<BR><BR>[Calls]<UL><LI><a href="#[1c]">&gt;&gt;</a>&nbsp;&nbsp;&nbsp;ADC1_2_IRQHandler
</UL>
<BR>[Called By]<UL><LI><a href="#[1c]">&gt;&gt;</a>&nbsp;&nbsp;&nbsp;ADC1_2_IRQHandler
</UL>
<BR>[Address Reference Count : 1]<UL><LI> startup_stm32f103xe.o(RESET)
</UL>
<P><STRONG><a name="[39]"></a>ADC3_IRQHandler</STRONG> (Thumb, 0 bytes, Stack size 0 bytes, startup_stm32f103xe.o(.text))
<BR>[Address Reference Count : 1]<UL><LI> startup_stm32f103xe.o(RESET)
</UL>
<P><STRONG><a name="[1f]"></a>CAN1_RX1_IRQHandler</STRONG> (Thumb, 0 bytes, Stack size 0 bytes, startup_stm32f103xe.o(.text))
<BR>[Address Reference Count : 1]<UL><LI> startup_stm32f103xe.o(RESET)
</UL>
<P><STRONG><a name="[20]"></a>CAN1_SCE_IRQHandler</STRONG> (Thumb, 0 bytes, Stack size 0 bytes, startup_stm32f103xe.o(.text))
<BR>[Address Reference Count : 1]<UL><LI> startup_stm32f103xe.o(RESET)
</UL>
<P><STRONG><a name="[15]"></a>DMA1_Channel1_IRQHandler</STRONG> (Thumb, 0 bytes, Stack size 0 bytes, startup_stm32f103xe.o(.text))
<BR>[Address Reference Count : 1]<UL><LI> startup_stm32f103xe.o(RESET)
</UL>
<P><STRONG><a name="[16]"></a>DMA1_Channel2_IRQHandler</STRONG> (Thumb, 0 bytes, Stack size 0 bytes, startup_stm32f103xe.o(.text))
<BR>[Address Reference Count : 1]<UL><LI> startup_stm32f103xe.o(RESET)
</UL>
<P><STRONG><a name="[17]"></a>DMA1_Channel3_IRQHandler</STRONG> (Thumb, 0 bytes, Stack size 0 bytes, startup_stm32f103xe.o(.text))
<BR>[Address Reference Count : 1]<UL><LI> startup_stm32f103xe.o(RESET)
</UL>
<P><STRONG><a name="[18]"></a>DMA1_Channel4_IRQHandler</STRONG> (Thumb, 0 bytes, Stack size 0 bytes, startup_stm32f103xe.o(.text))
<BR>[Address Reference Count : 1]<UL><LI> startup_stm32f103xe.o(RESET)
</UL>
<P><STRONG><a name="[19]"></a>DMA1_Channel5_IRQHandler</STRONG> (Thumb, 0 bytes, Stack size 0 bytes, startup_stm32f103xe.o(.text))
<BR>[Address Reference Count : 1]<UL><LI> startup_stm32f103xe.o(RESET)
</UL>
<P><STRONG><a name="[1a]"></a>DMA1_Channel6_IRQHandler</STRONG> (Thumb, 0 bytes, Stack size 0 bytes, startup_stm32f103xe.o(.text))
<BR>[Address Reference Count : 1]<UL><LI> startup_stm32f103xe.o(RESET)
</UL>
<P><STRONG><a name="[1b]"></a>DMA1_Channel7_IRQHandler</STRONG> (Thumb, 0 bytes, Stack size 0 bytes, startup_stm32f103xe.o(.text))
<BR>[Address Reference Count : 1]<UL><LI> startup_stm32f103xe.o(RESET)
</UL>
<P><STRONG><a name="[42]"></a>DMA2_Channel1_IRQHandler</STRONG> (Thumb, 0 bytes, Stack size 0 bytes, startup_stm32f103xe.o(.text))
<BR>[Address Reference Count : 1]<UL><LI> startup_stm32f103xe.o(RESET)
</UL>
<P><STRONG><a name="[43]"></a>DMA2_Channel2_IRQHandler</STRONG> (Thumb, 0 bytes, Stack size 0 bytes, startup_stm32f103xe.o(.text))
<BR>[Address Reference Count : 1]<UL><LI> startup_stm32f103xe.o(RESET)
</UL>
<P><STRONG><a name="[44]"></a>DMA2_Channel3_IRQHandler</STRONG> (Thumb, 0 bytes, Stack size 0 bytes, startup_stm32f103xe.o(.text))
<BR>[Address Reference Count : 1]<UL><LI> startup_stm32f103xe.o(RESET)
</UL>
<P><STRONG><a name="[45]"></a>DMA2_Channel4_5_IRQHandler</STRONG> (Thumb, 0 bytes, Stack size 0 bytes, startup_stm32f103xe.o(.text))
<BR>[Address Reference Count : 1]<UL><LI> startup_stm32f103xe.o(RESET)
</UL>
<P><STRONG><a name="[10]"></a>EXTI0_IRQHandler</STRONG> (Thumb, 0 bytes, Stack size 0 bytes, startup_stm32f103xe.o(.text))
<BR>[Address Reference Count : 1]<UL><LI> startup_stm32f103xe.o(RESET)
</UL>
<P><STRONG><a name="[32]"></a>EXTI15_10_IRQHandler</STRONG> (Thumb, 0 bytes, Stack size 0 bytes, startup_stm32f103xe.o(.text))
<BR>[Address Reference Count : 1]<UL><LI> startup_stm32f103xe.o(RESET)
</UL>
<P><STRONG><a name="[11]"></a>EXTI1_IRQHandler</STRONG> (Thumb, 0 bytes, Stack size 0 bytes, startup_stm32f103xe.o(.text))
<BR>[Address Reference Count : 1]<UL><LI> startup_stm32f103xe.o(RESET)
</UL>
<P><STRONG><a name="[12]"></a>EXTI2_IRQHandler</STRONG> (Thumb, 0 bytes, Stack size 0 bytes, startup_stm32f103xe.o(.text))
<BR>[Address Reference Count : 1]<UL><LI> startup_stm32f103xe.o(RESET)
</UL>
<P><STRONG><a name="[13]"></a>EXTI3_IRQHandler</STRONG> (Thumb, 0 bytes, Stack size 0 bytes, startup_stm32f103xe.o(.text))
<BR>[Address Reference Count : 1]<UL><LI> startup_stm32f103xe.o(RESET)
</UL>
<P><STRONG><a name="[14]"></a>EXTI4_IRQHandler</STRONG> (Thumb, 0 bytes, Stack size 0 bytes, startup_stm32f103xe.o(.text))
<BR>[Address Reference Count : 1]<UL><LI> startup_stm32f103xe.o(RESET)
</UL>
<P><STRONG><a name="[21]"></a>EXTI9_5_IRQHandler</STRONG> (Thumb, 0 bytes, Stack size 0 bytes, startup_stm32f103xe.o(.text))
<BR>[Address Reference Count : 1]<UL><LI> startup_stm32f103xe.o(RESET)
</UL>
<P><STRONG><a name="[e]"></a>FLASH_IRQHandler</STRONG> (Thumb, 0 bytes, Stack size 0 bytes, startup_stm32f103xe.o(.text))
<BR>[Address Reference Count : 1]<UL><LI> startup_stm32f103xe.o(RESET)
</UL>
<P><STRONG><a name="[3a]"></a>FSMC_IRQHandler</STRONG> (Thumb, 0 bytes, Stack size 0 bytes, startup_stm32f103xe.o(.text))
<BR>[Address Reference Count : 1]<UL><LI> startup_stm32f103xe.o(RESET)
</UL>
<P><STRONG><a name="[2a]"></a>I2C1_ER_IRQHandler</STRONG> (Thumb, 0 bytes, Stack size 0 bytes, startup_stm32f103xe.o(.text))
<BR>[Address Reference Count : 1]<UL><LI> startup_stm32f103xe.o(RESET)
</UL>
<P><STRONG><a name="[29]"></a>I2C1_EV_IRQHandler</STRONG> (Thumb, 0 bytes, Stack size 0 bytes, startup_stm32f103xe.o(.text))
<BR>[Address Reference Count : 1]<UL><LI> startup_stm32f103xe.o(RESET)
</UL>
<P><STRONG><a name="[2c]"></a>I2C2_ER_IRQHandler</STRONG> (Thumb, 0 bytes, Stack size 0 bytes, startup_stm32f103xe.o(.text))
<BR>[Address Reference Count : 1]<UL><LI> startup_stm32f103xe.o(RESET)
</UL>
<P><STRONG><a name="[2b]"></a>I2C2_EV_IRQHandler</STRONG> (Thumb, 0 bytes, Stack size 0 bytes, startup_stm32f103xe.o(.text))
<BR>[Address Reference Count : 1]<UL><LI> startup_stm32f103xe.o(RESET)
</UL>
<P><STRONG><a name="[b]"></a>PVD_IRQHandler</STRONG> (Thumb, 0 bytes, Stack size 0 bytes, startup_stm32f103xe.o(.text))
<BR>[Address Reference Count : 1]<UL><LI> startup_stm32f103xe.o(RESET)
</UL>
<P><STRONG><a name="[f]"></a>RCC_IRQHandler</STRONG> (Thumb, 0 bytes, Stack size 0 bytes, startup_stm32f103xe.o(.text))
<BR>[Address Reference Count : 1]<UL><LI> startup_stm32f103xe.o(RESET)
</UL>
<P><STRONG><a name="[d]"></a>RTC_IRQHandler</STRONG> (Thumb, 0 bytes, Stack size 0 bytes, startup_stm32f103xe.o(.text))
<BR>[Address Reference Count : 1]<UL><LI> startup_stm32f103xe.o(RESET)
</UL>
<P><STRONG><a name="[3b]"></a>SDIO_IRQHandler</STRONG> (Thumb, 0 bytes, Stack size 0 bytes, startup_stm32f103xe.o(.text))
<BR>[Address Reference Count : 1]<UL><LI> startup_stm32f103xe.o(RESET)
</UL>
<P><STRONG><a name="[2d]"></a>SPI1_IRQHandler</STRONG> (Thumb, 0 bytes, Stack size 0 bytes, startup_stm32f103xe.o(.text))
<BR>[Address Reference Count : 1]<UL><LI> startup_stm32f103xe.o(RESET)
</UL>
<P><STRONG><a name="[2e]"></a>SPI2_IRQHandler</STRONG> (Thumb, 0 bytes, Stack size 0 bytes, startup_stm32f103xe.o(.text))
<BR>[Address Reference Count : 1]<UL><LI> startup_stm32f103xe.o(RESET)
</UL>
<P><STRONG><a name="[3d]"></a>SPI3_IRQHandler</STRONG> (Thumb, 0 bytes, Stack size 0 bytes, startup_stm32f103xe.o(.text))
<BR>[Address Reference Count : 1]<UL><LI> startup_stm32f103xe.o(RESET)
</UL>
<P><STRONG><a name="[c]"></a>TAMPER_IRQHandler</STRONG> (Thumb, 0 bytes, Stack size 0 bytes, startup_stm32f103xe.o(.text))
<BR>[Address Reference Count : 1]<UL><LI> startup_stm32f103xe.o(RESET)
</UL>
<P><STRONG><a name="[22]"></a>TIM1_BRK_IRQHandler</STRONG> (Thumb, 0 bytes, Stack size 0 bytes, startup_stm32f103xe.o(.text))
<BR>[Address Reference Count : 1]<UL><LI> startup_stm32f103xe.o(RESET)
</UL>
<P><STRONG><a name="[25]"></a>TIM1_CC_IRQHandler</STRONG> (Thumb, 0 bytes, Stack size 0 bytes, startup_stm32f103xe.o(.text))
<BR>[Address Reference Count : 1]<UL><LI> startup_stm32f103xe.o(RESET)
</UL>
<P><STRONG><a name="[24]"></a>TIM1_TRG_COM_IRQHandler</STRONG> (Thumb, 0 bytes, Stack size 0 bytes, startup_stm32f103xe.o(.text))
<BR>[Address Reference Count : 1]<UL><LI> startup_stm32f103xe.o(RESET)
</UL>
<P><STRONG><a name="[23]"></a>TIM1_UP_IRQHandler</STRONG> (Thumb, 0 bytes, Stack size 0 bytes, startup_stm32f103xe.o(.text))
<BR>[Address Reference Count : 1]<UL><LI> startup_stm32f103xe.o(RESET)
</UL>
<P><STRONG><a name="[26]"></a>TIM2_IRQHandler</STRONG> (Thumb, 0 bytes, Stack size 0 bytes, startup_stm32f103xe.o(.text))
<BR>[Address Reference Count : 1]<UL><LI> startup_stm32f103xe.o(RESET)
</UL>
<P><STRONG><a name="[27]"></a>TIM3_IRQHandler</STRONG> (Thumb, 0 bytes, Stack size 0 bytes, startup_stm32f103xe.o(.text))
<BR>[Address Reference Count : 1]<UL><LI> startup_stm32f103xe.o(RESET)
</UL>
<P><STRONG><a name="[28]"></a>TIM4_IRQHandler</STRONG> (Thumb, 0 bytes, Stack size 0 bytes, startup_stm32f103xe.o(.text))
<BR>[Address Reference Count : 1]<UL><LI> startup_stm32f103xe.o(RESET)
</UL>
<P><STRONG><a name="[3c]"></a>TIM5_IRQHandler</STRONG> (Thumb, 0 bytes, Stack size 0 bytes, startup_stm32f103xe.o(.text))
<BR>[Address Reference Count : 1]<UL><LI> startup_stm32f103xe.o(RESET)
</UL>
<P><STRONG><a name="[40]"></a>TIM6_IRQHandler</STRONG> (Thumb, 0 bytes, Stack size 0 bytes, startup_stm32f103xe.o(.text))
<BR>[Address Reference Count : 1]<UL><LI> startup_stm32f103xe.o(RESET)
</UL>
<P><STRONG><a name="[41]"></a>TIM7_IRQHandler</STRONG> (Thumb, 0 bytes, Stack size 0 bytes, startup_stm32f103xe.o(.text))
<BR>[Address Reference Count : 1]<UL><LI> startup_stm32f103xe.o(RESET)
</UL>
<P><STRONG><a name="[35]"></a>TIM8_BRK_IRQHandler</STRONG> (Thumb, 0 bytes, Stack size 0 bytes, startup_stm32f103xe.o(.text))
<BR>[Address Reference Count : 1]<UL><LI> startup_stm32f103xe.o(RESET)
</UL>
<P><STRONG><a name="[38]"></a>TIM8_CC_IRQHandler</STRONG> (Thumb, 0 bytes, Stack size 0 bytes, startup_stm32f103xe.o(.text))
<BR>[Address Reference Count : 1]<UL><LI> startup_stm32f103xe.o(RESET)
</UL>
<P><STRONG><a name="[37]"></a>TIM8_TRG_COM_IRQHandler</STRONG> (Thumb, 0 bytes, Stack size 0 bytes, startup_stm32f103xe.o(.text))
<BR>[Address Reference Count : 1]<UL><LI> startup_stm32f103xe.o(RESET)
</UL>
<P><STRONG><a name="[36]"></a>TIM8_UP_IRQHandler</STRONG> (Thumb, 0 bytes, Stack size 0 bytes, startup_stm32f103xe.o(.text))
<BR>[Address Reference Count : 1]<UL><LI> startup_stm32f103xe.o(RESET)
</UL>
<P><STRONG><a name="[3e]"></a>UART4_IRQHandler</STRONG> (Thumb, 0 bytes, Stack size 0 bytes, startup_stm32f103xe.o(.text))
<BR>[Address Reference Count : 1]<UL><LI> startup_stm32f103xe.o(RESET)
</UL>
<P><STRONG><a name="[3f]"></a>UART5_IRQHandler</STRONG> (Thumb, 0 bytes, Stack size 0 bytes, startup_stm32f103xe.o(.text))
<BR>[Address Reference Count : 1]<UL><LI> startup_stm32f103xe.o(RESET)
</UL>
<P><STRONG><a name="[2f]"></a>USART1_IRQHandler</STRONG> (Thumb, 0 bytes, Stack size 0 bytes, startup_stm32f103xe.o(.text))
<BR>[Address Reference Count : 1]<UL><LI> startup_stm32f103xe.o(RESET)
</UL>
<P><STRONG><a name="[30]"></a>USART2_IRQHandler</STRONG> (Thumb, 0 bytes, Stack size 0 bytes, startup_stm32f103xe.o(.text))
<BR>[Address Reference Count : 1]<UL><LI> startup_stm32f103xe.o(RESET)
</UL>
<P><STRONG><a name="[31]"></a>USART3_IRQHandler</STRONG> (Thumb, 0 bytes, Stack size 0 bytes, startup_stm32f103xe.o(.text))
<BR>[Address Reference Count : 1]<UL><LI> startup_stm32f103xe.o(RESET)
</UL>
<P><STRONG><a name="[34]"></a>USBWakeUp_IRQHandler</STRONG> (Thumb, 0 bytes, Stack size 0 bytes, startup_stm32f103xe.o(.text))
<BR>[Address Reference Count : 1]<UL><LI> startup_stm32f103xe.o(RESET)
</UL>
<P><STRONG><a name="[1d]"></a>USB_HP_CAN1_TX_IRQHandler</STRONG> (Thumb, 0 bytes, Stack size 0 bytes, startup_stm32f103xe.o(.text))
<BR>[Address Reference Count : 1]<UL><LI> startup_stm32f103xe.o(RESET)
</UL>
<P><STRONG><a name="[1e]"></a>USB_LP_CAN1_RX0_IRQHandler</STRONG> (Thumb, 0 bytes, Stack size 0 bytes, startup_stm32f103xe.o(.text))
<BR>[Address Reference Count : 1]<UL><LI> startup_stm32f103xe.o(RESET)
</UL>
<P><STRONG><a name="[a]"></a>WWDG_IRQHandler</STRONG> (Thumb, 0 bytes, Stack size 0 bytes, startup_stm32f103xe.o(.text))
<BR>[Address Reference Count : 1]<UL><LI> startup_stm32f103xe.o(RESET)
</UL>
<P><STRONG><a name="[4e]"></a>__aeabi_memset</STRONG> (Thumb, 14 bytes, Stack size 0 bytes, memseta.o(.text), UNUSED)
<BR><BR>[Called By]<UL><LI><a href="#[4f]">&gt;&gt;</a>&nbsp;&nbsp;&nbsp;_memset$wrapper
<LI><a href="#[4d]">&gt;&gt;</a>&nbsp;&nbsp;&nbsp;__aeabi_memclr
</UL>

<P><STRONG><a name="[a5]"></a>__aeabi_memset4</STRONG> (Thumb, 0 bytes, Stack size 0 bytes, memseta.o(.text), UNUSED)

<P><STRONG><a name="[a6]"></a>__aeabi_memset8</STRONG> (Thumb, 0 bytes, Stack size 0 bytes, memseta.o(.text), UNUSED)

<P><STRONG><a name="[4d]"></a>__aeabi_memclr</STRONG> (Thumb, 4 bytes, Stack size 0 bytes, memseta.o(.text), UNUSED)
<BR><BR>[Calls]<UL><LI><a href="#[4e]">&gt;&gt;</a>&nbsp;&nbsp;&nbsp;__aeabi_memset
</UL>

<P><STRONG><a name="[98]"></a>__aeabi_memclr4</STRONG> (Thumb, 0 bytes, Stack size 0 bytes, memseta.o(.text))
<BR><BR>[Called By]<UL><LI><a href="#[97]">&gt;&gt;</a>&nbsp;&nbsp;&nbsp;SystemClock_Config
</UL>

<P><STRONG><a name="[a7]"></a>__aeabi_memclr8</STRONG> (Thumb, 0 bytes, Stack size 0 bytes, memseta.o(.text), UNUSED)

<P><STRONG><a name="[4f]"></a>_memset$wrapper</STRONG> (Thumb, 18 bytes, Stack size 8 bytes, memseta.o(.text), UNUSED)
<BR><BR>[Calls]<UL><LI><a href="#[4e]">&gt;&gt;</a>&nbsp;&nbsp;&nbsp;__aeabi_memset
</UL>

<P><STRONG><a name="[a8]"></a>__aeabi_uidiv</STRONG> (Thumb, 0 bytes, Stack size 12 bytes, uidiv.o(.text), UNUSED)

<P><STRONG><a name="[9d]"></a>__aeabi_uidivmod</STRONG> (Thumb, 44 bytes, Stack size 12 bytes, uidiv.o(.text), UNUSED)
<BR><BR>[Called By]<UL><LI><a href="#[9b]">&gt;&gt;</a>&nbsp;&nbsp;&nbsp;_printf_core
</UL>

<P><STRONG><a name="[4c]"></a>__scatterload</STRONG> (Thumb, 28 bytes, Stack size 0 bytes, init.o(.text))
<BR><BR>[Calls]<UL><LI><a href="#[50]">&gt;&gt;</a>&nbsp;&nbsp;&nbsp;__main_after_scatterload
</UL>
<BR>[Called By]<UL><LI><a href="#[4b]">&gt;&gt;</a>&nbsp;&nbsp;&nbsp;_main_scatterload
</UL>

<P><STRONG><a name="[a9]"></a>__scatterload_rt2</STRONG> (Thumb, 0 bytes, Stack size 0 bytes, init.o(.text), UNUSED)

<P><STRONG><a name="[51]"></a>BEEP_GPIO_Config</STRONG> (Thumb, 62 bytes, Stack size 32 bytes, bsp_beep.o(i.BEEP_GPIO_Config))
<BR><BR>[Stack]<UL><LI>Max Depth = 72<LI>Call Chain = BEEP_GPIO_Config &rArr; HAL_GPIO_Init
</UL>
<BR>[Calls]<UL><LI><a href="#[52]">&gt;&gt;</a>&nbsp;&nbsp;&nbsp;HAL_GPIO_Init
<LI><a href="#[53]">&gt;&gt;</a>&nbsp;&nbsp;&nbsp;HAL_GPIO_WritePin
</UL>
<BR>[Called By]<UL><LI><a href="#[46]">&gt;&gt;</a>&nbsp;&nbsp;&nbsp;main
</UL>

<P><STRONG><a name="[4]"></a>BusFault_Handler</STRONG> (Thumb, 2 bytes, Stack size 0 bytes, stm32f1xx_it.o(i.BusFault_Handler))
<BR><BR>[Calls]<UL><LI><a href="#[4]">&gt;&gt;</a>&nbsp;&nbsp;&nbsp;BusFault_Handler
</UL>
<BR>[Called By]<UL><LI><a href="#[4]">&gt;&gt;</a>&nbsp;&nbsp;&nbsp;BusFault_Handler
</UL>
<BR>[Address Reference Count : 1]<UL><LI> startup_stm32f103xe.o(RESET)
</UL>
<P><STRONG><a name="[54]"></a>DEBUG_USART_Config</STRONG> (Thumb, 30 bytes, Stack size 0 bytes, bsp_usart.o(i.DEBUG_USART_Config))
<BR><BR>[Stack]<UL><LI>Max Depth = 88<LI>Call Chain = DEBUG_USART_Config &rArr; HAL_UART_Init &rArr; HAL_UART_MspInit &rArr; HAL_GPIO_Init
</UL>
<BR>[Calls]<UL><LI><a href="#[55]">&gt;&gt;</a>&nbsp;&nbsp;&nbsp;HAL_UART_Init
</UL>
<BR>[Called By]<UL><LI><a href="#[46]">&gt;&gt;</a>&nbsp;&nbsp;&nbsp;main
</UL>

<P><STRONG><a name="[7]"></a>DebugMon_Handler</STRONG> (Thumb, 2 bytes, Stack size 0 bytes, stm32f1xx_it.o(i.DebugMon_Handler))
<BR>[Address Reference Count : 1]<UL><LI> startup_stm32f103xe.o(RESET)
</UL>
<P><STRONG><a name="[7b]"></a>FSMC_NORSRAM_Extended_Timing_Init</STRONG> (Thumb, 56 bytes, Stack size 12 bytes, stm32f1xx_ll_fsmc.o(i.FSMC_NORSRAM_Extended_Timing_Init))
<BR><BR>[Stack]<UL><LI>Max Depth = 12<LI>Call Chain = FSMC_NORSRAM_Extended_Timing_Init
</UL>
<BR>[Called By]<UL><LI><a href="#[77]">&gt;&gt;</a>&nbsp;&nbsp;&nbsp;HAL_SRAM_Init
</UL>

<P><STRONG><a name="[79]"></a>FSMC_NORSRAM_Init</STRONG> (Thumb, 98 bytes, Stack size 8 bytes, stm32f1xx_ll_fsmc.o(i.FSMC_NORSRAM_Init))
<BR><BR>[Stack]<UL><LI>Max Depth = 8<LI>Call Chain = FSMC_NORSRAM_Init
</UL>
<BR>[Called By]<UL><LI><a href="#[77]">&gt;&gt;</a>&nbsp;&nbsp;&nbsp;HAL_SRAM_Init
</UL>

<P><STRONG><a name="[7a]"></a>FSMC_NORSRAM_Timing_Init</STRONG> (Thumb, 64 bytes, Stack size 12 bytes, stm32f1xx_ll_fsmc.o(i.FSMC_NORSRAM_Timing_Init))
<BR><BR>[Stack]<UL><LI>Max Depth = 12<LI>Call Chain = FSMC_NORSRAM_Timing_Init
</UL>
<BR>[Called By]<UL><LI><a href="#[77]">&gt;&gt;</a>&nbsp;&nbsp;&nbsp;HAL_SRAM_Init
</UL>

<P><STRONG><a name="[52]"></a>HAL_GPIO_Init</STRONG> (Thumb, 462 bytes, Stack size 40 bytes, stm32f1xx_hal_gpio.o(i.HAL_GPIO_Init))
<BR><BR>[Stack]<UL><LI>Max Depth = 40<LI>Call Chain = HAL_GPIO_Init
</UL>
<BR>[Called By]<UL><LI><a href="#[86]">&gt;&gt;</a>&nbsp;&nbsp;&nbsp;ILI9341_GPIO_Config
<LI><a href="#[7c]">&gt;&gt;</a>&nbsp;&nbsp;&nbsp;HAL_UART_MspInit
<LI><a href="#[8e]">&gt;&gt;</a>&nbsp;&nbsp;&nbsp;LED_GPIO_Config
<LI><a href="#[51]">&gt;&gt;</a>&nbsp;&nbsp;&nbsp;BEEP_GPIO_Config
</UL>

<P><STRONG><a name="[53]"></a>HAL_GPIO_WritePin</STRONG> (Thumb, 10 bytes, Stack size 0 bytes, stm32f1xx_hal_gpio.o(i.HAL_GPIO_WritePin))
<BR><BR>[Called By]<UL><LI><a href="#[51]">&gt;&gt;</a>&nbsp;&nbsp;&nbsp;BEEP_GPIO_Config
</UL>

<P><STRONG><a name="[5e]"></a>HAL_GetTick</STRONG> (Thumb, 6 bytes, Stack size 0 bytes, stm32f1xx_hal.o(i.HAL_GetTick))
<BR><BR>[Called By]<UL><LI><a href="#[7e]">&gt;&gt;</a>&nbsp;&nbsp;&nbsp;HAL_UART_Transmit
<LI><a href="#[60]">&gt;&gt;</a>&nbsp;&nbsp;&nbsp;HAL_RCC_OscConfig
<LI><a href="#[5f]">&gt;&gt;</a>&nbsp;&nbsp;&nbsp;HAL_RCC_ClockConfig
<LI><a href="#[5d]">&gt;&gt;</a>&nbsp;&nbsp;&nbsp;HAL_RCCEx_PeriphCLKConfig
<LI><a href="#[7f]">&gt;&gt;</a>&nbsp;&nbsp;&nbsp;UART_WaitOnFlagUntilTimeout
<LI><a href="#[6d]">&gt;&gt;</a>&nbsp;&nbsp;&nbsp;HAL_RTC_WaitForSynchro
<LI><a href="#[6f]">&gt;&gt;</a>&nbsp;&nbsp;&nbsp;RTC_ExitInitMode
<LI><a href="#[6e]">&gt;&gt;</a>&nbsp;&nbsp;&nbsp;RTC_EnterInitMode
</UL>

<P><STRONG><a name="[96]"></a>HAL_IncTick</STRONG> (Thumb, 12 bytes, Stack size 0 bytes, stm32f1xx_hal.o(i.HAL_IncTick))
<BR><BR>[Called By]<UL><LI><a href="#[9]">&gt;&gt;</a>&nbsp;&nbsp;&nbsp;SysTick_Handler
</UL>

<P><STRONG><a name="[56]"></a>HAL_InitTick</STRONG> (Thumb, 54 bytes, Stack size 16 bytes, stm32f1xx_hal.o(i.HAL_InitTick))
<BR><BR>[Stack]<UL><LI>Max Depth = 32<LI>Call Chain = HAL_InitTick &rArr; HAL_NVIC_SetPriority
</UL>
<BR>[Calls]<UL><LI><a href="#[57]">&gt;&gt;</a>&nbsp;&nbsp;&nbsp;HAL_SYSTICK_Config
<LI><a href="#[58]">&gt;&gt;</a>&nbsp;&nbsp;&nbsp;HAL_NVIC_SetPriority
</UL>
<BR>[Called By]<UL><LI><a href="#[5f]">&gt;&gt;</a>&nbsp;&nbsp;&nbsp;HAL_RCC_ClockConfig
</UL>

<P><STRONG><a name="[90]"></a>HAL_NVIC_EnableIRQ</STRONG> (Thumb, 26 bytes, Stack size 0 bytes, stm32f1xx_hal_cortex.o(i.HAL_NVIC_EnableIRQ))
<BR><BR>[Called By]<UL><LI><a href="#[8f]">&gt;&gt;</a>&nbsp;&nbsp;&nbsp;RTC_AlarmSet
</UL>

<P><STRONG><a name="[58]"></a>HAL_NVIC_SetPriority</STRONG> (Thumb, 60 bytes, Stack size 16 bytes, stm32f1xx_hal_cortex.o(i.HAL_NVIC_SetPriority))
<BR><BR>[Stack]<UL><LI>Max Depth = 16<LI>Call Chain = HAL_NVIC_SetPriority
</UL>
<BR>[Calls]<UL><LI><a href="#[59]">&gt;&gt;</a>&nbsp;&nbsp;&nbsp;__NVIC_SetPriority
</UL>
<BR>[Called By]<UL><LI><a href="#[8f]">&gt;&gt;</a>&nbsp;&nbsp;&nbsp;RTC_AlarmSet
<LI><a href="#[56]">&gt;&gt;</a>&nbsp;&nbsp;&nbsp;HAL_InitTick
</UL>

<P><STRONG><a name="[70]"></a>HAL_PWR_EnableBkUpAccess</STRONG> (Thumb, 8 bytes, Stack size 0 bytes, stm32f1xx_hal_pwr.o(i.HAL_PWR_EnableBkUpAccess))
<BR><BR>[Called By]<UL><LI><a href="#[6c]">&gt;&gt;</a>&nbsp;&nbsp;&nbsp;HAL_RTC_MspInit
</UL>

<P><STRONG><a name="[5a]"></a>HAL_RCCEx_GetPeriphCLKFreq</STRONG> (Thumb, 166 bytes, Stack size 8 bytes, stm32f1xx_hal_rcc_ex.o(i.HAL_RCCEx_GetPeriphCLKFreq))
<BR><BR>[Stack]<UL><LI>Max Depth = 8<LI>Call Chain = HAL_RCCEx_GetPeriphCLKFreq
</UL>
<BR>[Calls]<UL><LI><a href="#[5c]">&gt;&gt;</a>&nbsp;&nbsp;&nbsp;HAL_RCC_GetSysClockFreq
<LI><a href="#[5b]">&gt;&gt;</a>&nbsp;&nbsp;&nbsp;HAL_RCC_GetPCLK2Freq
</UL>
<BR>[Called By]<UL><LI><a href="#[6b]">&gt;&gt;</a>&nbsp;&nbsp;&nbsp;HAL_RTC_Init
</UL>

<P><STRONG><a name="[5d]"></a>HAL_RCCEx_PeriphCLKConfig</STRONG> (Thumb, 224 bytes, Stack size 32 bytes, stm32f1xx_hal_rcc_ex.o(i.HAL_RCCEx_PeriphCLKConfig))
<BR><BR>[Stack]<UL><LI>Max Depth = 32<LI>Call Chain = HAL_RCCEx_PeriphCLKConfig
</UL>
<BR>[Calls]<UL><LI><a href="#[5e]">&gt;&gt;</a>&nbsp;&nbsp;&nbsp;HAL_GetTick
</UL>
<BR>[Called By]<UL><LI><a href="#[6c]">&gt;&gt;</a>&nbsp;&nbsp;&nbsp;HAL_RTC_MspInit
</UL>

<P><STRONG><a name="[5f]"></a>HAL_RCC_ClockConfig</STRONG> (Thumb, 280 bytes, Stack size 32 bytes, stm32f1xx_hal_rcc.o(i.HAL_RCC_ClockConfig))
<BR><BR>[Stack]<UL><LI>Max Depth = 64<LI>Call Chain = HAL_RCC_ClockConfig &rArr; HAL_InitTick &rArr; HAL_NVIC_SetPriority
</UL>
<BR>[Calls]<UL><LI><a href="#[56]">&gt;&gt;</a>&nbsp;&nbsp;&nbsp;HAL_InitTick
<LI><a href="#[5e]">&gt;&gt;</a>&nbsp;&nbsp;&nbsp;HAL_GetTick
<LI><a href="#[5c]">&gt;&gt;</a>&nbsp;&nbsp;&nbsp;HAL_RCC_GetSysClockFreq
</UL>
<BR>[Called By]<UL><LI><a href="#[97]">&gt;&gt;</a>&nbsp;&nbsp;&nbsp;SystemClock_Config
</UL>

<P><STRONG><a name="[99]"></a>HAL_RCC_GetPCLK1Freq</STRONG> (Thumb, 20 bytes, Stack size 0 bytes, stm32f1xx_hal_rcc.o(i.HAL_RCC_GetPCLK1Freq))
<BR><BR>[Called By]<UL><LI><a href="#[7d]">&gt;&gt;</a>&nbsp;&nbsp;&nbsp;UART_SetConfig
</UL>

<P><STRONG><a name="[5b]"></a>HAL_RCC_GetPCLK2Freq</STRONG> (Thumb, 20 bytes, Stack size 0 bytes, stm32f1xx_hal_rcc.o(i.HAL_RCC_GetPCLK2Freq))
<BR><BR>[Called By]<UL><LI><a href="#[5a]">&gt;&gt;</a>&nbsp;&nbsp;&nbsp;HAL_RCCEx_GetPeriphCLKFreq
<LI><a href="#[7d]">&gt;&gt;</a>&nbsp;&nbsp;&nbsp;UART_SetConfig
</UL>

<P><STRONG><a name="[5c]"></a>HAL_RCC_GetSysClockFreq</STRONG> (Thumb, 58 bytes, Stack size 0 bytes, stm32f1xx_hal_rcc.o(i.HAL_RCC_GetSysClockFreq))
<BR><BR>[Called By]<UL><LI><a href="#[5f]">&gt;&gt;</a>&nbsp;&nbsp;&nbsp;HAL_RCC_ClockConfig
<LI><a href="#[5a]">&gt;&gt;</a>&nbsp;&nbsp;&nbsp;HAL_RCCEx_GetPeriphCLKFreq
</UL>

<P><STRONG><a name="[60]"></a>HAL_RCC_OscConfig</STRONG> (Thumb, 778 bytes, Stack size 40 bytes, stm32f1xx_hal_rcc.o(i.HAL_RCC_OscConfig))
<BR><BR>[Stack]<UL><LI>Max Depth = 40<LI>Call Chain = HAL_RCC_OscConfig
</UL>
<BR>[Calls]<UL><LI><a href="#[5e]">&gt;&gt;</a>&nbsp;&nbsp;&nbsp;HAL_GetTick
</UL>
<BR>[Called By]<UL><LI><a href="#[97]">&gt;&gt;</a>&nbsp;&nbsp;&nbsp;SystemClock_Config
<LI><a href="#[6c]">&gt;&gt;</a>&nbsp;&nbsp;&nbsp;HAL_RTC_MspInit
</UL>

<P><STRONG><a name="[92]"></a>HAL_RTCEx_BKUPWrite</STRONG> (Thumb, 12 bytes, Stack size 0 bytes, stm32f1xx_hal_rtc_ex.o(i.HAL_RTCEx_BKUPWrite))
<BR><BR>[Called By]<UL><LI><a href="#[91]">&gt;&gt;</a>&nbsp;&nbsp;&nbsp;RTC_CalendarConfig
</UL>

<P><STRONG><a name="[62]"></a>HAL_RTC_AlarmAEventCallback</STRONG> (Thumb, 8 bytes, Stack size 0 bytes, stm32f1xx_it.o(i.HAL_RTC_AlarmAEventCallback))
<BR><BR>[Called By]<UL><LI><a href="#[61]">&gt;&gt;</a>&nbsp;&nbsp;&nbsp;HAL_RTC_AlarmIRQHandler
</UL>

<P><STRONG><a name="[61]"></a>HAL_RTC_AlarmIRQHandler</STRONG> (Thumb, 48 bytes, Stack size 8 bytes, stm32f1xx_hal_rtc.o(i.HAL_RTC_AlarmIRQHandler))
<BR><BR>[Stack]<UL><LI>Max Depth = 8<LI>Call Chain = HAL_RTC_AlarmIRQHandler
</UL>
<BR>[Calls]<UL><LI><a href="#[62]">&gt;&gt;</a>&nbsp;&nbsp;&nbsp;HAL_RTC_AlarmAEventCallback
</UL>
<BR>[Called By]<UL><LI><a href="#[33]">&gt;&gt;</a>&nbsp;&nbsp;&nbsp;RTC_Alarm_IRQHandler
</UL>

<P><STRONG><a name="[63]"></a>HAL_RTC_GetDate</STRONG> (Thumb, 78 bytes, Stack size 24 bytes, stm32f1xx_hal_rtc.o(i.HAL_RTC_GetDate))
<BR><BR>[Stack]<UL><LI>Max Depth = 100<LI>Call Chain = HAL_RTC_GetDate &rArr; HAL_RTC_GetTime &rArr; RTC_DateUpdate &rArr; RTC_WeekDayNum
</UL>
<BR>[Calls]<UL><LI><a href="#[64]">&gt;&gt;</a>&nbsp;&nbsp;&nbsp;HAL_RTC_GetTime
<LI><a href="#[65]">&gt;&gt;</a>&nbsp;&nbsp;&nbsp;RTC_ByteToBcd2
</UL>
<BR>[Called By]<UL><LI><a href="#[93]">&gt;&gt;</a>&nbsp;&nbsp;&nbsp;RTC_TimeAndDate_Show
</UL>

<P><STRONG><a name="[64]"></a>HAL_RTC_GetTime</STRONG> (Thumb, 216 bytes, Stack size 32 bytes, stm32f1xx_hal_rtc.o(i.HAL_RTC_GetTime))
<BR><BR>[Stack]<UL><LI>Max Depth = 76<LI>Call Chain = HAL_RTC_GetTime &rArr; RTC_DateUpdate &rArr; RTC_WeekDayNum
</UL>
<BR>[Calls]<UL><LI><a href="#[68]">&gt;&gt;</a>&nbsp;&nbsp;&nbsp;RTC_WriteTimeCounter
<LI><a href="#[69]">&gt;&gt;</a>&nbsp;&nbsp;&nbsp;RTC_WriteAlarmCounter
<LI><a href="#[66]">&gt;&gt;</a>&nbsp;&nbsp;&nbsp;RTC_ReadTimeCounter
<LI><a href="#[67]">&gt;&gt;</a>&nbsp;&nbsp;&nbsp;RTC_ReadAlarmCounter
<LI><a href="#[6a]">&gt;&gt;</a>&nbsp;&nbsp;&nbsp;RTC_DateUpdate
<LI><a href="#[65]">&gt;&gt;</a>&nbsp;&nbsp;&nbsp;RTC_ByteToBcd2
</UL>
<BR>[Called By]<UL><LI><a href="#[93]">&gt;&gt;</a>&nbsp;&nbsp;&nbsp;RTC_TimeAndDate_Show
<LI><a href="#[72]">&gt;&gt;</a>&nbsp;&nbsp;&nbsp;HAL_RTC_SetAlarm_IT
<LI><a href="#[63]">&gt;&gt;</a>&nbsp;&nbsp;&nbsp;HAL_RTC_GetDate
</UL>

<P><STRONG><a name="[6b]"></a>HAL_RTC_Init</STRONG> (Thumb, 144 bytes, Stack size 16 bytes, stm32f1xx_hal_rtc.o(i.HAL_RTC_Init))
<BR><BR>[Stack]<UL><LI>Max Depth = 136<LI>Call Chain = HAL_RTC_Init &rArr; HAL_RTC_MspInit &rArr; HAL_RCC_OscConfig
</UL>
<BR>[Calls]<UL><LI><a href="#[6c]">&gt;&gt;</a>&nbsp;&nbsp;&nbsp;HAL_RTC_MspInit
<LI><a href="#[5a]">&gt;&gt;</a>&nbsp;&nbsp;&nbsp;HAL_RCCEx_GetPeriphCLKFreq
<LI><a href="#[6d]">&gt;&gt;</a>&nbsp;&nbsp;&nbsp;HAL_RTC_WaitForSynchro
<LI><a href="#[6f]">&gt;&gt;</a>&nbsp;&nbsp;&nbsp;RTC_ExitInitMode
<LI><a href="#[6e]">&gt;&gt;</a>&nbsp;&nbsp;&nbsp;RTC_EnterInitMode
</UL>
<BR>[Called By]<UL><LI><a href="#[46]">&gt;&gt;</a>&nbsp;&nbsp;&nbsp;main
</UL>

<P><STRONG><a name="[6c]"></a>HAL_RTC_MspInit</STRONG> (Thumb, 98 bytes, Stack size 80 bytes, bsp_rtc.o(i.HAL_RTC_MspInit))
<BR><BR>[Stack]<UL><LI>Max Depth = 120<LI>Call Chain = HAL_RTC_MspInit &rArr; HAL_RCC_OscConfig
</UL>
<BR>[Calls]<UL><LI><a href="#[60]">&gt;&gt;</a>&nbsp;&nbsp;&nbsp;HAL_RCC_OscConfig
<LI><a href="#[5d]">&gt;&gt;</a>&nbsp;&nbsp;&nbsp;HAL_RCCEx_PeriphCLKConfig
<LI><a href="#[70]">&gt;&gt;</a>&nbsp;&nbsp;&nbsp;HAL_PWR_EnableBkUpAccess
<LI><a href="#[71]">&gt;&gt;</a>&nbsp;&nbsp;&nbsp;__2printf
</UL>
<BR>[Called By]<UL><LI><a href="#[6b]">&gt;&gt;</a>&nbsp;&nbsp;&nbsp;HAL_RTC_Init
</UL>

<P><STRONG><a name="[72]"></a>HAL_RTC_SetAlarm_IT</STRONG> (Thumb, 226 bytes, Stack size 32 bytes, stm32f1xx_hal_rtc.o(i.HAL_RTC_SetAlarm_IT))
<BR><BR>[Stack]<UL><LI>Max Depth = 108<LI>Call Chain = HAL_RTC_SetAlarm_IT &rArr; HAL_RTC_GetTime &rArr; RTC_DateUpdate &rArr; RTC_WeekDayNum
</UL>
<BR>[Calls]<UL><LI><a href="#[64]">&gt;&gt;</a>&nbsp;&nbsp;&nbsp;HAL_RTC_GetTime
<LI><a href="#[69]">&gt;&gt;</a>&nbsp;&nbsp;&nbsp;RTC_WriteAlarmCounter
<LI><a href="#[73]">&gt;&gt;</a>&nbsp;&nbsp;&nbsp;RTC_Bcd2ToByte
</UL>
<BR>[Called By]<UL><LI><a href="#[8f]">&gt;&gt;</a>&nbsp;&nbsp;&nbsp;RTC_AlarmSet
</UL>

<P><STRONG><a name="[74]"></a>HAL_RTC_SetDate</STRONG> (Thumb, 192 bytes, Stack size 24 bytes, stm32f1xx_hal_rtc.o(i.HAL_RTC_SetDate))
<BR><BR>[Stack]<UL><LI>Max Depth = 56<LI>Call Chain = HAL_RTC_SetDate &rArr; RTC_WriteTimeCounter &rArr; RTC_ExitInitMode
</UL>
<BR>[Calls]<UL><LI><a href="#[68]">&gt;&gt;</a>&nbsp;&nbsp;&nbsp;RTC_WriteTimeCounter
<LI><a href="#[69]">&gt;&gt;</a>&nbsp;&nbsp;&nbsp;RTC_WriteAlarmCounter
<LI><a href="#[75]">&gt;&gt;</a>&nbsp;&nbsp;&nbsp;RTC_WeekDayNum
<LI><a href="#[66]">&gt;&gt;</a>&nbsp;&nbsp;&nbsp;RTC_ReadTimeCounter
<LI><a href="#[67]">&gt;&gt;</a>&nbsp;&nbsp;&nbsp;RTC_ReadAlarmCounter
<LI><a href="#[73]">&gt;&gt;</a>&nbsp;&nbsp;&nbsp;RTC_Bcd2ToByte
</UL>
<BR>[Called By]<UL><LI><a href="#[91]">&gt;&gt;</a>&nbsp;&nbsp;&nbsp;RTC_CalendarConfig
</UL>

<P><STRONG><a name="[76]"></a>HAL_RTC_SetTime</STRONG> (Thumb, 168 bytes, Stack size 24 bytes, stm32f1xx_hal_rtc.o(i.HAL_RTC_SetTime))
<BR><BR>[Stack]<UL><LI>Max Depth = 56<LI>Call Chain = HAL_RTC_SetTime &rArr; RTC_WriteTimeCounter &rArr; RTC_ExitInitMode
</UL>
<BR>[Calls]<UL><LI><a href="#[68]">&gt;&gt;</a>&nbsp;&nbsp;&nbsp;RTC_WriteTimeCounter
<LI><a href="#[69]">&gt;&gt;</a>&nbsp;&nbsp;&nbsp;RTC_WriteAlarmCounter
<LI><a href="#[67]">&gt;&gt;</a>&nbsp;&nbsp;&nbsp;RTC_ReadAlarmCounter
<LI><a href="#[73]">&gt;&gt;</a>&nbsp;&nbsp;&nbsp;RTC_Bcd2ToByte
</UL>
<BR>[Called By]<UL><LI><a href="#[91]">&gt;&gt;</a>&nbsp;&nbsp;&nbsp;RTC_CalendarConfig
</UL>

<P><STRONG><a name="[6d]"></a>HAL_RTC_WaitForSynchro</STRONG> (Thumb, 58 bytes, Stack size 16 bytes, stm32f1xx_hal_rtc.o(i.HAL_RTC_WaitForSynchro))
<BR><BR>[Stack]<UL><LI>Max Depth = 16<LI>Call Chain = HAL_RTC_WaitForSynchro
</UL>
<BR>[Calls]<UL><LI><a href="#[5e]">&gt;&gt;</a>&nbsp;&nbsp;&nbsp;HAL_GetTick
</UL>
<BR>[Called By]<UL><LI><a href="#[6b]">&gt;&gt;</a>&nbsp;&nbsp;&nbsp;HAL_RTC_Init
</UL>

<P><STRONG><a name="[77]"></a>HAL_SRAM_Init</STRONG> (Thumb, 100 bytes, Stack size 16 bytes, stm32f1xx_hal_sram.o(i.HAL_SRAM_Init))
<BR><BR>[Stack]<UL><LI>Max Depth = 28<LI>Call Chain = HAL_SRAM_Init &rArr; FSMC_NORSRAM_Timing_Init
</UL>
<BR>[Calls]<UL><LI><a href="#[78]">&gt;&gt;</a>&nbsp;&nbsp;&nbsp;HAL_SRAM_MspInit
<LI><a href="#[7a]">&gt;&gt;</a>&nbsp;&nbsp;&nbsp;FSMC_NORSRAM_Timing_Init
<LI><a href="#[79]">&gt;&gt;</a>&nbsp;&nbsp;&nbsp;FSMC_NORSRAM_Init
<LI><a href="#[7b]">&gt;&gt;</a>&nbsp;&nbsp;&nbsp;FSMC_NORSRAM_Extended_Timing_Init
</UL>
<BR>[Called By]<UL><LI><a href="#[85]">&gt;&gt;</a>&nbsp;&nbsp;&nbsp;ILI9341_FSMC_Config
</UL>

<P><STRONG><a name="[78]"></a>HAL_SRAM_MspInit</STRONG> (Thumb, 2 bytes, Stack size 0 bytes, stm32f1xx_hal_sram.o(i.HAL_SRAM_MspInit))
<BR><BR>[Called By]<UL><LI><a href="#[77]">&gt;&gt;</a>&nbsp;&nbsp;&nbsp;HAL_SRAM_Init
</UL>

<P><STRONG><a name="[57]"></a>HAL_SYSTICK_Config</STRONG> (Thumb, 40 bytes, Stack size 8 bytes, stm32f1xx_hal_cortex.o(i.HAL_SYSTICK_Config))
<BR><BR>[Stack]<UL><LI>Max Depth = 8<LI>Call Chain = HAL_SYSTICK_Config
</UL>
<BR>[Calls]<UL><LI><a href="#[59]">&gt;&gt;</a>&nbsp;&nbsp;&nbsp;__NVIC_SetPriority
</UL>
<BR>[Called By]<UL><LI><a href="#[56]">&gt;&gt;</a>&nbsp;&nbsp;&nbsp;HAL_InitTick
</UL>

<P><STRONG><a name="[55]"></a>HAL_UART_Init</STRONG> (Thumb, 100 bytes, Stack size 16 bytes, stm32f1xx_hal_uart.o(i.HAL_UART_Init))
<BR><BR>[Stack]<UL><LI>Max Depth = 88<LI>Call Chain = HAL_UART_Init &rArr; HAL_UART_MspInit &rArr; HAL_GPIO_Init
</UL>
<BR>[Calls]<UL><LI><a href="#[7c]">&gt;&gt;</a>&nbsp;&nbsp;&nbsp;HAL_UART_MspInit
<LI><a href="#[7d]">&gt;&gt;</a>&nbsp;&nbsp;&nbsp;UART_SetConfig
</UL>
<BR>[Called By]<UL><LI><a href="#[54]">&gt;&gt;</a>&nbsp;&nbsp;&nbsp;DEBUG_USART_Config
</UL>

<P><STRONG><a name="[7c]"></a>HAL_UART_MspInit</STRONG> (Thumb, 102 bytes, Stack size 32 bytes, bsp_usart.o(i.HAL_UART_MspInit))
<BR><BR>[Stack]<UL><LI>Max Depth = 72<LI>Call Chain = HAL_UART_MspInit &rArr; HAL_GPIO_Init
</UL>
<BR>[Calls]<UL><LI><a href="#[52]">&gt;&gt;</a>&nbsp;&nbsp;&nbsp;HAL_GPIO_Init
</UL>
<BR>[Called By]<UL><LI><a href="#[55]">&gt;&gt;</a>&nbsp;&nbsp;&nbsp;HAL_UART_Init
</UL>

<P><STRONG><a name="[7e]"></a>HAL_UART_Transmit</STRONG> (Thumb, 154 bytes, Stack size 32 bytes, stm32f1xx_hal_uart.o(i.HAL_UART_Transmit))
<BR><BR>[Stack]<UL><LI>Max Depth = 56<LI>Call Chain = HAL_UART_Transmit &rArr; UART_WaitOnFlagUntilTimeout
</UL>
<BR>[Calls]<UL><LI><a href="#[5e]">&gt;&gt;</a>&nbsp;&nbsp;&nbsp;HAL_GetTick
<LI><a href="#[7f]">&gt;&gt;</a>&nbsp;&nbsp;&nbsp;UART_WaitOnFlagUntilTimeout
</UL>
<BR>[Called By]<UL><LI><a href="#[49]">&gt;&gt;</a>&nbsp;&nbsp;&nbsp;fputc
</UL>

<P><STRONG><a name="[2]"></a>HardFault_Handler</STRONG> (Thumb, 2 bytes, Stack size 0 bytes, stm32f1xx_it.o(i.HardFault_Handler))
<BR><BR>[Calls]<UL><LI><a href="#[2]">&gt;&gt;</a>&nbsp;&nbsp;&nbsp;HardFault_Handler
</UL>
<BR>[Called By]<UL><LI><a href="#[2]">&gt;&gt;</a>&nbsp;&nbsp;&nbsp;HardFault_Handler
</UL>
<BR>[Address Reference Count : 1]<UL><LI> startup_stm32f103xe.o(RESET)
</UL>
<P><STRONG><a name="[88]"></a>ILI9341_BackLed_Control</STRONG> (Thumb, 16 bytes, Stack size 0 bytes, bsp_ili9341_lcd.o(i.ILI9341_BackLed_Control))
<BR><BR>[Called By]<UL><LI><a href="#[87]">&gt;&gt;</a>&nbsp;&nbsp;&nbsp;ILI9341_Init
</UL>

<P><STRONG><a name="[80]"></a>ILI9341_Clear</STRONG> (Thumb, 26 bytes, Stack size 16 bytes, bsp_ili9341_lcd.o(i.ILI9341_Clear))
<BR><BR>[Stack]<UL><LI>Max Depth = 32<LI>Call Chain = ILI9341_Clear &rArr; ILI9341_OpenWindow
</UL>
<BR>[Calls]<UL><LI><a href="#[81]">&gt;&gt;</a>&nbsp;&nbsp;&nbsp;ILI9341_OpenWindow
<LI><a href="#[82]">&gt;&gt;</a>&nbsp;&nbsp;&nbsp;ILI9341_FillColor
</UL>
<BR>[Called By]<UL><LI><a href="#[46]">&gt;&gt;</a>&nbsp;&nbsp;&nbsp;main
</UL>

<P><STRONG><a name="[83]"></a>ILI9341_DispChar_EN</STRONG> (Thumb, 98 bytes, Stack size 20 bytes, bsp_ili9341_lcd.o(i.ILI9341_DispChar_EN))
<BR><BR>[Stack]<UL><LI>Max Depth = 36<LI>Call Chain = ILI9341_DispChar_EN &rArr; ILI9341_OpenWindow
</UL>
<BR>[Calls]<UL><LI><a href="#[81]">&gt;&gt;</a>&nbsp;&nbsp;&nbsp;ILI9341_OpenWindow
</UL>
<BR>[Called By]<UL><LI><a href="#[84]">&gt;&gt;</a>&nbsp;&nbsp;&nbsp;ILI9341_DispStringLine_EN
</UL>

<P><STRONG><a name="[84]"></a>ILI9341_DispStringLine_EN</STRONG> (Thumb, 70 bytes, Stack size 20 bytes, bsp_ili9341_lcd.o(i.ILI9341_DispStringLine_EN))
<BR><BR>[Stack]<UL><LI>Max Depth = 56<LI>Call Chain = ILI9341_DispStringLine_EN &rArr; ILI9341_DispChar_EN &rArr; ILI9341_OpenWindow
</UL>
<BR>[Calls]<UL><LI><a href="#[83]">&gt;&gt;</a>&nbsp;&nbsp;&nbsp;ILI9341_DispChar_EN
</UL>
<BR>[Called By]<UL><LI><a href="#[93]">&gt;&gt;</a>&nbsp;&nbsp;&nbsp;RTC_TimeAndDate_Show
</UL>

<P><STRONG><a name="[8b]"></a>ILI9341_GramScan</STRONG> (Thumb, 126 bytes, Stack size 12 bytes, bsp_ili9341_lcd.o(i.ILI9341_GramScan))
<BR><BR>[Stack]<UL><LI>Max Depth = 12<LI>Call Chain = ILI9341_GramScan
</UL>
<BR>[Called By]<UL><LI><a href="#[87]">&gt;&gt;</a>&nbsp;&nbsp;&nbsp;ILI9341_Init
<LI><a href="#[46]">&gt;&gt;</a>&nbsp;&nbsp;&nbsp;main
</UL>

<P><STRONG><a name="[87]"></a>ILI9341_Init</STRONG> (Thumb, 36 bytes, Stack size 8 bytes, bsp_ili9341_lcd.o(i.ILI9341_Init))
<BR><BR>[Stack]<UL><LI>Max Depth = 96<LI>Call Chain = ILI9341_Init &rArr; ILI9341_FSMC_Config &rArr; ILI9341_GPIO_Config &rArr; HAL_GPIO_Init
</UL>
<BR>[Calls]<UL><LI><a href="#[89]">&gt;&gt;</a>&nbsp;&nbsp;&nbsp;ILI9341_Rst
<LI><a href="#[88]">&gt;&gt;</a>&nbsp;&nbsp;&nbsp;ILI9341_BackLed_Control
<LI><a href="#[8a]">&gt;&gt;</a>&nbsp;&nbsp;&nbsp;ILI9341_REG_Config
<LI><a href="#[86]">&gt;&gt;</a>&nbsp;&nbsp;&nbsp;ILI9341_GPIO_Config
<LI><a href="#[85]">&gt;&gt;</a>&nbsp;&nbsp;&nbsp;ILI9341_FSMC_Config
<LI><a href="#[8b]">&gt;&gt;</a>&nbsp;&nbsp;&nbsp;ILI9341_GramScan
</UL>
<BR>[Called By]<UL><LI><a href="#[46]">&gt;&gt;</a>&nbsp;&nbsp;&nbsp;main
</UL>

<P><STRONG><a name="[81]"></a>ILI9341_OpenWindow</STRONG> (Thumb, 58 bytes, Stack size 16 bytes, bsp_ili9341_lcd.o(i.ILI9341_OpenWindow))
<BR><BR>[Stack]<UL><LI>Max Depth = 16<LI>Call Chain = ILI9341_OpenWindow
</UL>
<BR>[Called By]<UL><LI><a href="#[83]">&gt;&gt;</a>&nbsp;&nbsp;&nbsp;ILI9341_DispChar_EN
<LI><a href="#[80]">&gt;&gt;</a>&nbsp;&nbsp;&nbsp;ILI9341_Clear
</UL>

<P><STRONG><a name="[8c]"></a>ILI9341_ReadID</STRONG> (Thumb, 68 bytes, Stack size 8 bytes, bsp_ili9341_lcd.o(i.ILI9341_ReadID))
<BR><BR>[Stack]<UL><LI>Max Depth = 8<LI>Call Chain = ILI9341_ReadID
</UL>
<BR>[Called By]<UL><LI><a href="#[8a]">&gt;&gt;</a>&nbsp;&nbsp;&nbsp;ILI9341_REG_Config
</UL>

<P><STRONG><a name="[89]"></a>ILI9341_Rst</STRONG> (Thumb, 34 bytes, Stack size 16 bytes, bsp_ili9341_lcd.o(i.ILI9341_Rst))
<BR><BR>[Stack]<UL><LI>Max Depth = 24<LI>Call Chain = ILI9341_Rst &rArr; ILI9341_Delay
</UL>
<BR>[Calls]<UL><LI><a href="#[8d]">&gt;&gt;</a>&nbsp;&nbsp;&nbsp;ILI9341_Delay
</UL>
<BR>[Called By]<UL><LI><a href="#[87]">&gt;&gt;</a>&nbsp;&nbsp;&nbsp;ILI9341_Init
</UL>

<P><STRONG><a name="[95]"></a>LCD_GetFont</STRONG> (Thumb, 6 bytes, Stack size 0 bytes, bsp_ili9341_lcd.o(i.LCD_GetFont))
<BR><BR>[Called By]<UL><LI><a href="#[93]">&gt;&gt;</a>&nbsp;&nbsp;&nbsp;RTC_TimeAndDate_Show
</UL>

<P><STRONG><a name="[9e]"></a>LCD_SetColors</STRONG> (Thumb, 8 bytes, Stack size 0 bytes, bsp_ili9341_lcd.o(i.LCD_SetColors))
<BR><BR>[Called By]<UL><LI><a href="#[46]">&gt;&gt;</a>&nbsp;&nbsp;&nbsp;main
</UL>

<P><STRONG><a name="[8e]"></a>LED_GPIO_Config</STRONG> (Thumb, 114 bytes, Stack size 40 bytes, bsp_led.o(i.LED_GPIO_Config))
<BR><BR>[Stack]<UL><LI>Max Depth = 80<LI>Call Chain = LED_GPIO_Config &rArr; HAL_GPIO_Init
</UL>
<BR>[Calls]<UL><LI><a href="#[52]">&gt;&gt;</a>&nbsp;&nbsp;&nbsp;HAL_GPIO_Init
</UL>
<BR>[Called By]<UL><LI><a href="#[46]">&gt;&gt;</a>&nbsp;&nbsp;&nbsp;main
</UL>

<P><STRONG><a name="[3]"></a>MemManage_Handler</STRONG> (Thumb, 2 bytes, Stack size 0 bytes, stm32f1xx_it.o(i.MemManage_Handler))
<BR><BR>[Calls]<UL><LI><a href="#[3]">&gt;&gt;</a>&nbsp;&nbsp;&nbsp;MemManage_Handler
</UL>
<BR>[Called By]<UL><LI><a href="#[3]">&gt;&gt;</a>&nbsp;&nbsp;&nbsp;MemManage_Handler
</UL>
<BR>[Address Reference Count : 1]<UL><LI> startup_stm32f103xe.o(RESET)
</UL>
<P><STRONG><a name="[1]"></a>NMI_Handler</STRONG> (Thumb, 2 bytes, Stack size 0 bytes, stm32f1xx_it.o(i.NMI_Handler))
<BR><BR>[Calls]<UL><LI><a href="#[1]">&gt;&gt;</a>&nbsp;&nbsp;&nbsp;NMI_Handler
</UL>
<BR>[Called By]<UL><LI><a href="#[1]">&gt;&gt;</a>&nbsp;&nbsp;&nbsp;NMI_Handler
</UL>
<BR>[Address Reference Count : 1]<UL><LI> startup_stm32f103xe.o(RESET)
</UL>
<P><STRONG><a name="[8]"></a>PendSV_Handler</STRONG> (Thumb, 2 bytes, Stack size 0 bytes, stm32f1xx_it.o(i.PendSV_Handler))
<BR>[Address Reference Count : 1]<UL><LI> startup_stm32f103xe.o(RESET)
</UL>
<P><STRONG><a name="[8f]"></a>RTC_AlarmSet</STRONG> (Thumb, 52 bytes, Stack size 16 bytes, bsp_rtc.o(i.RTC_AlarmSet))
<BR><BR>[Stack]<UL><LI>Max Depth = 124<LI>Call Chain = RTC_AlarmSet &rArr; HAL_RTC_SetAlarm_IT &rArr; HAL_RTC_GetTime &rArr; RTC_DateUpdate &rArr; RTC_WeekDayNum
</UL>
<BR>[Calls]<UL><LI><a href="#[72]">&gt;&gt;</a>&nbsp;&nbsp;&nbsp;HAL_RTC_SetAlarm_IT
<LI><a href="#[58]">&gt;&gt;</a>&nbsp;&nbsp;&nbsp;HAL_NVIC_SetPriority
<LI><a href="#[90]">&gt;&gt;</a>&nbsp;&nbsp;&nbsp;HAL_NVIC_EnableIRQ
</UL>
<BR>[Called By]<UL><LI><a href="#[46]">&gt;&gt;</a>&nbsp;&nbsp;&nbsp;main
</UL>

<P><STRONG><a name="[33]"></a>RTC_Alarm_IRQHandler</STRONG> (Thumb, 6 bytes, Stack size 0 bytes, stm32f1xx_it.o(i.RTC_Alarm_IRQHandler))
<BR><BR>[Stack]<UL><LI>Max Depth = 8<LI>Call Chain = RTC_Alarm_IRQHandler &rArr; HAL_RTC_AlarmIRQHandler
</UL>
<BR>[Calls]<UL><LI><a href="#[61]">&gt;&gt;</a>&nbsp;&nbsp;&nbsp;HAL_RTC_AlarmIRQHandler
</UL>
<BR>[Address Reference Count : 1]<UL><LI> startup_stm32f103xe.o(RESET)
</UL>
<P><STRONG><a name="[91]"></a>RTC_CalendarConfig</STRONG> (Thumb, 94 bytes, Stack size 16 bytes, bsp_rtc.o(i.RTC_CalendarConfig))
<BR><BR>[Stack]<UL><LI>Max Depth = 72<LI>Call Chain = RTC_CalendarConfig &rArr; HAL_RTC_SetTime &rArr; RTC_WriteTimeCounter &rArr; RTC_ExitInitMode
</UL>
<BR>[Calls]<UL><LI><a href="#[76]">&gt;&gt;</a>&nbsp;&nbsp;&nbsp;HAL_RTC_SetTime
<LI><a href="#[74]">&gt;&gt;</a>&nbsp;&nbsp;&nbsp;HAL_RTC_SetDate
<LI><a href="#[92]">&gt;&gt;</a>&nbsp;&nbsp;&nbsp;HAL_RTCEx_BKUPWrite
<LI><a href="#[71]">&gt;&gt;</a>&nbsp;&nbsp;&nbsp;__2printf
</UL>
<BR>[Called By]<UL><LI><a href="#[46]">&gt;&gt;</a>&nbsp;&nbsp;&nbsp;main
</UL>

<P><STRONG><a name="[93]"></a>RTC_TimeAndDate_Show</STRONG> (Thumb, 186 bytes, Stack size 120 bytes, bsp_rtc.o(i.RTC_TimeAndDate_Show))
<BR><BR>[Stack]<UL><LI>Max Depth = 220<LI>Call Chain = RTC_TimeAndDate_Show &rArr; HAL_RTC_GetDate &rArr; HAL_RTC_GetTime &rArr; RTC_DateUpdate &rArr; RTC_WeekDayNum
</UL>
<BR>[Calls]<UL><LI><a href="#[95]">&gt;&gt;</a>&nbsp;&nbsp;&nbsp;LCD_GetFont
<LI><a href="#[84]">&gt;&gt;</a>&nbsp;&nbsp;&nbsp;ILI9341_DispStringLine_EN
<LI><a href="#[64]">&gt;&gt;</a>&nbsp;&nbsp;&nbsp;HAL_RTC_GetTime
<LI><a href="#[63]">&gt;&gt;</a>&nbsp;&nbsp;&nbsp;HAL_RTC_GetDate
<LI><a href="#[94]">&gt;&gt;</a>&nbsp;&nbsp;&nbsp;__2sprintf
<LI><a href="#[71]">&gt;&gt;</a>&nbsp;&nbsp;&nbsp;__2printf
</UL>
<BR>[Called By]<UL><LI><a href="#[46]">&gt;&gt;</a>&nbsp;&nbsp;&nbsp;main
</UL>

<P><STRONG><a name="[6]"></a>SVC_Handler</STRONG> (Thumb, 2 bytes, Stack size 0 bytes, stm32f1xx_it.o(i.SVC_Handler))
<BR>[Address Reference Count : 1]<UL><LI> startup_stm32f103xe.o(RESET)
</UL>
<P><STRONG><a name="[9]"></a>SysTick_Handler</STRONG> (Thumb, 4 bytes, Stack size 0 bytes, stm32f1xx_it.o(i.SysTick_Handler))
<BR><BR>[Calls]<UL><LI><a href="#[96]">&gt;&gt;</a>&nbsp;&nbsp;&nbsp;HAL_IncTick
</UL>
<BR>[Address Reference Count : 1]<UL><LI> startup_stm32f103xe.o(RESET)
</UL>
<P><STRONG><a name="[97]"></a>SystemClock_Config</STRONG> (Thumb, 94 bytes, Stack size 72 bytes, main.o(i.SystemClock_Config))
<BR><BR>[Stack]<UL><LI>Max Depth = 136<LI>Call Chain = SystemClock_Config &rArr; HAL_RCC_ClockConfig &rArr; HAL_InitTick &rArr; HAL_NVIC_SetPriority
</UL>
<BR>[Calls]<UL><LI><a href="#[60]">&gt;&gt;</a>&nbsp;&nbsp;&nbsp;HAL_RCC_OscConfig
<LI><a href="#[5f]">&gt;&gt;</a>&nbsp;&nbsp;&nbsp;HAL_RCC_ClockConfig
<LI><a href="#[98]">&gt;&gt;</a>&nbsp;&nbsp;&nbsp;__aeabi_memclr4
</UL>
<BR>[Called By]<UL><LI><a href="#[46]">&gt;&gt;</a>&nbsp;&nbsp;&nbsp;main
</UL>

<P><STRONG><a name="[47]"></a>SystemInit</STRONG> (Thumb, 2 bytes, Stack size 0 bytes, system_stm32f1xx.o(i.SystemInit))
<BR>[Address Reference Count : 1]<UL><LI> startup_stm32f103xe.o(.text)
</UL>
<P><STRONG><a name="[5]"></a>UsageFault_Handler</STRONG> (Thumb, 2 bytes, Stack size 0 bytes, stm32f1xx_it.o(i.UsageFault_Handler))
<BR><BR>[Calls]<UL><LI><a href="#[5]">&gt;&gt;</a>&nbsp;&nbsp;&nbsp;UsageFault_Handler
</UL>
<BR>[Called By]<UL><LI><a href="#[5]">&gt;&gt;</a>&nbsp;&nbsp;&nbsp;UsageFault_Handler
</UL>
<BR>[Address Reference Count : 1]<UL><LI> startup_stm32f103xe.o(RESET)
</UL>
<P><STRONG><a name="[9a]"></a>__0printf$1</STRONG> (Thumb, 22 bytes, Stack size 24 bytes, printf1.o(i.__0printf$1), UNUSED)
<BR><BR>[Calls]<UL><LI><a href="#[9b]">&gt;&gt;</a>&nbsp;&nbsp;&nbsp;_printf_core
</UL>

<P><STRONG><a name="[aa]"></a>__1printf$1</STRONG> (Thumb, 0 bytes, Stack size 24 bytes, printf1.o(i.__0printf$1), UNUSED)

<P><STRONG><a name="[71]"></a>__2printf</STRONG> (Thumb, 0 bytes, Stack size 24 bytes, printf1.o(i.__0printf$1))
<BR><BR>[Stack]<UL><LI>Max Depth = 24<LI>Call Chain = __2printf
</UL>
<BR>[Called By]<UL><LI><a href="#[93]">&gt;&gt;</a>&nbsp;&nbsp;&nbsp;RTC_TimeAndDate_Show
<LI><a href="#[91]">&gt;&gt;</a>&nbsp;&nbsp;&nbsp;RTC_CalendarConfig
<LI><a href="#[46]">&gt;&gt;</a>&nbsp;&nbsp;&nbsp;main
<LI><a href="#[6c]">&gt;&gt;</a>&nbsp;&nbsp;&nbsp;HAL_RTC_MspInit
</UL>

<P><STRONG><a name="[9c]"></a>__0sprintf$1</STRONG> (Thumb, 34 bytes, Stack size 24 bytes, printf1.o(i.__0sprintf$1), UNUSED)
<BR><BR>[Calls]<UL><LI><a href="#[4a]">&gt;&gt;</a>&nbsp;&nbsp;&nbsp;_sputc
<LI><a href="#[9b]">&gt;&gt;</a>&nbsp;&nbsp;&nbsp;_printf_core
</UL>

<P><STRONG><a name="[ab]"></a>__1sprintf$1</STRONG> (Thumb, 0 bytes, Stack size 24 bytes, printf1.o(i.__0sprintf$1), UNUSED)

<P><STRONG><a name="[94]"></a>__2sprintf</STRONG> (Thumb, 0 bytes, Stack size 24 bytes, printf1.o(i.__0sprintf$1))
<BR><BR>[Stack]<UL><LI>Max Depth = 24<LI>Call Chain = __2sprintf
</UL>
<BR>[Called By]<UL><LI><a href="#[93]">&gt;&gt;</a>&nbsp;&nbsp;&nbsp;RTC_TimeAndDate_Show
</UL>

<P><STRONG><a name="[ac]"></a>__scatterload_copy</STRONG> (Thumb, 14 bytes, Stack size unknown bytes, handlers.o(i.__scatterload_copy), UNUSED)

<P><STRONG><a name="[ad]"></a>__scatterload_null</STRONG> (Thumb, 2 bytes, Stack size unknown bytes, handlers.o(i.__scatterload_null), UNUSED)

<P><STRONG><a name="[ae]"></a>__scatterload_zeroinit</STRONG> (Thumb, 14 bytes, Stack size unknown bytes, handlers.o(i.__scatterload_zeroinit), UNUSED)

<P><STRONG><a name="[49]"></a>fputc</STRONG> (Thumb, 20 bytes, Stack size 16 bytes, bsp_usart.o(i.fputc))
<BR><BR>[Stack]<UL><LI>Max Depth = 72<LI>Call Chain = fputc &rArr; HAL_UART_Transmit &rArr; UART_WaitOnFlagUntilTimeout
</UL>
<BR>[Calls]<UL><LI><a href="#[7e]">&gt;&gt;</a>&nbsp;&nbsp;&nbsp;HAL_UART_Transmit
</UL>
<BR>[Address Reference Count : 1]<UL><LI> printf1.o(i.__0printf$1)
</UL>
<P><STRONG><a name="[46]"></a>main</STRONG> (Thumb, 128 bytes, Stack size 0 bytes, main.o(i.main))
<BR><BR>[Stack]<UL><LI>Max Depth = 220<LI>Call Chain = main &rArr; RTC_TimeAndDate_Show &rArr; HAL_RTC_GetDate &rArr; HAL_RTC_GetTime &rArr; RTC_DateUpdate &rArr; RTC_WeekDayNum
</UL>
<BR>[Calls]<UL><LI><a href="#[93]">&gt;&gt;</a>&nbsp;&nbsp;&nbsp;RTC_TimeAndDate_Show
<LI><a href="#[91]">&gt;&gt;</a>&nbsp;&nbsp;&nbsp;RTC_CalendarConfig
<LI><a href="#[8f]">&gt;&gt;</a>&nbsp;&nbsp;&nbsp;RTC_AlarmSet
<LI><a href="#[8e]">&gt;&gt;</a>&nbsp;&nbsp;&nbsp;LED_GPIO_Config
<LI><a href="#[9e]">&gt;&gt;</a>&nbsp;&nbsp;&nbsp;LCD_SetColors
<LI><a href="#[87]">&gt;&gt;</a>&nbsp;&nbsp;&nbsp;ILI9341_Init
<LI><a href="#[8b]">&gt;&gt;</a>&nbsp;&nbsp;&nbsp;ILI9341_GramScan
<LI><a href="#[80]">&gt;&gt;</a>&nbsp;&nbsp;&nbsp;ILI9341_Clear
<LI><a href="#[6b]">&gt;&gt;</a>&nbsp;&nbsp;&nbsp;HAL_RTC_Init
<LI><a href="#[54]">&gt;&gt;</a>&nbsp;&nbsp;&nbsp;DEBUG_USART_Config
<LI><a href="#[51]">&gt;&gt;</a>&nbsp;&nbsp;&nbsp;BEEP_GPIO_Config
<LI><a href="#[97]">&gt;&gt;</a>&nbsp;&nbsp;&nbsp;SystemClock_Config
<LI><a href="#[71]">&gt;&gt;</a>&nbsp;&nbsp;&nbsp;__2printf
</UL>
<BR>[Address Reference Count : 1]<UL><LI> entry9a.o(.ARM.Collect$$$$0000000B)
</UL><P>
<H3>
Local Symbols
</H3>
<P><STRONG><a name="[8d]"></a>ILI9341_Delay</STRONG> (Thumb, 16 bytes, Stack size 8 bytes, bsp_ili9341_lcd.o(i.ILI9341_Delay))
<BR><BR>[Stack]<UL><LI>Max Depth = 8<LI>Call Chain = ILI9341_Delay
</UL>
<BR>[Called By]<UL><LI><a href="#[89]">&gt;&gt;</a>&nbsp;&nbsp;&nbsp;ILI9341_Rst
<LI><a href="#[8a]">&gt;&gt;</a>&nbsp;&nbsp;&nbsp;ILI9341_REG_Config
</UL>

<P><STRONG><a name="[85]"></a>ILI9341_FSMC_Config</STRONG> (Thumb, 86 bytes, Stack size 8 bytes, bsp_ili9341_lcd.o(i.ILI9341_FSMC_Config))
<BR><BR>[Stack]<UL><LI>Max Depth = 88<LI>Call Chain = ILI9341_FSMC_Config &rArr; ILI9341_GPIO_Config &rArr; HAL_GPIO_Init
</UL>
<BR>[Calls]<UL><LI><a href="#[77]">&gt;&gt;</a>&nbsp;&nbsp;&nbsp;HAL_SRAM_Init
<LI><a href="#[86]">&gt;&gt;</a>&nbsp;&nbsp;&nbsp;ILI9341_GPIO_Config
</UL>
<BR>[Called By]<UL><LI><a href="#[87]">&gt;&gt;</a>&nbsp;&nbsp;&nbsp;ILI9341_Init
</UL>

<P><STRONG><a name="[82]"></a>ILI9341_FillColor</STRONG> (Thumb, 24 bytes, Stack size 8 bytes, bsp_ili9341_lcd.o(i.ILI9341_FillColor))
<BR><BR>[Stack]<UL><LI>Max Depth = 8<LI>Call Chain = ILI9341_FillColor
</UL>
<BR>[Called By]<UL><LI><a href="#[80]">&gt;&gt;</a>&nbsp;&nbsp;&nbsp;ILI9341_Clear
</UL>

<P><STRONG><a name="[86]"></a>ILI9341_GPIO_Config</STRONG> (Thumb, 160 bytes, Stack size 40 bytes, bsp_ili9341_lcd.o(i.ILI9341_GPIO_Config))
<BR><BR>[Stack]<UL><LI>Max Depth = 80<LI>Call Chain = ILI9341_GPIO_Config &rArr; HAL_GPIO_Init
</UL>
<BR>[Calls]<UL><LI><a href="#[52]">&gt;&gt;</a>&nbsp;&nbsp;&nbsp;HAL_GPIO_Init
</UL>
<BR>[Called By]<UL><LI><a href="#[85]">&gt;&gt;</a>&nbsp;&nbsp;&nbsp;ILI9341_FSMC_Config
<LI><a href="#[87]">&gt;&gt;</a>&nbsp;&nbsp;&nbsp;ILI9341_Init
</UL>

<P><STRONG><a name="[8a]"></a>ILI9341_REG_Config</STRONG> (Thumb, 724 bytes, Stack size 8 bytes, bsp_ili9341_lcd.o(i.ILI9341_REG_Config))
<BR><BR>[Stack]<UL><LI>Max Depth = 16<LI>Call Chain = ILI9341_REG_Config &rArr; ILI9341_ReadID
</UL>
<BR>[Calls]<UL><LI><a href="#[8c]">&gt;&gt;</a>&nbsp;&nbsp;&nbsp;ILI9341_ReadID
<LI><a href="#[8d]">&gt;&gt;</a>&nbsp;&nbsp;&nbsp;ILI9341_Delay
</UL>
<BR>[Called By]<UL><LI><a href="#[87]">&gt;&gt;</a>&nbsp;&nbsp;&nbsp;ILI9341_Init
</UL>

<P><STRONG><a name="[59]"></a>__NVIC_SetPriority</STRONG> (Thumb, 32 bytes, Stack size 0 bytes, stm32f1xx_hal_cortex.o(i.__NVIC_SetPriority))
<BR><BR>[Called By]<UL><LI><a href="#[57]">&gt;&gt;</a>&nbsp;&nbsp;&nbsp;HAL_SYSTICK_Config
<LI><a href="#[58]">&gt;&gt;</a>&nbsp;&nbsp;&nbsp;HAL_NVIC_SetPriority
</UL>

<P><STRONG><a name="[7d]"></a>UART_SetConfig</STRONG> (Thumb, 178 bytes, Stack size 16 bytes, stm32f1xx_hal_uart.o(i.UART_SetConfig))
<BR><BR>[Stack]<UL><LI>Max Depth = 16<LI>Call Chain = UART_SetConfig
</UL>
<BR>[Calls]<UL><LI><a href="#[99]">&gt;&gt;</a>&nbsp;&nbsp;&nbsp;HAL_RCC_GetPCLK1Freq
<LI><a href="#[5b]">&gt;&gt;</a>&nbsp;&nbsp;&nbsp;HAL_RCC_GetPCLK2Freq
</UL>
<BR>[Called By]<UL><LI><a href="#[55]">&gt;&gt;</a>&nbsp;&nbsp;&nbsp;HAL_UART_Init
</UL>

<P><STRONG><a name="[7f]"></a>UART_WaitOnFlagUntilTimeout</STRONG> (Thumb, 120 bytes, Stack size 24 bytes, stm32f1xx_hal_uart.o(i.UART_WaitOnFlagUntilTimeout))
<BR><BR>[Stack]<UL><LI>Max Depth = 24<LI>Call Chain = UART_WaitOnFlagUntilTimeout
</UL>
<BR>[Calls]<UL><LI><a href="#[5e]">&gt;&gt;</a>&nbsp;&nbsp;&nbsp;HAL_GetTick
</UL>
<BR>[Called By]<UL><LI><a href="#[7e]">&gt;&gt;</a>&nbsp;&nbsp;&nbsp;HAL_UART_Transmit
</UL>

<P><STRONG><a name="[73]"></a>RTC_Bcd2ToByte</STRONG> (Thumb, 18 bytes, Stack size 0 bytes, stm32f1xx_hal_rtc.o(i.RTC_Bcd2ToByte))
<BR><BR>[Called By]<UL><LI><a href="#[76]">&gt;&gt;</a>&nbsp;&nbsp;&nbsp;HAL_RTC_SetTime
<LI><a href="#[74]">&gt;&gt;</a>&nbsp;&nbsp;&nbsp;HAL_RTC_SetDate
<LI><a href="#[72]">&gt;&gt;</a>&nbsp;&nbsp;&nbsp;HAL_RTC_SetAlarm_IT
</UL>

<P><STRONG><a name="[65]"></a>RTC_ByteToBcd2</STRONG> (Thumb, 22 bytes, Stack size 0 bytes, stm32f1xx_hal_rtc.o(i.RTC_ByteToBcd2))
<BR><BR>[Called By]<UL><LI><a href="#[64]">&gt;&gt;</a>&nbsp;&nbsp;&nbsp;HAL_RTC_GetTime
<LI><a href="#[63]">&gt;&gt;</a>&nbsp;&nbsp;&nbsp;HAL_RTC_GetDate
</UL>

<P><STRONG><a name="[6a]"></a>RTC_DateUpdate</STRONG> (Thumb, 174 bytes, Stack size 24 bytes, stm32f1xx_hal_rtc.o(i.RTC_DateUpdate))
<BR><BR>[Stack]<UL><LI>Max Depth = 44<LI>Call Chain = RTC_DateUpdate &rArr; RTC_WeekDayNum
</UL>
<BR>[Calls]<UL><LI><a href="#[75]">&gt;&gt;</a>&nbsp;&nbsp;&nbsp;RTC_WeekDayNum
</UL>
<BR>[Called By]<UL><LI><a href="#[64]">&gt;&gt;</a>&nbsp;&nbsp;&nbsp;HAL_RTC_GetTime
</UL>

<P><STRONG><a name="[6e]"></a>RTC_EnterInitMode</STRONG> (Thumb, 52 bytes, Stack size 16 bytes, stm32f1xx_hal_rtc.o(i.RTC_EnterInitMode))
<BR><BR>[Stack]<UL><LI>Max Depth = 16<LI>Call Chain = RTC_EnterInitMode
</UL>
<BR>[Calls]<UL><LI><a href="#[5e]">&gt;&gt;</a>&nbsp;&nbsp;&nbsp;HAL_GetTick
</UL>
<BR>[Called By]<UL><LI><a href="#[6b]">&gt;&gt;</a>&nbsp;&nbsp;&nbsp;HAL_RTC_Init
<LI><a href="#[68]">&gt;&gt;</a>&nbsp;&nbsp;&nbsp;RTC_WriteTimeCounter
<LI><a href="#[69]">&gt;&gt;</a>&nbsp;&nbsp;&nbsp;RTC_WriteAlarmCounter
</UL>

<P><STRONG><a name="[6f]"></a>RTC_ExitInitMode</STRONG> (Thumb, 54 bytes, Stack size 16 bytes, stm32f1xx_hal_rtc.o(i.RTC_ExitInitMode))
<BR><BR>[Stack]<UL><LI>Max Depth = 16<LI>Call Chain = RTC_ExitInitMode
</UL>
<BR>[Calls]<UL><LI><a href="#[5e]">&gt;&gt;</a>&nbsp;&nbsp;&nbsp;HAL_GetTick
</UL>
<BR>[Called By]<UL><LI><a href="#[6b]">&gt;&gt;</a>&nbsp;&nbsp;&nbsp;HAL_RTC_Init
<LI><a href="#[68]">&gt;&gt;</a>&nbsp;&nbsp;&nbsp;RTC_WriteTimeCounter
<LI><a href="#[69]">&gt;&gt;</a>&nbsp;&nbsp;&nbsp;RTC_WriteAlarmCounter
</UL>

<P><STRONG><a name="[67]"></a>RTC_ReadAlarmCounter</STRONG> (Thumb, 14 bytes, Stack size 0 bytes, stm32f1xx_hal_rtc.o(i.RTC_ReadAlarmCounter))
<BR><BR>[Called By]<UL><LI><a href="#[76]">&gt;&gt;</a>&nbsp;&nbsp;&nbsp;HAL_RTC_SetTime
<LI><a href="#[74]">&gt;&gt;</a>&nbsp;&nbsp;&nbsp;HAL_RTC_SetDate
<LI><a href="#[64]">&gt;&gt;</a>&nbsp;&nbsp;&nbsp;HAL_RTC_GetTime
</UL>

<P><STRONG><a name="[66]"></a>RTC_ReadTimeCounter</STRONG> (Thumb, 32 bytes, Stack size 0 bytes, stm32f1xx_hal_rtc.o(i.RTC_ReadTimeCounter))
<BR><BR>[Called By]<UL><LI><a href="#[74]">&gt;&gt;</a>&nbsp;&nbsp;&nbsp;HAL_RTC_SetDate
<LI><a href="#[64]">&gt;&gt;</a>&nbsp;&nbsp;&nbsp;HAL_RTC_GetTime
</UL>

<P><STRONG><a name="[75]"></a>RTC_WeekDayNum</STRONG> (Thumb, 86 bytes, Stack size 20 bytes, stm32f1xx_hal_rtc.o(i.RTC_WeekDayNum))
<BR><BR>[Stack]<UL><LI>Max Depth = 20<LI>Call Chain = RTC_WeekDayNum
</UL>
<BR>[Called By]<UL><LI><a href="#[74]">&gt;&gt;</a>&nbsp;&nbsp;&nbsp;HAL_RTC_SetDate
<LI><a href="#[6a]">&gt;&gt;</a>&nbsp;&nbsp;&nbsp;RTC_DateUpdate
</UL>

<P><STRONG><a name="[69]"></a>RTC_WriteAlarmCounter</STRONG> (Thumb, 40 bytes, Stack size 16 bytes, stm32f1xx_hal_rtc.o(i.RTC_WriteAlarmCounter))
<BR><BR>[Stack]<UL><LI>Max Depth = 32<LI>Call Chain = RTC_WriteAlarmCounter &rArr; RTC_ExitInitMode
</UL>
<BR>[Calls]<UL><LI><a href="#[6f]">&gt;&gt;</a>&nbsp;&nbsp;&nbsp;RTC_ExitInitMode
<LI><a href="#[6e]">&gt;&gt;</a>&nbsp;&nbsp;&nbsp;RTC_EnterInitMode
</UL>
<BR>[Called By]<UL><LI><a href="#[76]">&gt;&gt;</a>&nbsp;&nbsp;&nbsp;HAL_RTC_SetTime
<LI><a href="#[74]">&gt;&gt;</a>&nbsp;&nbsp;&nbsp;HAL_RTC_SetDate
<LI><a href="#[72]">&gt;&gt;</a>&nbsp;&nbsp;&nbsp;HAL_RTC_SetAlarm_IT
<LI><a href="#[64]">&gt;&gt;</a>&nbsp;&nbsp;&nbsp;HAL_RTC_GetTime
</UL>

<P><STRONG><a name="[68]"></a>RTC_WriteTimeCounter</STRONG> (Thumb, 40 bytes, Stack size 16 bytes, stm32f1xx_hal_rtc.o(i.RTC_WriteTimeCounter))
<BR><BR>[Stack]<UL><LI>Max Depth = 32<LI>Call Chain = RTC_WriteTimeCounter &rArr; RTC_ExitInitMode
</UL>
<BR>[Calls]<UL><LI><a href="#[6f]">&gt;&gt;</a>&nbsp;&nbsp;&nbsp;RTC_ExitInitMode
<LI><a href="#[6e]">&gt;&gt;</a>&nbsp;&nbsp;&nbsp;RTC_EnterInitMode
</UL>
<BR>[Called By]<UL><LI><a href="#[76]">&gt;&gt;</a>&nbsp;&nbsp;&nbsp;HAL_RTC_SetTime
<LI><a href="#[74]">&gt;&gt;</a>&nbsp;&nbsp;&nbsp;HAL_RTC_SetDate
<LI><a href="#[64]">&gt;&gt;</a>&nbsp;&nbsp;&nbsp;HAL_RTC_GetTime
</UL>

<P><STRONG><a name="[9b]"></a>_printf_core</STRONG> (Thumb, 336 bytes, Stack size 88 bytes, printf1.o(i._printf_core), UNUSED)
<BR><BR>[Calls]<UL><LI><a href="#[9d]">&gt;&gt;</a>&nbsp;&nbsp;&nbsp;__aeabi_uidivmod
</UL>
<BR>[Called By]<UL><LI><a href="#[9c]">&gt;&gt;</a>&nbsp;&nbsp;&nbsp;__0sprintf$1
<LI><a href="#[9a]">&gt;&gt;</a>&nbsp;&nbsp;&nbsp;__0printf$1
</UL>

<P><STRONG><a name="[4a]"></a>_sputc</STRONG> (Thumb, 10 bytes, Stack size 0 bytes, printf1.o(i._sputc))
<BR><BR>[Called By]<UL><LI><a href="#[9c]">&gt;&gt;</a>&nbsp;&nbsp;&nbsp;__0sprintf$1
</UL>
<BR>[Address Reference Count : 1]<UL><LI> printf1.o(i.__0sprintf$1)
</UL><P>
<H3>
Undefined Global Symbols
</H3><HR></body></html>
