Component: ARM Compiler 5.05 update 1 (build 106) Tool: armlink [4d0efa]

==============================================================================

Section Cross References

    startup_stm32f103xe.o(RESET) refers to startup_stm32f103xe.o(STACK) for __initial_sp
    startup_stm32f103xe.o(RESET) refers to startup_stm32f103xe.o(.text) for Reset_Handler
    startup_stm32f103xe.o(RESET) refers to stm32f1xx_it.o(i.NMI_Handler) for NMI_Handler
    startup_stm32f103xe.o(RESET) refers to stm32f1xx_it.o(i.HardFault_Handler) for HardFault_Handler
    startup_stm32f103xe.o(RESET) refers to stm32f1xx_it.o(i.MemManage_Handler) for MemManage_Handler
    startup_stm32f103xe.o(RESET) refers to stm32f1xx_it.o(i.BusFault_Handler) for BusFault_Handler
    startup_stm32f103xe.o(RESET) refers to stm32f1xx_it.o(i.UsageFault_Handler) for UsageFault_Handler
    startup_stm32f103xe.o(RESET) refers to stm32f1xx_it.o(i.SVC_Handler) for SVC_Handler
    startup_stm32f103xe.o(RESET) refers to stm32f1xx_it.o(i.DebugMon_Handler) for DebugMon_Handler
    startup_stm32f103xe.o(RESET) refers to stm32f1xx_it.o(i.PendSV_Handler) for PendSV_Handler
    startup_stm32f103xe.o(RESET) refers to stm32f1xx_it.o(i.SysTick_Handler) for SysTick_Handler
    startup_stm32f103xe.o(.text) refers to system_stm32f1xx.o(i.SystemInit) for SystemInit
    startup_stm32f103xe.o(.text) refers to entry.o(.ARM.Collect$$$$00000000) for __main
    main.o(i.SystemClock_Config) refers to memseta.o(.text) for __aeabi_memclr4
    main.o(i.SystemClock_Config) refers to stm32f1xx_hal_rcc.o(i.HAL_RCC_OscConfig) for HAL_RCC_OscConfig
    main.o(i.SystemClock_Config) refers to stm32f1xx_hal_rcc.o(i.HAL_RCC_ClockConfig) for HAL_RCC_ClockConfig
    main.o(i.main) refers to stm32f1xx_hal.o(i.HAL_Init) for HAL_Init
    main.o(i.main) refers to main.o(i.SystemClock_Config) for SystemClock_Config
    main.o(i.main) refers to bsp_led.o(i.LED_GPIO_Config) for LED_GPIO_Config
    main.o(i.main) refers to bsp_key.o(i.Key_GPIO_Config) for Key_GPIO_Config
    main.o(i.main) refers to bsp_usart.o(i.DEBUG_USART_Config) for DEBUG_USART_Config
    main.o(i.main) refers to printf3.o(i.__0printf$3) for __2printf
    main.o(i.main) refers to ff_gen_drv.o(i.FATFS_LinkDriver) for FATFS_LinkDriver
    main.o(i.main) refers to ff.o(i.f_mount) for f_mount
    main.o(i.main) refers to main.o(i.printf_fatfs_error) for printf_fatfs_error
    main.o(i.main) refers to ff.o(i.f_mkfs) for f_mkfs
    main.o(i.main) refers to printf3.o(i.__0sprintf$3) for __2sprintf
    main.o(i.main) refers to ff.o(i.f_open) for f_open
    main.o(i.main) refers to ff.o(i.f_close) for f_close
    main.o(i.main) refers to ff_gen_drv.o(i.FATFS_UnLinkDriver) for FATFS_UnLinkDriver
    main.o(i.main) refers to ff.o(i.f_write) for f_write
    main.o(i.main) refers to ff.o(i.f_read) for f_read
    main.o(i.main) refers to main.o(.data) for .data
    main.o(i.main) refers to sd_diskio.o(.constdata) for SD_Driver
    main.o(i.main) refers to main.o(.bss) for .bss
    main.o(i.printf_fatfs_error) refers to printf3.o(i.__0printf$3) for __2printf
    dma.o(i.MX_DMA_Init) refers to stm32f1xx_hal_cortex.o(i.HAL_NVIC_SetPriority) for HAL_NVIC_SetPriority
    dma.o(i.MX_DMA_Init) refers to stm32f1xx_hal_cortex.o(i.HAL_NVIC_EnableIRQ) for HAL_NVIC_EnableIRQ
    stm32f1xx_it.o(i.SysTick_Handler) refers to stm32f1xx_hal.o(i.HAL_IncTick) for HAL_IncTick
    bsp_led.o(i.LED_GPIO_Config) refers to stm32f1xx_hal_gpio.o(i.HAL_GPIO_Init) for HAL_GPIO_Init
    bsp_usart.o(i.DEBUG_USART_Config) refers to stm32f1xx_hal_uart.o(i.HAL_UART_Init) for HAL_UART_Init
    bsp_usart.o(i.DEBUG_USART_Config) refers to bsp_usart.o(.bss) for .bss
    bsp_usart.o(i.HAL_UART_MspInit) refers to stm32f1xx_hal_gpio.o(i.HAL_GPIO_Init) for HAL_GPIO_Init
    bsp_usart.o(i.Usart_SendString) refers to stm32f1xx_hal_uart.o(i.HAL_UART_Transmit) for HAL_UART_Transmit
    bsp_usart.o(i.Usart_SendString) refers to bsp_usart.o(.bss) for .bss
    bsp_usart.o(i.fgetc) refers to stm32f1xx_hal_uart.o(i.HAL_UART_Receive) for HAL_UART_Receive
    bsp_usart.o(i.fgetc) refers to bsp_usart.o(.bss) for .bss
    bsp_usart.o(i.fputc) refers to stm32f1xx_hal_uart.o(i.HAL_UART_Transmit) for HAL_UART_Transmit
    bsp_usart.o(i.fputc) refers to bsp_usart.o(.bss) for .bss
    bsp_spi_flash.o(i.HAL_SPI_MspInit) refers to stm32f1xx_hal_gpio.o(i.HAL_GPIO_Init) for HAL_GPIO_Init
    bsp_spi_flash.o(i.SPI_FLASH_BufferRead) refers to bsp_spi_flash.o(i.SPI_FLASH_SendByte) for SPI_FLASH_SendByte
    bsp_spi_flash.o(i.SPI_FLASH_BufferWrite) refers to bsp_spi_flash.o(i.SPI_FLASH_PageWrite) for SPI_FLASH_PageWrite
    bsp_spi_flash.o(i.SPI_FLASH_BulkErase) refers to bsp_spi_flash.o(i.SPI_FLASH_WriteEnable) for SPI_FLASH_WriteEnable
    bsp_spi_flash.o(i.SPI_FLASH_BulkErase) refers to bsp_spi_flash.o(i.SPI_FLASH_SendByte) for SPI_FLASH_SendByte
    bsp_spi_flash.o(i.SPI_FLASH_BulkErase) refers to bsp_spi_flash.o(i.SPI_FLASH_WaitForWriteEnd) for SPI_FLASH_WaitForWriteEnd
[...]
    Removing stm32f1xx_hal_usart.o(i.HAL_USART_TransmitReceive_IT), (106 bytes).
    Removing stm32f1xx_hal_usart.o(i.HAL_USART_Transmit_DMA), (128 bytes).
    Removing stm32f1xx_hal_usart.o(i.HAL_USART_Transmit_IT), (62 bytes).
    Removing stm32f1xx_hal_usart.o(i.HAL_USART_TxCpltCallback), (2 bytes).
    Removing stm32f1xx_hal_usart.o(i.HAL_USART_TxHalfCpltCallback), (2 bytes).
    Removing stm32f1xx_hal_usart.o(i.HAL_USART_TxRxCpltCallback), (2 bytes).
    Removing stm32f1xx_hal_usart.o(i.USART_DMAAbortOnError), (16 bytes).
    Removing stm32f1xx_hal_usart.o(i.USART_DMAError), (80 bytes).
    Removing stm32f1xx_hal_usart.o(i.USART_DMAReceiveCplt), (106 bytes).
    Removing stm32f1xx_hal_usart.o(i.USART_DMARxAbortCallback), (38 bytes).
    Removing stm32f1xx_hal_usart.o(i.USART_DMARxHalfCplt), (10 bytes).
    Removing stm32f1xx_hal_usart.o(i.USART_DMATransmitCplt), (62 bytes).
    Removing stm32f1xx_hal_usart.o(i.USART_DMATxAbortCallback), (38 bytes).
    Removing stm32f1xx_hal_usart.o(i.USART_DMATxHalfCplt), (10 bytes).
    Removing stm32f1xx_hal_usart.o(i.USART_EndRxTransfer), (28 bytes).
    Removing stm32f1xx_hal_usart.o(i.USART_EndTxTransfer), (18 bytes).
    Removing stm32f1xx_hal_usart.o(i.USART_Receive_IT), (144 bytes).
    Removing stm32f1xx_hal_usart.o(i.USART_SetConfig), (212 bytes).
    Removing stm32f1xx_hal_usart.o(i.USART_TransmitReceive_IT), (214 bytes).
    Removing stm32f1xx_hal_usart.o(i.USART_WaitOnFlagUntilTimeout), (116 bytes).
    Removing stm32f1xx_hal_sd.o(.rev16_text), (4 bytes).
    Removing stm32f1xx_hal_sd.o(.revsh_text), (4 bytes).
    Removing stm32f1xx_hal_sd.o(.rrx_text), (6 bytes).
    Removing stm32f1xx_hal_sd.o(i.HAL_SD_Abort), (120 bytes).
    Removing stm32f1xx_hal_sd.o(i.HAL_SD_AbortCallback), (2 bytes).
    Removing stm32f1xx_hal_sd.o(i.HAL_SD_Abort_IT), (156 bytes).
    Removing stm32f1xx_hal_sd.o(i.HAL_SD_DeInit), (38 bytes).
    Removing stm32f1xx_hal_sd.o(i.HAL_SD_Erase), (196 bytes).
    Removing stm32f1xx_hal_sd.o(i.HAL_SD_ErrorCallback), (2 bytes).
    Removing stm32f1xx_hal_sd.o(i.HAL_SD_GetCardCID), (80 bytes).
    Removing stm32f1xx_hal_sd.o(i.HAL_SD_GetCardStatus), (168 bytes).
    Removing stm32f1xx_hal_sd.o(i.HAL_SD_GetError), (4 bytes).
    Removing stm32f1xx_hal_sd.o(i.HAL_SD_GetState), (6 bytes).
    Removing stm32f1xx_hal_sd.o(i.HAL_SD_IRQHandler), (504 bytes).
    Removing stm32f1xx_hal_sd.o(i.HAL_SD_MspDeInit), (2 bytes).
    Removing stm32f1xx_hal_sd.o(i.HAL_SD_ReadBlocks_DMA), (292 bytes).
    Removing stm32f1xx_hal_sd.o(i.HAL_SD_ReadBlocks_IT), (188 bytes).
    Removing stm32f1xx_hal_sd.o(i.HAL_SD_RxCpltCallback), (2 bytes).
    Removing stm32f1xx_hal_sd.o(i.HAL_SD_TxCpltCallback), (2 bytes).
    Removing stm32f1xx_hal_sd.o(i.HAL_SD_WriteBlocks_DMA), (280 bytes).
    Removing stm32f1xx_hal_sd.o(i.HAL_SD_WriteBlocks_IT), (180 bytes).
    Removing stm32f1xx_hal_sd.o(i.SD_DMAError), (92 bytes).
    Removing stm32f1xx_hal_sd.o(i.SD_DMAReceiveCplt), (66 bytes).
    Removing stm32f1xx_hal_sd.o(i.SD_DMARxAbort), (68 bytes).
    Removing stm32f1xx_hal_sd.o(i.SD_DMATransmitCplt), (14 bytes).
    Removing stm32f1xx_hal_sd.o(i.SD_DMATxAbort), (68 bytes).
    Removing stm32f1xx_hal_sd.o(i.SD_SendSDStatus), (232 bytes).
    Removing stm32f1xx_hal_smartcard.o(.rev16_text), (4 bytes).
    Removing stm32f1xx_hal_smartcard.o(.revsh_text), (4 bytes).
    Removing stm32f1xx_hal_smartcard.o(.rrx_text), (6 bytes).
    Removing stm32f1xx_hal_smartcard.o(i.HAL_SMARTCARD_Abort), (104 bytes).
    Removing stm32f1xx_hal_smartcard.o(i.HAL_SMARTCARD_AbortCpltCallback), (2 bytes).
    Removing stm32f1xx_hal_smartcard.o(i.HAL_SMARTCARD_AbortReceive), (68 bytes).
    Removing stm32f1xx_hal_smartcard.o(i.HAL_SMARTCARD_AbortReceiveCpltCallback), (2 bytes).
    Removing stm32f1xx_hal_smartcard.o(i.HAL_SMARTCARD_AbortReceive_IT), (92 bytes).
    Removing stm32f1xx_hal_smartcard.o(i.HAL_SMARTCARD_AbortTransmit), (58 bytes).
    Removing stm32f1xx_hal_smartcard.o(i.HAL_SMARTCARD_AbortTransmitCpltCallback), (2 bytes).
    Removing stm32f1xx_hal_smartcard.o(i.HAL_SMARTCARD_AbortTransmit_IT), (84 bytes).
    Removing stm32f1xx_hal_smartcard.o(i.HAL_SMARTCARD_Abort_IT), (172 bytes).
    Removing stm32f1xx_hal_smartcard.o(i.HAL_SMARTCARD_DeInit), (50 bytes).
    Removing stm32f1xx_hal_smartcard.o(i.HAL_SMARTCARD_ErrorCallback), (2 bytes).
    Removing stm32f1xx_hal_smartcard.o(i.HAL_SMARTCARD_GetError), (4 bytes).
    Removing stm32f1xx_hal_smartcard.o(i.HAL_SMARTCARD_GetState), (10 bytes).
    Removing stm32f1xx_hal_smartcard.o(i.HAL_SMARTCARD_IRQHandler), (328 bytes).
    Removing stm32f1xx_hal_smartcard.o(i.HAL_SMARTCARD_Init), (162 bytes).
    Removing stm32f1xx_hal_smartcard.o(i.HAL_SMARTCARD_MspDeInit), (2 bytes).
    Removing stm32f1xx_hal_smartcard.o(i.HAL_SMARTCARD_MspInit), (2 bytes).
    Removing stm32f1xx_hal_smartcard.o(i.HAL_SMARTCARD_Receive), (126 bytes).
    Removing stm32f1xx_hal_smartcard.o(i.HAL_SMARTCARD_Receive_DMA), (140 bytes).
    Removing stm32f1xx_hal_smartcard.o(i.HAL_SMARTCARD_Receive_IT), (72 bytes).
    Removing stm32f1xx_hal_smartcard.o(i.HAL_SMARTCARD_RxCpltCallback), (2 bytes).
    Removing stm32f1xx_hal_smartcard.o(i.HAL_SMARTCARD_Transmit), (144 bytes).
    Removing stm32f1xx_hal_smartcard.o(i.HAL_SMARTCARD_Transmit_DMA), (116 bytes).
    Removing stm32f1xx_hal_smartcard.o(i.HAL_SMARTCARD_Transmit_IT), (82 bytes).
    Removing stm32f1xx_hal_smartcard.o(i.HAL_SMARTCARD_TxCpltCallback), (2 bytes).
    Removing stm32f1xx_hal_smartcard.o(i.SMARTCARD_DMAAbortOnError), (16 bytes).
    Removing stm32f1xx_hal_smartcard.o(i.SMARTCARD_DMAError), (78 bytes).
    Removing stm32f1xx_hal_smartcard.o(i.SMARTCARD_DMAReceiveCplt), (50 bytes).
    Removing stm32f1xx_hal_smartcard.o(i.SMARTCARD_DMARxAbortCallback), (42 bytes).
    Removing stm32f1xx_hal_smartcard.o(i.SMARTCARD_DMARxOnlyAbortCallback), (20 bytes).
    Removing stm32f1xx_hal_smartcard.o(i.SMARTCARD_DMATransmitCplt), (28 bytes).
    Removing stm32f1xx_hal_smartcard.o(i.SMARTCARD_DMATxAbortCallback), (42 bytes).
    Removing stm32f1xx_hal_smartcard.o(i.SMARTCARD_DMATxOnlyAbortCallback), (20 bytes).
    Removing stm32f1xx_hal_smartcard.o(i.SMARTCARD_EndRxTransfer), (28 bytes).
    Removing stm32f1xx_hal_smartcard.o(i.SMARTCARD_Receive_IT), (84 bytes).
    Removing stm32f1xx_hal_smartcard.o(i.SMARTCARD_SetConfig), (288 bytes).
    Removing stm32f1xx_hal_smartcard.o(i.SMARTCARD_WaitOnFlagUntilTimeout), (100 bytes).
    Removing stm32f1xx_ll_sdmmc.o(.rev16_text), (4 bytes).
    Removing stm32f1xx_ll_sdmmc.o(.revsh_text), (4 bytes).
    Removing stm32f1xx_ll_sdmmc.o(.rrx_text), (6 bytes).
    Removing stm32f1xx_ll_sdmmc.o(i.SDIO_GetCommandResponse), (6 bytes).
    Removing stm32f1xx_ll_sdmmc.o(i.SDIO_GetDataCounter), (4 bytes).
    Removing stm32f1xx_ll_sdmmc.o(i.SDIO_GetFIFOCount), (6 bytes).
    Removing stm32f1xx_ll_sdmmc.o(i.SDIO_PowerState_OFF), (8 bytes).
    Removing stm32f1xx_ll_sdmmc.o(i.SDIO_SetSDMMCReadWaitMode), (14 bytes).
    Removing stm32f1xx_ll_sdmmc.o(i.SDMMC_CmdErase), (48 bytes).
    Removing stm32f1xx_ll_sdmmc.o(i.SDMMC_CmdEraseEndAdd), (50 bytes).
    Removing stm32f1xx_ll_sdmmc.o(i.SDMMC_CmdEraseStartAdd), (50 bytes).
    Removing stm32f1xx_ll_sdmmc.o(i.SDMMC_CmdOpCondition), (44 bytes).
    Removing stm32f1xx_ll_sdmmc.o(i.SDMMC_CmdSDEraseEndAdd), (50 bytes).
    Removing stm32f1xx_ll_sdmmc.o(i.SDMMC_CmdSDEraseStartAdd), (50 bytes).
    Removing stm32f1xx_ll_sdmmc.o(i.SDMMC_CmdSendEXTCSD), (50 bytes).
    Removing stm32f1xx_ll_sdmmc.o(i.SDMMC_CmdSetRelAddMmc), (52 bytes).
    Removing stm32f1xx_ll_sdmmc.o(i.SDMMC_CmdStatusRegister), (48 bytes).
    Removing stm32f1xx_ll_sdmmc.o(i.SDMMC_CmdSwitch), (50 bytes).
    Removing system_stm32f1xx.o(.rev16_text), (4 bytes).
    Removing system_stm32f1xx.o(.revsh_text), (4 bytes).
    Removing system_stm32f1xx.o(.rrx_text), (6 bytes).
    Removing system_stm32f1xx.o(i.SystemCoreClockUpdate), (104 bytes).
    Removing dadd.o(.text), (334 bytes).
    Removing dmul.o(.text), (228 bytes).
    Removing ddiv.o(.text), (222 bytes).
    Removing dfixul.o(.text), (48 bytes).
    Removing cdrcmple.o(.text), (48 bytes).
    Removing depilogue.o(.text), (186 bytes).

527 unused section(s) (total 34930 bytes) removed from the image.

==============================================================================

Image Symbol Table

    Local Symbols

    Symbol Name                              Value     Ov Type        Size  Object(Section)

    ../Core/Src/dma.c                        0x00000000   Number         0  dma.o ABSOLUTE
    ../Core/Src/gpio.c                       0x00000000   Number         0  gpio.o ABSOLUTE
    ../Core/Src/main.c                       0x00000000   Number         0  main.o ABSOLUTE
    ../Core/Src/stm32f1xx_hal_msp.c          0x00000000   Number         0  stm32f1xx_hal_msp.o ABSOLUTE
    ../Core/Src/stm32f1xx_it.c               0x00000000   Number         0  stm32f1xx_it.o ABSOLUTE
    ../Core/Src/system_stm32f1xx.c           0x00000000   Number         0  system_stm32f1xx.o ABSOLUTE
    ../Drivers/STM32F1xx_HAL_Driver/Src/stm32f1xx_hal.c 0x00000000   Number         0  stm32f1xx_hal.o ABSOLUTE
    ../Drivers/STM32F1xx_HAL_Driver/Src/stm32f1xx_hal_cortex.c 0x00000000   Number         0  stm32f1xx_hal_cortex.o ABSOLUTE
    ../Drivers/STM32F1xx_HAL_Driver/Src/stm32f1xx_hal_dma.c 0x00000000   Number         0  stm32f1xx_hal_dma.o ABSOLUTE
    ../Drivers/STM32F1xx_HAL_Driver/Src/stm32f1xx_hal_exti.c 0x00000000   Number         0  stm32f1xx_hal_exti.o ABSOLUTE
    ../Drivers/STM32F1xx_HAL_Driver/Src/stm32f1xx_hal_flash.c 0x00000000   Number         0  stm32f1xx_hal_flash.o ABSOLUTE
    ../Drivers/STM32F1xx_HAL_Driver/Src/stm32f1xx_hal_flash_ex.c 0x00000000   Number         0  stm32f1xx_hal_flash_ex.o ABSOLUTE
    ../Drivers/STM32F1xx_HAL_Driver/Src/stm32f1xx_hal_gpio.c 0x00000000   Number         0  stm32f1xx_hal_gpio.o ABSOLUTE
    ../Drivers/STM32F1xx_HAL_Driver/Src/stm32f1xx_hal_gpio_ex.c 0x00000000   Number         0  stm32f1xx_hal_gpio_ex.o ABSOLUTE
    ../Drivers/STM32F1xx_HAL_Driver/Src/stm32f1xx_hal_pwr.c 0x00000000   Number         0  stm32f1xx_hal_pwr.o ABSOLUTE
    ../Drivers/STM32F1xx_HAL_Driver/Src/stm32f1xx_hal_rcc.c 0x00000000   Number         0  stm32f1xx_hal_rcc.o ABSOLUTE
    ../Drivers/STM32F1xx_HAL_Driver/Src/stm32f1xx_hal_rcc_ex.c 0x00000000   Number         0  stm32f1xx_hal_rcc_ex.o ABSOLUTE
    ../Drivers/STM32F1xx_HAL_Driver/Src/stm32f1xx_hal_spi.c 0x00000000   Number         0  stm32f1xx_hal_spi.o ABSOLUTE
    ../Drivers/STM32F1xx_HAL_Driver/Src/stm32f1xx_hal_tim.c 0x00000000   Number         0  stm32f1xx_hal_tim.o ABSOLUTE
    ../Drivers/STM32F1xx_HAL_Driver/Src/stm32f1xx_hal_tim_ex.c 0x00000000   Number         0  stm32f1xx_hal_tim_ex.o ABSOLUTE
    ../clib/microlib/division.c              0x00000000   Number         0  uldiv.o ABSOLUTE
    ../clib/microlib/division.c              0x00000000   Number         0  uidiv.o ABSOLUTE
    ../clib/microlib/init/entry.s            0x00000000   Number         0  entry11b.o ABSOLUTE
    ../clib/microlib/init/entry.s            0x00000000   Number         0  entry7b.o ABSOLUTE
    ../clib/microlib/init/entry.s            0x00000000   Number         0  entry7a.o ABSOLUTE
    ../clib/microlib/init/entry.s            0x00000000   Number         0  entry11a.o ABSOLUTE
    ../clib/microlib/init/entry.s            0x00000000   Number         0  entry10b.o ABSOLUTE
    ../clib/microlib/init/entry.s            0x00000000   Number         0  entry5.o ABSOLUTE
    ../clib/microlib/init/entry.s            0x00000000   Number         0  entry8b.o ABSOLUTE
    ../clib/microlib/init/entry.s            0x00000000   Number         0  entry.o ABSOLUTE
    ../clib/microlib/init/entry.s            0x00000000   Number         0  entry10a.o ABSOLUTE
    ../clib/microlib/init/entry.s            0x00000000   Number         0  entry9b.o ABSOLUTE
    ../clib/microlib/init/entry.s            0x00000000   Number         0  entry9a.o ABSOLUTE
    ../clib/microlib/init/entry.s            0x00000000   Number         0  entry2.o ABSOLUTE
    ../clib/microlib/init/entry.s            0x00000000   Number         0  entry8a.o ABSOLUTE
    ../clib/microlib/longlong.c              0x00000000   Number         0  llsshr.o ABSOLUTE
    ../clib/microlib/longlong.c              0x00000000   Number         0  llshl.o ABSOLUTE
    ../clib/microlib/longlong.c              0x00000000   Number         0  llushr.o ABSOLUTE
    ../clib/microlib/printf/printf.c         0x00000000   Number         0  printfb.o ABSOLUTE
    ../clib/microlib/printf/printf.c         0x00000000   Number         0  printf6.o ABSOLUTE
    ../clib/microlib/printf/printf.c         0x00000000   Number         0  printf0.o ABSOLUTE
    ../clib/microlib/printf/printf.c         0x00000000   Number         0  printf7.o ABSOLUTE
    ../clib/microlib/printf/printf.c         0x00000000   Number         0  printf4.o ABSOLUTE
    ../clib/microlib/printf/printf.c         0x00000000   Number         0  printf3.o ABSOLUTE
    ../clib/microlib/printf/printf.c         0x00000000   Number         0  printf2.o ABSOLUTE
    ../clib/microlib/printf/printf.c         0x00000000   Number         0  printf8.o ABSOLUTE
    ../clib/microlib/printf/printf.c         0x00000000   Number         0  printf1.o ABSOLUTE
    ../clib/microlib/printf/printf.c         0x00000000   Number         0  printfa.o ABSOLUTE
    ../clib/microlib/printf/printf.c         0x00000000   Number         0  printf5.o ABSOLUTE
    ../clib/microlib/printf/stubs.s          0x00000000   Number         0  stubs.o ABSOLUTE
    ../clib/microlib/stdio/streams.c         0x00000000   Number         0  stdout.o ABSOLUTE
    ../clib/microlib/string/memset.c         0x00000000   Number         0  memseta.o ABSOLUTE
    ../clib/microlib/stubs.s                 0x00000000   Number         0  iusefp.o ABSOLUTE
    ../fplib/microlib/fpadd.c                0x00000000   Number         0  dadd.o ABSOLUTE
    ../fplib/microlib/fpdiv.c                0x00000000   Number         0  ddiv.o ABSOLUTE
    ../fplib/microlib/fpepilogue.c           0x00000000   Number         0  depilogue.o ABSOLUTE
    ../fplib/microlib/fpfix.c                0x00000000   Number         0  dfixul.o ABSOLUTE
    ../fplib/microlib/fpmul.c                0x00000000   Number         0  dmul.o ABSOLUTE
    ..\Core\Src\dma.c                        0x00000000   Number         0  dma.o ABSOLUTE
    ..\Core\Src\gpio.c                       0x00000000   Number         0  gpio.o ABSOLUTE
    ..\Core\Src\main.c                       0x00000000   Number         0  main.o ABSOLUTE
    ..\Core\Src\stm32f1xx_hal_msp.c          0x00000000   Number         0  stm32f1xx_hal_msp.o ABSOLUTE
    ..\Core\Src\stm32f1xx_it.c               0x00000000   Number         0  stm32f1xx_it.o ABSOLUTE
    ..\Core\Src\system_stm32f1xx.c           0x00000000   Number         0  system_stm32f1xx.o ABSOLUTE
    ..\Drivers\STM32F1xx_HAL_Driver\Src\stm32f1xx_hal.c 0x00000000   Number         0  stm32f1xx_hal.o ABSOLUTE
    ..\Drivers\STM32F1xx_HAL_Driver\Src\stm32f1xx_hal_cortex.c 0x00000000   Number         0  stm32f1xx_hal_cortex.o ABSOLUTE
    ..\Drivers\STM32F1xx_HAL_Driver\Src\stm32f1xx_hal_dma.c 0x00000000   Number         0  stm32f1xx_hal_dma.o ABSOLUTE
    ..\Drivers\STM32F1xx_HAL_Driver\Src\stm32f1xx_hal_exti.c 0x00000000   Number         0  stm32f1xx_hal_exti.o ABSOLUTE
    ..\Drivers\STM32F1xx_HAL_Driver\Src\stm32f1xx_hal_flash.c 0x00000000   Number         0  stm32f1xx_hal_flash.o ABSOLUTE
    ..\Drivers\STM32F1xx_HAL_Driver\Src\stm32f1xx_hal_flash_ex.c 0x00000000   Number         0  stm32f1xx_hal_flash_ex.o ABSOLUTE
    ..\Drivers\STM32F1xx_HAL_Driver\Src\stm32f1xx_hal_gpio.c 0x00000000   Number         0  stm32f1xx_hal_gpio.o ABSOLUTE
    ..\Drivers\STM32F1xx_HAL_Driver\Src\stm32f1xx_hal_gpio_ex.c 0x00000000   Number         0  stm32f1xx_hal_gpio_ex.o ABSOLUTE
    ..\Drivers\STM32F1xx_HAL_Driver\Src\stm32f1xx_hal_pwr.c 0x00000000   Number         0  stm32f1xx_hal_pwr.o ABSOLUTE
    ..\Drivers\STM32F1xx_HAL_Driver\Src\stm32f1xx_hal_rcc.c 0x00000000   Number         0  stm32f1xx_hal_rcc.o ABSOLUTE
    ..\Drivers\STM32F1xx_HAL_Driver\Src\stm32f1xx_hal_rcc_ex.c 0x00000000   Number         0  stm32f1xx_hal_rcc_ex.o ABSOLUTE
    ..\Drivers\STM32F1xx_HAL_Driver\Src\stm32f1xx_hal_sd.c 0x00000000   Number         0  stm32f1xx_hal_sd.o ABSOLUTE
    ..\Drivers\STM32F1xx_HAL_Driver\Src\stm32f1xx_hal_smartcard.c 0x00000000   Number         0  stm32f1xx_hal_smartcard.o ABSOLUTE
    ..\Drivers\STM32F1xx_HAL_Driver\Src\stm32f1xx_hal_spi.c 0x00000000   Number         0  stm32f1xx_hal_spi.o ABSOLUTE
    ..\Drivers\STM32F1xx_HAL_Driver\Src\stm32f1xx_hal_tim.c 0x00000000   Number         0  stm32f1xx_hal_tim.o ABSOLUTE
    ..\Drivers\STM32F1xx_HAL_Driver\Src\stm32f1xx_hal_tim_ex.c 0x00000000   Number         0  stm32f1xx_hal_tim_ex.o ABSOLUTE
    ..\Drivers\STM32F1xx_HAL_Driver\Src\stm32f1xx_hal_uart.c 0x00000000   Number         0  stm32f1xx_hal_uart.o ABSOLUTE
    ..\Drivers\STM32F1xx_HAL_Driver\Src\stm32f1xx_hal_usart.c 0x00000000   Number         0  stm32f1xx_hal_usart.o ABSOLUTE
    ..\Drivers\STM32F1xx_HAL_Driver\Src\stm32f1xx_ll_sdmmc.c 0x00000000   Number         0  stm32f1xx_ll_sdmmc.o ABSOLUTE
    ..\User\FLASH\bsp_spi_flash.c            0x00000000   Number         0  bsp_spi_flash.o ABSOLUTE
    ..\User\FatFs\diskio.c                   0x00000000   Number         0  diskio.o ABSOLUTE
    ..\User\FatFs\drivers\sd_diskio.c        0x00000000   Number         0  sd_diskio.o ABSOLUTE
    ..\User\FatFs\ff.c                       0x00000000   Number         0  ff.o ABSOLUTE
    ..\User\FatFs\ff_gen_drv.c               0x00000000   Number         0  ff_gen_drv.o ABSOLUTE
    ..\User\FatFs\ffunicode.c                0x00000000   Number         0  ffunicode.o ABSOLUTE
    ..\User\KEY\bsp_key.c                    0x00000000   Number         0  bsp_key.o ABSOLUTE
    ..\User\LED\bsp_led.c                    0x00000000   Number         0  bsp_led.o ABSOLUTE
    ..\User\USART\bsp_usart.c                0x00000000   Number         0  bsp_usart.o ABSOLUTE
    ..\User\sdio\bsp_sdio_sdcard.c           0x00000000   Number         0  bsp_sdio_sdcard.o ABSOLUTE
    ..\\Drivers\\STM32F1xx_HAL_Driver\\Src\\stm32f1xx_hal_sd.c 0x00000000   Number         0  stm32f1xx_hal_sd.o ABSOLUTE
    ..\\Drivers\\STM32F1xx_HAL_Driver\\Src\\stm32f1xx_hal_smartcard.c 0x00000000   Number         0  stm32f1xx_hal_smartcard.o ABSOLUTE
    ..\\Drivers\\STM32F1xx_HAL_Driver\\Src\\stm32f1xx_hal_uart.c 0x00000000   Number         0  stm32f1xx_hal_uart.o ABSOLUTE
    ..\\Drivers\\STM32F1xx_HAL_Driver\\Src\\stm32f1xx_hal_usart.c 0x00000000   Number         0  stm32f1xx_hal_usart.o ABSOLUTE
    ..\\Drivers\\STM32F1xx_HAL_Driver\\Src\\stm32f1xx_ll_sdmmc.c 0x00000000   Number         0  stm32f1xx_ll_sdmmc.o ABSOLUTE
    ..\\User\\FLASH\\bsp_spi_flash.c         0x00000000   Number         0  bsp_spi_flash.o ABSOLUTE
    ..\\User\\FatFs\\diskio.c                0x00000000   Number         0  diskio.o ABSOLUTE
    ..\\User\\FatFs\\drivers\\sd_diskio.c    0x00000000   Number         0  sd_diskio.o ABSOLUTE
    ..\\User\\FatFs\\ff.c                    0x00000000   Number         0  ff.o ABSOLUTE
    ..\\User\\FatFs\\ff_gen_drv.c            0x00000000   Number         0  ff_gen_drv.o ABSOLUTE
    ..\\User\\FatFs\\ffunicode.c             0x00000000   Number         0  ffunicode.o ABSOLUTE
    ..\\User\\KEY\\bsp_key.c                 0x00000000   Number         0  bsp_key.o ABSOLUTE
    ..\\User\\LED\\bsp_led.c                 0x00000000   Number         0  bsp_led.o ABSOLUTE
    ..\\User\\USART\\bsp_usart.c             0x00000000   Number         0  bsp_usart.o ABSOLUTE
    ..\\User\\sdio\\bsp_sdio_sdcard.c        0x00000000   Number         0  bsp_sdio_sdcard.o ABSOLUTE
    cdrcmple.s                               0x00000000   Number         0  cdrcmple.o ABSOLUTE
    dc.s                                     0x00000000   Number         0  dc.o ABSOLUTE
    handlers.s                               0x00000000   Number         0  handlers.o ABSOLUTE
    init.s                                   0x00000000   Number         0  init.o ABSOLUTE
    startup_stm32f103xe.s                    0x00000000   Number         0  startup_stm32f103xe.o ABSOLUTE
    RESET                                    0x08000000   Section      304  startup_stm32f103xe.o(RESET)
    .ARM.Collect$$$$00000000                 0x08000130   Section        0  entry.o(.ARM.Collect$$$$00000000)
    .ARM.Collect$$$$00000001                 0x08000130   Section        4  entry2.o(.ARM.Collect$$$$00000001)
    .ARM.Collect$$$$00000004                 0x08000134   Section        4  entry5.o(.ARM.Collect$$$$00000004)
    .ARM.Collect$$$$00000008                 0x08000138   Section        0  entry7b.o(.ARM.Collect$$$$00000008)
    .ARM.Collect$$$$0000000A                 0x08000138   Section        0  entry8b.o(.ARM.Collect$$$$0000000A)
    .ARM.Collect$$$$0000000B                 0x08000138   Section        8  entry9a.o(.ARM.Collect$$$$0000000B)
    .ARM.Collect$$$$0000000D                 0x08000140   Section        0  entry10a.o(.ARM.Collect$$$$0000000D)
    .ARM.Collect$$$$0000000F                 0x08000140   Section        0  entry11a.o(.ARM.Collect$$$$0000000F)
    .ARM.Collect$$$$00002712                 0x08000140   Section        4  entry2.o(.ARM.Collect$$$$00002712)
    __lit__00000000                          0x08000140   Data           4  entry2.o(.ARM.Collect$$$$00002712)
    .text                                    0x08000144   Section       36  startup_stm32f103xe.o(.text)
    .text                                    0x08000168   Section        0  memseta.o(.text)
    .text                                    0x0800018c   Section        0  uidiv.o(.text)
    .text                                    0x080001b8   Section       36  init.o(.text)
    i.BSP_SD_GetCardInfo                     0x080001dc   Section        0  bsp_sdio_sdcard.o(i.BSP_SD_GetCardInfo)
    i.BSP_SD_GetCardState                    0x080001e8   Section        0  bsp_sdio_sdcard.o(i.BSP_SD_GetCardState)
    i.BSP_SD_Init                            0x08000200   Section        0  bsp_sdio_sdcard.o(i.BSP_SD_Init)
    i.BSP_SD_MspInit                         0x08000244   Section        0  bsp_sdio_sdcard.o(i.BSP_SD_MspInit)
    i.BSP_SD_ReadBlocks                      0x080002d0   Section        0  bsp_sdio_sdcard.o(i.BSP_SD_ReadBlocks)
    i.BSP_SD_WriteBlocks                     0x080002ec   Section        0  bsp_sdio_sdcard.o(i.BSP_SD_WriteBlocks)
    i.BusFault_Handler                       0x08000308   Section        0  stm32f1xx_it.o(i.BusFault_Handler)
    i.DEBUG_USART_Config                     0x0800030c   Section        0  bsp_usart.o(i.DEBUG_USART_Config)
    i.DebugMon_Handler                       0x08000334   Section        0  stm32f1xx_it.o(i.DebugMon_Handler)
    i.FATFS_LinkDriver                       0x08000336   Section        0  ff_gen_drv.o(i.FATFS_LinkDriver)
    i.FATFS_LinkDriverEx                     0x0800033c   Section        0  ff_gen_drv.o(i.FATFS_LinkDriverEx)
    i.FATFS_UnLinkDriver                     0x0800037c   Section        0  ff_gen_drv.o(i.FATFS_UnLinkDriver)
    i.FATFS_UnLinkDriverEx                   0x08000384   Section        0  ff_gen_drv.o(i.FATFS_UnLinkDriverEx)
    i.HAL_Delay                              0x080003b8   Section        0  stm32f1xx_hal.o(i.HAL_Delay)
    i.HAL_GPIO_Init                          0x080003dc   Section        0  stm32f1xx_hal_gpio.o(i.HAL_GPIO_Init)
    i.HAL_GetTick                            0x080005d4   Section        0  stm32f1xx_hal.o(i.HAL_GetTick)
    i.HAL_IncTick                            0x080005e0   Section        0  stm32f1xx_hal.o(i.HAL_IncTick)
    i.HAL_Init                               0x080005f0   Section        0  stm32f1xx_hal.o(i.HAL_Init)
    i.HAL_InitTick                           0x08000614   Section        0  stm32f1xx_hal.o(i.HAL_InitTick)
    i.HAL_MspInit                            0x08000654   Section        0  stm32f1xx_hal_msp.o(i.HAL_MspInit)
    i.HAL_NVIC_SetPriority                   0x08000690   Section        0  stm32f1xx_hal_cortex.o(i.HAL_NVIC_SetPriority)
    i.HAL_NVIC_SetPriorityGrouping           0x080006d0   Section        0  stm32f1xx_hal_cortex.o(i.HAL_NVIC_SetPriorityGrouping)
    i.HAL_RCC_ClockConfig                    0x080006f4   Section        0  stm32f1xx_hal_rcc.o(i.HAL_RCC_ClockConfig)
    i.HAL_RCC_GetPCLK1Freq                   0x08000820   Section        0  stm32f1xx_hal_rcc.o(i.HAL_RCC_GetPCLK1Freq)
    i.HAL_RCC_GetPCLK2Freq                   0x08000840   Section        0  stm32f1xx_hal_rcc.o(i.HAL_RCC_GetPCLK2Freq)
    i.HAL_RCC_GetSysClockFreq                0x08000860   Section        0  stm32f1xx_hal_rcc.o(i.HAL_RCC_GetSysClockFreq)
    i.HAL_RCC_OscConfig                      0x080008ac   Section        0  stm32f1xx_hal_rcc.o(i.HAL_RCC_OscConfig)
    i.HAL_SD_ConfigWideBusOperation          0x08000bcc   Section        0  stm32f1xx_hal_sd.o(i.HAL_SD_ConfigWideBusOperation)
    i.HAL_SD_GetCardCSD                      0x08000ce4   Section        0  stm32f1xx_hal_sd.o(i.HAL_SD_GetCardCSD)
    i.HAL_SD_GetCardInfo                     0x08000e7c   Section        0  stm32f1xx_hal_sd.o(i.HAL_SD_GetCardInfo)
    i.HAL_SD_GetCardState                    0x08000ea0   Section        0  stm32f1xx_hal_sd.o(i.HAL_SD_GetCardState)
    i.HAL_SD_Init                            0x08000ecc   Section        0  stm32f1xx_hal_sd.o(i.HAL_SD_Init)
    i.HAL_SD_InitCard                        0x08000f04   Section        0  stm32f1xx_hal_sd.o(i.HAL_SD_InitCard)
    i.HAL_SD_MspInit                         0x08000f80   Section        0  stm32f1xx_hal_sd.o(i.HAL_SD_MspInit)
    i.HAL_SD_ReadBlocks                      0x08000f84   Section        0  stm32f1xx_hal_sd.o(i.HAL_SD_ReadBlocks)
    i.HAL_SD_WriteBlocks                     0x0800115c   Section        0  stm32f1xx_hal_sd.o(i.HAL_SD_WriteBlocks)
    i.HAL_SYSTICK_Config                     0x08001308   Section        0  stm32f1xx_hal_cortex.o(i.HAL_SYSTICK_Config)
    i.HAL_UART_Init                          0x08001330   Section        0  stm32f1xx_hal_uart.o(i.HAL_UART_Init)
    i.HAL_UART_MspInit                       0x08001394   Section        0  bsp_usart.o(i.HAL_UART_MspInit)
    i.HAL_UART_Transmit                      0x08001404   Section        0  stm32f1xx_hal_uart.o(i.HAL_UART_Transmit)
    i.HardFault_Handler                      0x0800149e   Section        0  stm32f1xx_it.o(i.HardFault_Handler)
    i.Key_GPIO_Config                        0x080014a0   Section        0  bsp_key.o(i.Key_GPIO_Config)
    i.LED_GPIO_Config                        0x080014f8   Section        0  bsp_led.o(i.LED_GPIO_Config)
    i.MemManage_Handler                      0x08001574   Section        0  stm32f1xx_it.o(i.MemManage_Handler)
    i.NMI_Handler                            0x08001576   Section        0  stm32f1xx_it.o(i.NMI_Handler)
    i.PendSV_Handler                         0x08001578   Section        0  stm32f1xx_it.o(i.PendSV_Handler)
    i.SDIO_ConfigData                        0x0800157a   Section        0  stm32f1xx_ll_sdmmc.o(i.SDIO_ConfigData)
    i.SDIO_GetPowerState                     0x0800159e   Section        0  stm32f1xx_ll_sdmmc.o(i.SDIO_GetPowerState)
    i.SDIO_GetResponse                       0x080015a6   Section        0  stm32f1xx_ll_sdmmc.o(i.SDIO_GetResponse)
    i.SDIO_Init                              0x080015ac   Section        0  stm32f1xx_ll_sdmmc.o(i.SDIO_Init)
    i.SDIO_PowerState_ON                     0x080015d0   Section        0  stm32f1xx_ll_sdmmc.o(i.SDIO_PowerState_ON)
    i.SDIO_ReadFIFO                          0x080015d8   Section        0  stm32f1xx_ll_sdmmc.o(i.SDIO_ReadFIFO)
    i.SDIO_SendCommand                       0x080015de   Section        0  stm32f1xx_ll_sdmmc.o(i.SDIO_SendCommand)
    i.SDIO_WriteFIFO                         0x080015fe   Section        0  stm32f1xx_ll_sdmmc.o(i.SDIO_WriteFIFO)
    i.SDMMC_CmdAppCommand                    0x08001608   Section        0  stm32f1xx_ll_sdmmc.o(i.SDMMC_CmdAppCommand)
    i.SDMMC_CmdAppOperCommand                0x0800163c   Section        0  stm32f1xx_ll_sdmmc.o(i.SDMMC_CmdAppOperCommand)
    i.SDMMC_CmdBlockLength                   0x08001670   Section        0  stm32f1xx_ll_sdmmc.o(i.SDMMC_CmdBlockLength)
    i.SDMMC_CmdBusWidth                      0x080016a2   Section        0  stm32f1xx_ll_sdmmc.o(i.SDMMC_CmdBusWidth)
    i.SDMMC_CmdGoIdleState                   0x080016d4   Section        0  stm32f1xx_ll_sdmmc.o(i.SDMMC_CmdGoIdleState)
    i.SDMMC_CmdOperCond                      0x08001724   Section        0  stm32f1xx_ll_sdmmc.o(i.SDMMC_CmdOperCond)
    i.SDMMC_CmdReadMultiBlock                0x08001754   Section        0  stm32f1xx_ll_sdmmc.o(i.SDMMC_CmdReadMultiBlock)
    i.SDMMC_CmdReadSingleBlock               0x08001786   Section        0  stm32f1xx_ll_sdmmc.o(i.SDMMC_CmdReadSingleBlock)
    i.SDMMC_CmdSelDesel                      0x080017b8   Section        0  stm32f1xx_ll_sdmmc.o(i.SDMMC_CmdSelDesel)
    i.SDMMC_CmdSendCID                       0x080017ea   Section        0  stm32f1xx_ll_sdmmc.o(i.SDMMC_CmdSendCID)
    i.SDMMC_CmdSendCSD                       0x08001816   Section        0  stm32f1xx_ll_sdmmc.o(i.SDMMC_CmdSendCSD)
    i.SDMMC_CmdSendSCR                       0x08001842   Section        0  stm32f1xx_ll_sdmmc.o(i.SDMMC_CmdSendSCR)
    i.SDMMC_CmdSendStatus                    0x08001872   Section        0  stm32f1xx_ll_sdmmc.o(i.SDMMC_CmdSendStatus)
    i.SDMMC_CmdSetRelAdd                     0x080018a4   Section        0  stm32f1xx_ll_sdmmc.o(i.SDMMC_CmdSetRelAdd)
    i.SDMMC_CmdStopTransfer                  0x080018d4   Section        0  stm32f1xx_ll_sdmmc.o(i.SDMMC_CmdStopTransfer)
    i.SDMMC_CmdWriteMultiBlock               0x08001908   Section        0  stm32f1xx_ll_sdmmc.o(i.SDMMC_CmdWriteMultiBlock)
    i.SDMMC_CmdWriteSingleBlock              0x0800193a   Section        0  stm32f1xx_ll_sdmmc.o(i.SDMMC_CmdWriteSingleBlock)
    i.SDMMC_GetCmdResp1                      0x0800196c   Section        0  stm32f1xx_ll_sdmmc.o(i.SDMMC_GetCmdResp1)
    i.SDMMC_GetCmdResp2                      0x08001a8c   Section        0  stm32f1xx_ll_sdmmc.o(i.SDMMC_GetCmdResp2)
    i.SDMMC_GetCmdResp3                      0x08001adc   Section        0  stm32f1xx_ll_sdmmc.o(i.SDMMC_GetCmdResp3)
    i.SDMMC_GetCmdResp6                      0x08001b20   Section        0  stm32f1xx_ll_sdmmc.o(i.SDMMC_GetCmdResp6)
    i.SDMMC_GetCmdResp7                      0x08001ba8   Section        0  stm32f1xx_ll_sdmmc.o(i.SDMMC_GetCmdResp7)
    i.SD_FindSCR                             0x08001c00   Section        0  stm32f1xx_hal_sd.o(i.SD_FindSCR)
    SD_FindSCR                               0x08001c01   Thumb Code   218  stm32f1xx_hal_sd.o(i.SD_FindSCR)
    i.SD_InitCard                            0x08001cda   Section        0  stm32f1xx_hal_sd.o(i.SD_InitCard)
    SD_InitCard                              0x08001cdb   Thumb Code   238  stm32f1xx_hal_sd.o(i.SD_InitCard)
    i.SD_PowerON                             0x08001dc8   Section        0  stm32f1xx_hal_sd.o(i.SD_PowerON)
    SD_PowerON                               0x08001dc9   Thumb Code   174  stm32f1xx_hal_sd.o(i.SD_PowerON)
    i.SD_initialize                          0x08001e7c   Section        0  sd_diskio.o(i.SD_initialize)
    i.SD_ioctl                               0x08001e9c   Section        0  sd_diskio.o(i.SD_ioctl)
    i.SD_read                                0x08001eec   Section        0  sd_diskio.o(i.SD_read)
    i.SD_status                              0x08001f28   Section        0  sd_diskio.o(i.SD_status)
    i.SD_write                               0x08001f48   Section        0  sd_diskio.o(i.SD_write)
    i.SVC_Handler                            0x08001f84   Section        0  stm32f1xx_it.o(i.SVC_Handler)
    i.SysTick_Handler                        0x08001f86   Section        0  stm32f1xx_it.o(i.SysTick_Handler)
    i.SystemClock_Config                     0x08001f8a   Section        0  main.o(i.SystemClock_Config)
    i.SystemInit                             0x08001fe8   Section        0  system_stm32f1xx.o(i.SystemInit)
    i.UART_SetConfig                         0x08001fec   Section        0  stm32f1xx_hal_uart.o(i.UART_SetConfig)
    UART_SetConfig                           0x08001fed   Thumb Code   178  stm32f1xx_hal_uart.o(i.UART_SetConfig)
    i.UART_WaitOnFlagUntilTimeout            0x080020a4   Section        0  stm32f1xx_hal_uart.o(i.UART_WaitOnFlagUntilTimeout)
    UART_WaitOnFlagUntilTimeout              0x080020a5   Thumb Code   120  stm32f1xx_hal_uart.o(i.UART_WaitOnFlagUntilTimeout)
    i.UsageFault_Handler                     0x0800211c   Section        0  stm32f1xx_it.o(i.UsageFault_Handler)
    i.__0printf$3                            0x08002120   Section        0  printf3.o(i.__0printf$3)
    i.__0sprintf$3                           0x08002140   Section        0  printf3.o(i.__0sprintf$3)
    i.__NVIC_SetPriority                     0x08002168   Section        0  stm32f1xx_hal_cortex.o(i.__NVIC_SetPriority)
    __NVIC_SetPriority                       0x08002169   Thumb Code    32  stm32f1xx_hal_cortex.o(i.__NVIC_SetPriority)
    i.__scatterload_copy                     0x08002188   Section       14  handlers.o(i.__scatterload_copy)
    i.__scatterload_null                     0x08002196   Section        2  handlers.o(i.__scatterload_null)
    i.__scatterload_zeroinit                 0x08002198   Section       14  handlers.o(i.__scatterload_zeroinit)
    i._printf_core                           0x080021a8   Section        0  printf3.o(i._printf_core)
    _printf_core                             0x080021a9   Thumb Code   436  printf3.o(i._printf_core)
    i._sputc                                 0x08002360   Section        0  printf3.o(i._sputc)
    _sputc                                   0x08002361   Thumb Code    10  printf3.o(i._sputc)
    i.check_fs                               0x0800236c   Section        0  ff.o(i.check_fs)
    check_fs                                 0x0800236d   Thumb Code    90  ff.o(i.check_fs)
    i.chk_chr                                0x080023cc   Section        0  ff.o(i.chk_chr)
    chk_chr                                  0x080023cd   Thumb Code    16  ff.o(i.chk_chr)
    i.chk_lock                               0x080023dc   Section        0  ff.o(i.chk_lock)
    chk_lock                                 0x080023dd   Thumb Code   102  ff.o(i.chk_lock)
    i.clear_lock                             0x08002448   Section        0  ff.o(i.clear_lock)
    clear_lock                               0x08002449   Thumb Code    32  ff.o(i.clear_lock)
    i.clmt_clust                             0x0800246c   Section        0  ff.o(i.clmt_clust)
    clmt_clust                               0x0800246d   Thumb Code    42  ff.o(i.clmt_clust)
    i.clust2sect                             0x08002496   Section        0  ff.o(i.clust2sect)
    i.create_chain                           0x080024b4   Section        0  ff.o(i.create_chain)
    create_chain                             0x080024b5   Thumb Code   176  ff.o(i.create_chain)
    i.create_name                            0x08002564   Section        0  ff.o(i.create_name)
    create_name                              0x08002565   Thumb Code   558  ff.o(i.create_name)
    i.dec_lock                               0x080027a8   Section        0  ff.o(i.dec_lock)
    dec_lock                                 0x080027a9   Thumb Code    54  ff.o(i.dec_lock)
    i.dir_find                               0x080027e4   Section        0  ff.o(i.dir_find)
    dir_find                                 0x080027e5   Thumb Code   320  ff.o(i.dir_find)
    i.dir_next                               0x08002928   Section        0  ff.o(i.dir_next)
    dir_next                                 0x08002929   Thumb Code   286  ff.o(i.dir_next)
    i.dir_register                           0x08002a48   Section        0  ff.o(i.dir_register)
    dir_register                             0x08002a49   Thumb Code   460  ff.o(i.dir_register)
    i.dir_sdi                                0x08002c18   Section        0  ff.o(i.dir_sdi)
    dir_sdi                                  0x08002c19   Thumb Code   152  ff.o(i.dir_sdi)
    i.disk_initialize                        0x08002cb0   Section        0  diskio.o(i.disk_initialize)
    i.disk_ioctl                             0x08002cd8   Section        0  diskio.o(i.disk_ioctl)
    i.disk_read                              0x08002cf4   Section        0  diskio.o(i.disk_read)
    i.disk_status                            0x08002d10   Section        0  diskio.o(i.disk_status)
    i.disk_write                             0x08002d28   Section        0  diskio.o(i.disk_write)
    i.f_close                                0x08002d44   Section        0  ff.o(i.f_close)
    i.f_mkfs                                 0x08002d70   Section        0  ff.o(i.f_mkfs)
    i.f_mount                                0x080032a4   Section        0  ff.o(i.f_mount)
    i.f_open                                 0x08003300   Section        0  ff.o(i.f_open)
    i.f_read                                 0x080034a4   Section        0  ff.o(i.f_read)
    i.f_sync                                 0x08003630   Section        0  ff.o(i.f_sync)
    i.f_write                                0x080036e2   Section        0  ff.o(i.f_write)
    i.ff_convert                             0x080038b8   Section        0  ffunicode.o(i.ff_convert)
    i.ff_wtoupper                            0x08003904   Section        0  ffunicode.o(i.ff_wtoupper)
    i.find_volume                            0x08003928   Section        0  ff.o(i.find_volume)
    find_volume                              0x08003929   Thumb Code   588  ff.o(i.find_volume)
    i.follow_path                            0x08003b80   Section        0  ff.o(i.follow_path)
    follow_path                              0x08003b81   Thumb Code   114  ff.o(i.follow_path)
    i.fputc                                  0x08003bf4   Section        0  bsp_usart.o(i.fputc)
    i.gen_numname                            0x08003c0c   Section        0  ff.o(i.gen_numname)
    gen_numname                              0x08003c0d   Thumb Code   136  ff.o(i.gen_numname)
    i.get_fat                                0x08003c98   Section        0  ff.o(i.get_fat)
    i.get_ldnumber                           0x08003d5a   Section        0  ff.o(i.get_ldnumber)
    get_ldnumber                             0x08003d5b   Thumb Code    60  ff.o(i.get_ldnumber)
    i.inc_lock                               0x08003d98   Section        0  ff.o(i.inc_lock)
    inc_lock                                 0x08003d99   Thumb Code   154  ff.o(i.inc_lock)
    i.ld_clust                               0x08003e38   Section        0  ff.o(i.ld_clust)
    ld_clust                                 0x08003e39   Thumb Code    20  ff.o(i.ld_clust)
    i.main                                   0x08003e4c   Section        0  main.o(i.main)
    i.mem_cpy                                0x08004288   Section        0  ff.o(i.mem_cpy)
    mem_cpy                                  0x08004289   Thumb Code    18  ff.o(i.mem_cpy)
    i.mem_set                                0x0800429a   Section        0  ff.o(i.mem_set)
    mem_set                                  0x0800429b   Thumb Code    14  ff.o(i.mem_set)
    i.move_window                            0x080042a8   Section        0  ff.o(i.move_window)
    move_window                              0x080042a9   Thumb Code    54  ff.o(i.move_window)
    i.printf_fatfs_error                     0x080042e0   Section        0  main.o(i.printf_fatfs_error)
    i.put_fat                                0x0800452c   Section        0  ff.o(i.put_fat)
    i.remove_chain                           0x08004624   Section        0  ff.o(i.remove_chain)
    remove_chain                             0x08004625   Thumb Code   110  ff.o(i.remove_chain)
    i.st_clust                               0x08004692   Section        0  ff.o(i.st_clust)
    st_clust                                 0x08004693   Thumb Code    16  ff.o(i.st_clust)
    i.sum_sfn                                0x080046a2   Section        0  ff.o(i.sum_sfn)
    sum_sfn                                  0x080046a3   Thumb Code    26  ff.o(i.sum_sfn)
    i.sync_fs                                0x080046bc   Section        0  ff.o(i.sync_fs)
    sync_fs                                  0x080046bd   Thumb Code   182  ff.o(i.sync_fs)
    i.sync_window                            0x08004772   Section        0  ff.o(i.sync_window)
    sync_window                              0x08004773   Thumb Code    96  ff.o(i.sync_window)
    i.validate                               0x080047d2   Section        0  ff.o(i.validate)
    validate                                 0x080047d3   Thumb Code    44  ff.o(i.validate)
    .constdata                               0x080047fe   Section       58  ff.o(.constdata)
    LfnOfs                                   0x080047fe   Data          13  ff.o(.constdata)
    vst                                      0x0800480c   Data          22  ff.o(.constdata)
    cst                                      0x08004822   Data          22  ff.o(.constdata)
    .constdata                               0x08004838   Section       20  sd_diskio.o(.constdata)
    .constdata                               0x0800484c   Section    175304  ffunicode.o(.constdata)
    uni2oem                                  0x0800484c   Data       87172  ffunicode.o(.constdata)
    oem2uni                                  0x08019cd0   Data       87172  ffunicode.o(.constdata)
    tbl_lower                                0x0802f154   Data         480  ffunicode.o(.constdata)
    tbl_upper                                0x0802f334   Data         480  ffunicode.o(.constdata)
    .constdata                               0x0802f514   Section       18  stm32f1xx_hal_rcc.o(.constdata)
    aPredivFactorTable                       0x0802f514   Data           2  stm32f1xx_hal_rcc.o(.constdata)
    aPLLMULFactorTable                       0x0802f516   Data          16  stm32f1xx_hal_rcc.o(.constdata)
    .constdata                               0x0802f526   Section       16  system_stm32f1xx.o(.constdata)
    .constdata                               0x0802f536   Section        8  system_stm32f1xx.o(.constdata)
    .data                                    0x20000000   Section       76  main.o(.data)
    .data                                    0x2000004c   Section        8  ff.o(.data)
    Fsid                                     0x2000004c   Data           2  ff.o(.data)
    FatFs                                    0x20000050   Data           4  ff.o(.data)
    .data                                    0x20000054   Section        1  sd_diskio.o(.data)
    Stat                                     0x20000054   Data           1  sd_diskio.o(.data)
    .data                                    0x20000058   Section       12  stm32f1xx_hal.o(.data)
    .data                                    0x20000064   Section        4  system_stm32f1xx.o(.data)
    .data                                    0x20000068   Section        4  stdout.o(.data)
    .bss                                     0x2000006c   Section     2140  main.o(.bss)
    .bss                                     0x200008c8   Section       72  bsp_usart.o(.bss)
    .bss                                     0x20000910   Section      268  bsp_sdio_sdcard.o(.bss)
    hdma_rx                                  0x20000910   Data          68  bsp_sdio_sdcard.o(.bss)
    hdma_tx                                  0x20000954   Data          68  bsp_sdio_sdcard.o(.bss)
    .bss                                     0x20000a1c   Section      536  ff.o(.bss)
    Files                                    0x20000a1c   Data          24  ff.o(.bss)
    LfnBuf                                   0x20000a34   Data         512  ff.o(.bss)
    .bss                                     0x20000c34   Section       12  ff_gen_drv.o(.bss)
    STACK                                    0x20000c40   Section     1024  startup_stm32f103xe.o(STACK)

    Global Symbols

    Symbol Name                              Value     Ov Type        Size  Object(Section)

    BuildAttributes$$THM_ISAv4$P$D$K$B$S$PE$A:L22UL41UL21$X:L11$S22US41US21$IEEE1$IW$USESV6$~STKCKD$USESV7$~SHL$OSPACE$ROPI$EBA8$MICROLIB$REQ8$PRES8$EABIv2 0x00000000   Number         0  anon$$obj.o ABSOLUTE
    __ARM_use_no_argv                        0x00000000   Number         0  main.o ABSOLUTE
    _printf_a                                0x00000000   Number         0  stubs.o ABSOLUTE
    _printf_c                                0x00000000   Number         0  stubs.o ABSOLUTE
    _printf_charcount                        0x00000000   Number         0  stubs.o ABSOLUTE
    _printf_d                                0x00000000   Number         0  stubs.o ABSOLUTE
    _printf_e                                0x00000000   Number         0  stubs.o ABSOLUTE
    _printf_f                                0x00000000   Number         0  stubs.o ABSOLUTE
    _printf_flags                            0x00000000   Number         0  stubs.o ABSOLUTE
    _printf_fp_dec                           0x00000000   Number         0  stubs.o ABSOLUTE
    _printf_fp_hex                           0x00000000   Number         0  stubs.o ABSOLUTE
    _printf_g                                0x00000000   Number         0  stubs.o ABSOLUTE
    _printf_i                                0x00000000   Number         0  stubs.o ABSOLUTE
    _printf_int_dec                          0x00000000   Number         0  stubs.o ABSOLUTE
    _printf_l                                0x00000000   Number         0  stubs.o ABSOLUTE
    _printf_lc                               0x00000000   Number         0  stubs.o ABSOLUTE
    _printf_ll                               0x00000000   Number         0  stubs.o ABSOLUTE
    _printf_lld                              0x00000000   Number         0  stubs.o ABSOLUTE
    _printf_lli                              0x00000000   Number         0  stubs.o ABSOLUTE
    _printf_llo                              0x00000000   Number         0  stubs.o ABSOLUTE
    _printf_llu                              0x00000000   Number         0  stubs.o ABSOLUTE
    _printf_llx                              0x00000000   Number         0  stubs.o ABSOLUTE
    _printf_longlong_dec                     0x00000000   Number         0  stubs.o ABSOLUTE
    _printf_longlong_hex                     0x00000000   Number         0  stubs.o ABSOLUTE
    _printf_longlong_oct                     0x00000000   Number         0  stubs.o ABSOLUTE
    _printf_ls                               0x00000000   Number         0  stubs.o ABSOLUTE
    _printf_mbtowc                           0x00000000   Number         0  stubs.o ABSOLUTE
    _printf_n                                0x00000000   Number         0  stubs.o ABSOLUTE
    _printf_o                                0x00000000   Number         0  stubs.o ABSOLUTE
    _printf_p                                0x00000000   Number         0  stubs.o ABSOLUTE
    _printf_percent                          0x00000000   Number         0  stubs.o ABSOLUTE
    _printf_pre_padding                      0x00000000   Number         0  stubs.o ABSOLUTE
    _printf_return_value                     0x00000000   Number         0  stubs.o ABSOLUTE
    _printf_s                                0x00000000   Number         0  stubs.o ABSOLUTE
    _printf_sizespec                         0x00000000   Number         0  stubs.o ABSOLUTE
    _printf_str                              0x00000000   Number         0  stubs.o ABSOLUTE
    _printf_truncate_signed                  0x00000000   Number         0  stubs.o ABSOLUTE
    _printf_truncate_unsigned                0x00000000   Number         0  stubs.o ABSOLUTE
    _printf_u                                0x00000000   Number         0  stubs.o ABSOLUTE
    _printf_wc                               0x00000000   Number         0  stubs.o ABSOLUTE
    _printf_wctomb                           0x00000000   Number         0  stubs.o ABSOLUTE
    _printf_widthprec                        0x00000000   Number         0  stubs.o ABSOLUTE
    _printf_x                                0x00000000   Number         0  stubs.o ABSOLUTE
    __cpp_initialize__aeabi_                  - Undefined Weak Reference
    __cxa_finalize                            - Undefined Weak Reference
    __decompress                              - Undefined Weak Reference
    _clock_init                               - Undefined Weak Reference
    _microlib_exit                            - Undefined Weak Reference
    __Vectors_Size                           0x00000130   Number         0  startup_stm32f103xe.o ABSOLUTE
    __Vectors                                0x08000000   Data           4  startup_stm32f103xe.o(RESET)
    __Vectors_End                            0x08000130   Data           0  startup_stm32f103xe.o(RESET)
    __main                                   0x08000131   Thumb Code     0  entry.o(.ARM.Collect$$$$00000000)
    _main_stk                                0x08000131   Thumb Code     0  entry2.o(.ARM.Collect$$$$00000001)
    _main_scatterload                        0x08000135   Thumb Code     0  entry5.o(.ARM.Collect$$$$00000004)
    __main_after_scatterload                 0x08000139   Thumb Code     0  entry5.o(.ARM.Collect$$$$00000004)
    _main_clock                              0x08000139   Thumb Code     0  entry7b.o(.ARM.Collect$$$$00000008)
    _main_cpp_init                           0x08000139   Thumb Code     0  entry8b.o(.ARM.Collect$$$$0000000A)
    _main_init                               0x08000139   Thumb Code     0  entry9a.o(.ARM.Collect$$$$0000000B)
    __rt_final_cpp                           0x08000141   Thumb Code     0  entry10a.o(.ARM.Collect$$$$0000000D)
    __rt_final_exit                          0x08000141   Thumb Code     0  entry11a.o(.ARM.Collect$$$$0000000F)
    Reset_Handler                            0x08000145   Thumb Code     8  startup_stm32f103xe.o(.text)
    ADC1_2_IRQHandler                        0x0800015f   Thumb Code     0  startup_stm32f103xe.o(.text)
    ADC3_IRQHandler                          0x0800015f   Thumb Code     0  startup_stm32f103xe.o(.text)
    CAN1_RX1_IRQHandler                      0x0800015f   Thumb Code     0  startup_stm32f103xe.o(.text)
    CAN1_SCE_IRQHandler                      0x0800015f   Thumb Code     0  startup_stm32f103xe.o(.text)
    DMA1_Channel1_IRQHandler                 0x0800015f   Thumb Code     0  startup_stm32f103xe.o(.text)
    DMA1_Channel2_IRQHandler                 0x0800015f   Thumb Code     0  startup_stm32f103xe.o(.text)
    DMA1_Channel3_IRQHandler                 0x0800015f   Thumb Code     0  startup_stm32f103xe.o(.text)
    DMA1_Channel4_IRQHandler                 0x0800015f   Thumb Code     0  startup_stm32f103xe.o(.text)
    DMA1_Channel5_IRQHandler                 0x0800015f   Thumb Code     0  startup_stm32f103xe.o(.text)
    DMA1_Channel6_IRQHandler                 0x0800015f   Thumb Code     0  startup_stm32f103xe.o(.text)
    DMA1_Channel7_IRQHandler                 0x0800015f   Thumb Code     0  startup_stm32f103xe.o(.text)
    DMA2_Channel1_IRQHandler                 0x0800015f   Thumb Code     0  startup_stm32f103xe.o(.text)
    DMA2_Channel2_IRQHandler                 0x0800015f   Thumb Code     0  startup_stm32f103xe.o(.text)
    DMA2_Channel3_IRQHandler                 0x0800015f   Thumb Code     0  startup_stm32f103xe.o(.text)
    DMA2_Channel4_5_IRQHandler               0x0800015f   Thumb Code     0  startup_stm32f103xe.o(.text)
    EXTI0_IRQHandler                         0x0800015f   Thumb Code     0  startup_stm32f103xe.o(.text)
    EXTI15_10_IRQHandler                     0x0800015f   Thumb Code     0  startup_stm32f103xe.o(.text)
    EXTI1_IRQHandler                         0x0800015f   Thumb Code     0  startup_stm32f103xe.o(.text)
    EXTI2_IRQHandler                         0x0800015f   Thumb Code     0  startup_stm32f103xe.o(.text)
    EXTI3_IRQHandler                         0x0800015f   Thumb Code     0  startup_stm32f103xe.o(.text)
    EXTI4_IRQHandler                         0x0800015f   Thumb Code     0  startup_stm32f103xe.o(.text)
    EXTI9_5_IRQHandler                       0x0800015f   Thumb Code     0  startup_stm32f103xe.o(.text)
    FLASH_IRQHandler                         0x0800015f   Thumb Code     0  startup_stm32f103xe.o(.text)
    FSMC_IRQHandler                          0x0800015f   Thumb Code     0  startup_stm32f103xe.o(.text)
    I2C1_ER_IRQHandler                       0x0800015f   Thumb Code     0  startup_stm32f103xe.o(.text)
    I2C1_EV_IRQHandler                       0x0800015f   Thumb Code     0  startup_stm32f103xe.o(.text)
    I2C2_ER_IRQHandler                       0x0800015f   Thumb Code     0  startup_stm32f103xe.o(.text)
    I2C2_EV_IRQHandler                       0x0800015f   Thumb Code     0  startup_stm32f103xe.o(.text)
    PVD_IRQHandler                           0x0800015f   Thumb Code     0  startup_stm32f103xe.o(.text)
    RCC_IRQHandler                           0x0800015f   Thumb Code     0  startup_stm32f103xe.o(.text)
    RTC_Alarm_IRQHandler                     0x0800015f   Thumb Code     0  startup_stm32f103xe.o(.text)
    RTC_IRQHandler                           0x0800015f   Thumb Code     0  startup_stm32f103xe.o(.text)
    SDIO_IRQHandler                          0x0800015f   Thumb Code     0  startup_stm32f103xe.o(.text)
    SPI1_IRQHandler                          0x0800015f   Thumb Code     0  startup_stm32f103xe.o(.text)
    SPI2_IRQHandler                          0x0800015f   Thumb Code     0  startup_stm32f103xe.o(.text)
    SPI3_IRQHandler                          0x0800015f   Thumb Code     0  startup_stm32f103xe.o(.text)
    TAMPER_IRQHandler                        0x0800015f   Thumb Code     0  startup_stm32f103xe.o(.text)
    TIM1_BRK_IRQHandler                      0x0800015f   Thumb Code     0  startup_stm32f103xe.o(.text)
    TIM1_CC_IRQHandler                       0x0800015f   Thumb Code     0  startup_stm32f103xe.o(.text)
    TIM1_TRG_COM_IRQHandler                  0x0800015f   Thumb Code     0  startup_stm32f103xe.o(.text)
    TIM1_UP_IRQHandler                       0x0800015f   Thumb Code     0  startup_stm32f103xe.o(.text)
    TIM2_IRQHandler                          0x0800015f   Thumb Code     0  startup_stm32f103xe.o(.text)
    TIM3_IRQHandler                          0x0800015f   Thumb Code     0  startup_stm32f103xe.o(.text)
    TIM4_IRQHandler                          0x0800015f   Thumb Code     0  startup_stm32f103xe.o(.text)
    TIM5_IRQHandler                          0x0800015f   Thumb Code     0  startup_stm32f103xe.o(.text)
    TIM6_IRQHandler                          0x0800015f   Thumb Code     0  startup_stm32f103xe.o(.text)
    TIM7_IRQHandler                          0x0800015f   Thumb Code     0  startup_stm32f103xe.o(.text)
    TIM8_BRK_IRQHandler                      0x0800015f   Thumb Code     0  startup_stm32f103xe.o(.text)
    TIM8_CC_IRQHandler                       0x0800015f   Thumb Code     0  startup_stm32f103xe.o(.text)
    TIM8_TRG_COM_IRQHandler                  0x0800015f   Thumb Code     0  startup_stm32f103xe.o(.text)
    TIM8_UP_IRQHandler                       0x0800015f   Thumb Code     0  startup_stm32f103xe.o(.text)
    UART4_IRQHandler                         0x0800015f   Thumb Code     0  startup_stm32f103xe.o(.text)
    UART5_IRQHandler                         0x0800015f   Thumb Code     0  startup_stm32f103xe.o(.text)
    USART1_IRQHandler                        0x0800015f   Thumb Code     0  startup_stm32f103xe.o(.text)
    USART2_IRQHandler                        0x0800015f   Thumb Code     0  startup_stm32f103xe.o(.text)
    USART3_IRQHandler                        0x0800015f   Thumb Code     0  startup_stm32f103xe.o(.text)
    USBWakeUp_IRQHandler                     0x0800015f   Thumb Code     0  startup_stm32f103xe.o(.text)
    USB_HP_CAN1_TX_IRQHandler                0x0800015f   Thumb Code     0  startup_stm32f103xe.o(.text)
    USB_LP_CAN1_RX0_IRQHandler               0x0800015f   Thumb Code     0  startup_stm32f103xe.o(.text)
    WWDG_IRQHandler                          0x0800015f   Thumb Code     0  startup_stm32f103xe.o(.text)
    __aeabi_memset                           0x08000169   Thumb Code    14  memseta.o(.text)
    __aeabi_memset4                          0x08000169   Thumb Code     0  memseta.o(.text)
    __aeabi_memset8                          0x08000169   Thumb Code     0  memseta.o(.text)
    __aeabi_memclr                           0x08000177   Thumb Code     4  memseta.o(.text)
    __aeabi_memclr4                          0x08000177   Thumb Code     0  memseta.o(.text)
    __aeabi_memclr8                          0x08000177   Thumb Code     0  memseta.o(.text)
    _memset$wrapper                          0x0800017b   Thumb Code    18  memseta.o(.text)
    __aeabi_uidiv                            0x0800018d   Thumb Code     0  uidiv.o(.text)
    __aeabi_uidivmod                         0x0800018d   Thumb Code    44  uidiv.o(.text)
    __scatterload                            0x080001b9   Thumb Code    28  init.o(.text)
    __scatterload_rt2                        0x080001b9   Thumb Code     0  init.o(.text)
    BSP_SD_GetCardInfo                       0x080001dd   Thumb Code     8  bsp_sdio_sdcard.o(i.BSP_SD_GetCardInfo)
    BSP_SD_GetCardState                      0x080001e9   Thumb Code    20  bsp_sdio_sdcard.o(i.BSP_SD_GetCardState)
    BSP_SD_Init                              0x08000201   Thumb Code    60  bsp_sdio_sdcard.o(i.BSP_SD_Init)
    BSP_SD_MspInit                           0x08000245   Thumb Code   128  bsp_sdio_sdcard.o(i.BSP_SD_MspInit)
    BSP_SD_ReadBlocks                        0x080002d1   Thumb Code    24  bsp_sdio_sdcard.o(i.BSP_SD_ReadBlocks)
    BSP_SD_WriteBlocks                       0x080002ed   Thumb Code    24  bsp_sdio_sdcard.o(i.BSP_SD_WriteBlocks)
    BusFault_Handler                         0x08000309   Thumb Code     2  stm32f1xx_it.o(i.BusFault_Handler)
    DEBUG_USART_Config                       0x0800030d   Thumb Code    30  bsp_usart.o(i.DEBUG_USART_Config)
    DebugMon_Handler                         0x08000335   Thumb Code     2  stm32f1xx_it.o(i.DebugMon_Handler)
    FATFS_LinkDriver                         0x08000337   Thumb Code     6  ff_gen_drv.o(i.FATFS_LinkDriver)
    FATFS_LinkDriverEx                       0x0800033d   Thumb Code    60  ff_gen_drv.o(i.FATFS_LinkDriverEx)
    FATFS_UnLinkDriver                       0x0800037d   Thumb Code     6  ff_gen_drv.o(i.FATFS_UnLinkDriver)
    FATFS_UnLinkDriverEx                     0x08000385   Thumb Code    48  ff_gen_drv.o(i.FATFS_UnLinkDriverEx)
    HAL_Delay                                0x080003b9   Thumb Code    32  stm32f1xx_hal.o(i.HAL_Delay)
    HAL_GPIO_Init                            0x080003dd   Thumb Code   462  stm32f1xx_hal_gpio.o(i.HAL_GPIO_Init)
    HAL_GetTick                              0x080005d5   Thumb Code     6  stm32f1xx_hal.o(i.HAL_GetTick)
    HAL_IncTick                              0x080005e1   Thumb Code    12  stm32f1xx_hal.o(i.HAL_IncTick)
    HAL_Init                                 0x080005f1   Thumb Code    32  stm32f1xx_hal.o(i.HAL_Init)
    HAL_InitTick                             0x08000615   Thumb Code    54  stm32f1xx_hal.o(i.HAL_InitTick)
    HAL_MspInit                              0x08000655   Thumb Code    52  stm32f1xx_hal_msp.o(i.HAL_MspInit)
    HAL_NVIC_SetPriority                     0x08000691   Thumb Code    60  stm32f1xx_hal_cortex.o(i.HAL_NVIC_SetPriority)
    HAL_NVIC_SetPriorityGrouping             0x080006d1   Thumb Code    26  stm32f1xx_hal_cortex.o(i.HAL_NVIC_SetPriorityGrouping)
    HAL_RCC_ClockConfig                      0x080006f5   Thumb Code   280  stm32f1xx_hal_rcc.o(i.HAL_RCC_ClockConfig)
    HAL_RCC_GetPCLK1Freq                     0x08000821   Thumb Code    20  stm32f1xx_hal_rcc.o(i.HAL_RCC_GetPCLK1Freq)
    HAL_RCC_GetPCLK2Freq                     0x08000841   Thumb Code    20  stm32f1xx_hal_rcc.o(i.HAL_RCC_GetPCLK2Freq)
    HAL_RCC_GetSysClockFreq                  0x08000861   Thumb Code    58  stm32f1xx_hal_rcc.o(i.HAL_RCC_GetSysClockFreq)
    HAL_RCC_OscConfig                        0x080008ad   Thumb Code   778  stm32f1xx_hal_rcc.o(i.HAL_RCC_OscConfig)
    HAL_SD_ConfigWideBusOperation            0x08000bcd   Thumb Code   276  stm32f1xx_hal_sd.o(i.HAL_SD_ConfigWideBusOperation)
    HAL_SD_GetCardCSD                        0x08000ce5   Thumb Code   402  stm32f1xx_hal_sd.o(i.HAL_SD_GetCardCSD)
    HAL_SD_GetCardInfo                       0x08000e7d   Thumb Code    36  stm32f1xx_hal_sd.o(i.HAL_SD_GetCardInfo)
    HAL_SD_GetCardState                      0x08000ea1   Thumb Code    44  stm32f1xx_hal_sd.o(i.HAL_SD_GetCardState)
    HAL_SD_Init                              0x08000ecd   Thumb Code    54  stm32f1xx_hal_sd.o(i.HAL_SD_Init)
    HAL_SD_InitCard                          0x08000f05   Thumb Code   116  stm32f1xx_hal_sd.o(i.HAL_SD_InitCard)
    HAL_SD_MspInit                           0x08000f81   Thumb Code     2  stm32f1xx_hal_sd.o(i.HAL_SD_MspInit)
    HAL_SD_ReadBlocks                        0x08000f85   Thumb Code   468  stm32f1xx_hal_sd.o(i.HAL_SD_ReadBlocks)
    HAL_SD_WriteBlocks                       0x0800115d   Thumb Code   422  stm32f1xx_hal_sd.o(i.HAL_SD_WriteBlocks)
    HAL_SYSTICK_Config                       0x08001309   Thumb Code    40  stm32f1xx_hal_cortex.o(i.HAL_SYSTICK_Config)
    HAL_UART_Init                            0x08001331   Thumb Code   100  stm32f1xx_hal_uart.o(i.HAL_UART_Init)
    HAL_UART_MspInit                         0x08001395   Thumb Code   102  bsp_usart.o(i.HAL_UART_MspInit)
    HAL_UART_Transmit                        0x08001405   Thumb Code   154  stm32f1xx_hal_uart.o(i.HAL_UART_Transmit)
    HardFault_Handler                        0x0800149f   Thumb Code     2  stm32f1xx_it.o(i.HardFault_Handler)
    Key_GPIO_Config                          0x080014a1   Thumb Code    74  bsp_key.o(i.Key_GPIO_Config)
    LED_GPIO_Config                          0x080014f9   Thumb Code   114  bsp_led.o(i.LED_GPIO_Config)
    MemManage_Handler                        0x08001575   Thumb Code     2  stm32f1xx_it.o(i.MemManage_Handler)
    NMI_Handler                              0x08001577   Thumb Code     2  stm32f1xx_it.o(i.NMI_Handler)
    PendSV_Handler                           0x08001579   Thumb Code     2  stm32f1xx_it.o(i.PendSV_Handler)
    SDIO_ConfigData                          0x0800157b   Thumb Code    36  stm32f1xx_ll_sdmmc.o(i.SDIO_ConfigData)
    SDIO_GetPowerState                       0x0800159f   Thumb Code     8  stm32f1xx_ll_sdmmc.o(i.SDIO_GetPowerState)
    SDIO_GetResponse                         0x080015a7   Thumb Code     6  stm32f1xx_ll_sdmmc.o(i.SDIO_GetResponse)
    SDIO_Init                                0x080015ad   Thumb Code    36  stm32f1xx_ll_sdmmc.o(i.SDIO_Init)
    SDIO_PowerState_ON                       0x080015d1   Thumb Code     8  stm32f1xx_ll_sdmmc.o(i.SDIO_PowerState_ON)
    SDIO_ReadFIFO                            0x080015d9   Thumb Code     6  stm32f1xx_ll_sdmmc.o(i.SDIO_ReadFIFO)
    SDIO_SendCommand                         0x080015df   Thumb Code    32  stm32f1xx_ll_sdmmc.o(i.SDIO_SendCommand)
    SDIO_WriteFIFO                           0x080015ff   Thumb Code    10  stm32f1xx_ll_sdmmc.o(i.SDIO_WriteFIFO)
    SDMMC_CmdAppCommand                      0x08001609   Thumb Code    50  stm32f1xx_ll_sdmmc.o(i.SDMMC_CmdAppCommand)
    SDMMC_CmdAppOperCommand                  0x0800163d   Thumb Code    48  stm32f1xx_ll_sdmmc.o(i.SDMMC_CmdAppOperCommand)
    SDMMC_CmdBlockLength                     0x08001671   Thumb Code    50  stm32f1xx_ll_sdmmc.o(i.SDMMC_CmdBlockLength)
    SDMMC_CmdBusWidth                        0x080016a3   Thumb Code    50  stm32f1xx_ll_sdmmc.o(i.SDMMC_CmdBusWidth)
    SDMMC_CmdGoIdleState                     0x080016d5   Thumb Code    74  stm32f1xx_ll_sdmmc.o(i.SDMMC_CmdGoIdleState)
    SDMMC_CmdOperCond                        0x08001725   Thumb Code    48  stm32f1xx_ll_sdmmc.o(i.SDMMC_CmdOperCond)
    SDMMC_CmdReadMultiBlock                  0x08001755   Thumb Code    50  stm32f1xx_ll_sdmmc.o(i.SDMMC_CmdReadMultiBlock)
    SDMMC_CmdReadSingleBlock                 0x08001787   Thumb Code    50  stm32f1xx_ll_sdmmc.o(i.SDMMC_CmdReadSingleBlock)
    SDMMC_CmdSelDesel                        0x080017b9   Thumb Code    50  stm32f1xx_ll_sdmmc.o(i.SDMMC_CmdSelDesel)
    SDMMC_CmdSendCID                         0x080017eb   Thumb Code    44  stm32f1xx_ll_sdmmc.o(i.SDMMC_CmdSendCID)
    SDMMC_CmdSendCSD                         0x08001817   Thumb Code    44  stm32f1xx_ll_sdmmc.o(i.SDMMC_CmdSendCSD)
    SDMMC_CmdSendSCR                         0x08001843   Thumb Code    48  stm32f1xx_ll_sdmmc.o(i.SDMMC_CmdSendSCR)
    SDMMC_CmdSendStatus                      0x08001873   Thumb Code    50  stm32f1xx_ll_sdmmc.o(i.SDMMC_CmdSendStatus)
    SDMMC_CmdSetRelAdd                       0x080018a5   Thumb Code    48  stm32f1xx_ll_sdmmc.o(i.SDMMC_CmdSetRelAdd)
    SDMMC_CmdStopTransfer                    0x080018d5   Thumb Code    46  stm32f1xx_ll_sdmmc.o(i.SDMMC_CmdStopTransfer)
    SDMMC_CmdWriteMultiBlock                 0x08001909   Thumb Code    50  stm32f1xx_ll_sdmmc.o(i.SDMMC_CmdWriteMultiBlock)
    SDMMC_CmdWriteSingleBlock                0x0800193b   Thumb Code    50  stm32f1xx_ll_sdmmc.o(i.SDMMC_CmdWriteSingleBlock)
    SDMMC_GetCmdResp1                        0x0800196d   Thumb Code   278  stm32f1xx_ll_sdmmc.o(i.SDMMC_GetCmdResp1)
    SDMMC_GetCmdResp2                        0x08001a8d   Thumb Code    76  stm32f1xx_ll_sdmmc.o(i.SDMMC_GetCmdResp2)
    SDMMC_GetCmdResp3                        0x08001add   Thumb Code    62  stm32f1xx_ll_sdmmc.o(i.SDMMC_GetCmdResp3)
    SDMMC_GetCmdResp6                        0x08001b21   Thumb Code   130  stm32f1xx_ll_sdmmc.o(i.SDMMC_GetCmdResp6)
    SDMMC_GetCmdResp7                        0x08001ba9   Thumb Code    82  stm32f1xx_ll_sdmmc.o(i.SDMMC_GetCmdResp7)
    SD_initialize                            0x08001e7d   Thumb Code    26  sd_diskio.o(i.SD_initialize)
    SD_ioctl                                 0x08001e9d   Thumb Code    74  sd_diskio.o(i.SD_ioctl)
    SD_read                                  0x08001eed   Thumb Code    52  sd_diskio.o(i.SD_read)
    SD_status                                0x08001f29   Thumb Code    26  sd_diskio.o(i.SD_status)
    SD_write                                 0x08001f49   Thumb Code    52  sd_diskio.o(i.SD_write)
    SVC_Handler                              0x08001f85   Thumb Code     2  stm32f1xx_it.o(i.SVC_Handler)
    SysTick_Handler                          0x08001f87   Thumb Code     4  stm32f1xx_it.o(i.SysTick_Handler)
    SystemClock_Config                       0x08001f8b   Thumb Code    94  main.o(i.SystemClock_Config)
    SystemInit                               0x08001fe9   Thumb Code     2  system_stm32f1xx.o(i.SystemInit)
    UsageFault_Handler                       0x0800211d   Thumb Code     2  stm32f1xx_it.o(i.UsageFault_Handler)
    __0printf$3                              0x08002121   Thumb Code    22  printf3.o(i.__0printf$3)
    __1printf$3                              0x08002121   Thumb Code     0  printf3.o(i.__0printf$3)
    __2printf                                0x08002121   Thumb Code     0  printf3.o(i.__0printf$3)
    __0sprintf$3                             0x08002141   Thumb Code    34  printf3.o(i.__0sprintf$3)
    __1sprintf$3                             0x08002141   Thumb Code     0  printf3.o(i.__0sprintf$3)
    __2sprintf                               0x08002141   Thumb Code     0  printf3.o(i.__0sprintf$3)
    __scatterload_copy                       0x08002189   Thumb Code    14  handlers.o(i.__scatterload_copy)
    __scatterload_null                       0x08002197   Thumb Code     2  handlers.o(i.__scatterload_null)
    __scatterload_zeroinit                   0x08002199   Thumb Code    14  handlers.o(i.__scatterload_zeroinit)
    clust2sect                               0x08002497   Thumb Code    30  ff.o(i.clust2sect)
    disk_initialize                          0x08002cb1   Thumb Code    36  diskio.o(i.disk_initialize)
    disk_ioctl                               0x08002cd9   Thumb Code    24  diskio.o(i.disk_ioctl)
    disk_read                                0x08002cf5   Thumb Code    24  diskio.o(i.disk_read)
    disk_status                              0x08002d11   Thumb Code    18  diskio.o(i.disk_status)
    disk_write                               0x08002d29   Thumb Code    24  diskio.o(i.disk_write)
    f_close                                  0x08002d45   Thumb Code    42  ff.o(i.f_close)
    f_mkfs                                   0x08002d71   Thumb Code  1332  ff.o(i.f_mkfs)
    f_mount                                  0x080032a5   Thumb Code    88  ff.o(i.f_mount)
    f_open                                   0x08003301   Thumb Code   416  ff.o(i.f_open)
    f_read                                   0x080034a5   Thumb Code   396  ff.o(i.f_read)
    f_sync                                   0x08003631   Thumb Code   178  ff.o(i.f_sync)
    f_write                                  0x080036e3   Thumb Code   470  ff.o(i.f_write)
    ff_convert                               0x080038b9   Thumb Code    68  ffunicode.o(i.ff_convert)
    ff_wtoupper                              0x08003905   Thumb Code    28  ffunicode.o(i.ff_wtoupper)
    fputc                                    0x08003bf5   Thumb Code    20  bsp_usart.o(i.fputc)
    get_fat                                  0x08003c99   Thumb Code   194  ff.o(i.get_fat)
    main                                     0x08003e4d   Thumb Code   412  main.o(i.main)
    printf_fatfs_error                       0x080042e1   Thumb Code   108  main.o(i.printf_fatfs_error)
    put_fat                                  0x0800452d   Thumb Code   248  ff.o(i.put_fat)
    SD_Driver                                0x08004838   Data          20  sd_diskio.o(.constdata)
    AHBPrescTable                            0x0802f526   Data          16  system_stm32f1xx.o(.constdata)
    APBPrescTable                            0x0802f536   Data           8  system_stm32f1xx.o(.constdata)
    Region$$Table$$Base                      0x0802f540   Number         0  anon$$obj.o(Region$$Table)
    Region$$Table$$Limit                     0x0802f560   Number         0  anon$$obj.o(Region$$Table)
    f_res                                    0x20000000   Data           1  main.o(.data)
    SDPath                                   0x20000001   Data           4  main.o(.data)
    fnum                                     0x20000008   Data           4  main.o(.data)
    WriteBuffer                              0x2000000c   Data          64  main.o(.data)
    uwTickFreq                               0x20000058   Data           1  stm32f1xx_hal.o(.data)
    uwTickPrio                               0x2000005c   Data           4  stm32f1xx_hal.o(.data)
    uwTick                                   0x20000060   Data           4  stm32f1xx_hal.o(.data)
    SystemCoreClock                          0x20000064   Data           4  system_stm32f1xx.o(.data)
    __stdout                                 0x20000068   Data           4  stdout.o(.data)
    ReadBuffer                               0x2000006c   Data        1024  main.o(.bss)
    fs                                       0x2000046c   Data         560  main.o(.bss)
    file                                     0x2000069c   Data         556  main.o(.bss)
    UartHandle                               0x200008c8   Data          72  bsp_usart.o(.bss)
    uSdHandle                                0x20000998   Data         132  bsp_sdio_sdcard.o(.bss)
    disk                                     0x20000c34   Data          12  ff_gen_drv.o(.bss)
    __initial_sp                             0x20001040   Data           0  startup_stm32f103xe.o(STACK)



==============================================================================

Memory Map of the image

  Image Entry point : 0x08000131

  Load Region LR_IROM1 (Base: 0x08000000, Size: 0x0002f5cc, Max: 0x00080000, ABSOLUTE)

    Execution Region ER_IROM1 (Base: 0x08000000, Size: 0x0002f560, Max: 0x00080000, ABSOLUTE)

    Base Addr    Size         Type   Attr      Idx    E Section Name        Object

    0x08000000   0x00000130   Data   RO            3    RESET               startup_stm32f103xe.o
    0x08000130   0x00000000   Code   RO         4031  * .ARM.Collect$$$$00000000  mc_w.l(entry.o)
    0x08000130   0x00000004   Code   RO         4299    .ARM.Collect$$$$00000001  mc_w.l(entry2.o)
    0x08000134   0x00000004   Code   RO         4302    .ARM.Collect$$$$00000004  mc_w.l(entry5.o)
    0x08000138   0x00000000   Code   RO         4304    .ARM.Collect$$$$00000008  mc_w.l(entry7b.o)
    0x08000138   0x00000000   Code   RO         4306    .ARM.Collect$$$$0000000A  mc_w.l(entry8b.o)
    0x08000138   0x00000008   Code   RO         4307    .ARM.Collect$$$$0000000B  mc_w.l(entry9a.o)
    0x08000140   0x00000000   Code   RO         4309    .ARM.Collect$$$$0000000D  mc_w.l(entry10a.o)
    0x08000140   0x00000000   Code   RO         4311    .ARM.Collect$$$$0000000F  mc_w.l(entry11a.o)
    0x08000140   0x00000004   Code   RO         4300    .ARM.Collect$$$$00002712  mc_w.l(entry2.o)
    0x08000144   0x00000024   Code   RO            4    .text               startup_stm32f103xe.o
    0x08000168   0x00000024   Code   RO         4036    .text               mc_w.l(memseta.o)
    0x0800018c   0x0000002c   Code   RO         4314    .text               mc_w.l(uidiv.o)
    0x080001b8   0x00000024   Code   RO         4329    .text               mc_w.l(init.o)
    0x080001dc   0x0000000c   Code   RO          589    i.BSP_SD_GetCardInfo  bsp_sdio_sdcard.o
    0x080001e8   0x00000018   Code   RO          590    i.BSP_SD_GetCardState  bsp_sdio_sdcard.o
    0x08000200   0x00000044   Code   RO          592    i.BSP_SD_Init       bsp_sdio_sdcard.o
    0x08000244   0x0000008c   Code   RO          594    i.BSP_SD_MspInit    bsp_sdio_sdcard.o
    0x080002d0   0x0000001c   Code   RO          595    i.BSP_SD_ReadBlocks  bsp_sdio_sdcard.o
    0x080002ec   0x0000001c   Code   RO          598    i.BSP_SD_WriteBlocks  bsp_sdio_sdcard.o
    0x08000308   0x00000002   Code   RO          249    i.BusFault_Handler  stm32f1xx_it.o
    0x0800030a   0x00000002   PAD
    0x0800030c   0x00000028   Code   RO          372    i.DEBUG_USART_Config  bsp_usart.o
    0x08000334   0x00000002   Code   RO          250    i.DebugMon_Handler  stm32f1xx_it.o
    0x08000336   0x00000006   Code   RO         1127    i.FATFS_LinkDriver  ff_gen_drv.o
    0x0800033c   0x00000040   Code   RO         1128    i.FATFS_LinkDriverEx  ff_gen_drv.o
    0x0800037c   0x00000006   Code   RO         1129    i.FATFS_UnLinkDriver  ff_gen_drv.o
    0x08000382   0x00000002   PAD
    0x08000384   0x00000034   Code   RO         1130    i.FATFS_UnLinkDriverEx  ff_gen_drv.o
    0x080003b8   0x00000024   Code   RO         1632    i.HAL_Delay         stm32f1xx_hal.o
    0x080003dc   0x000001f8   Code   RO         1942    i.HAL_GPIO_Init     stm32f1xx_hal_gpio.o
    0x080005d4   0x0000000c   Code   RO         1636    i.HAL_GetTick       stm32f1xx_hal.o
    0x080005e0   0x00000010   Code   RO         1642    i.HAL_IncTick       stm32f1xx_hal.o
    0x080005f0   0x00000024   Code   RO         1643    i.HAL_Init          stm32f1xx_hal.o
    0x08000614   0x00000040   Code   RO         1644    i.HAL_InitTick      stm32f1xx_hal.o
    0x08000654   0x0000003c   Code   RO          324    i.HAL_MspInit       stm32f1xx_hal_msp.o
    0x08000690   0x00000040   Code   RO         2108    i.HAL_NVIC_SetPriority  stm32f1xx_hal_cortex.o
    0x080006d0   0x00000024   Code   RO         2109    i.HAL_NVIC_SetPriorityGrouping  stm32f1xx_hal_cortex.o
    0x080006f4   0x0000012c   Code   RO         1800    i.HAL_RCC_ClockConfig  stm32f1xx_hal_rcc.o
    0x08000820   0x00000020   Code   RO         1807    i.HAL_RCC_GetPCLK1Freq  stm32f1xx_hal_rcc.o
    0x08000840   0x00000020   Code   RO         1808    i.HAL_RCC_GetPCLK2Freq  stm32f1xx_hal_rcc.o
    0x08000860   0x0000004c   Code   RO         1809    i.HAL_RCC_GetSysClockFreq  stm32f1xx_hal_rcc.o
    0x080008ac   0x00000320   Code   RO         1812    i.HAL_RCC_OscConfig  stm32f1xx_hal_rcc.o
    0x08000bcc   0x00000118   Code   RO         3260    i.HAL_SD_ConfigWideBusOperation  stm32f1xx_hal_sd.o
    0x08000ce4   0x00000198   Code   RO         3265    i.HAL_SD_GetCardCSD  stm32f1xx_hal_sd.o
    0x08000e7c   0x00000024   Code   RO         3266    i.HAL_SD_GetCardInfo  stm32f1xx_hal_sd.o
    0x08000ea0   0x0000002c   Code   RO         3267    i.HAL_SD_GetCardState  stm32f1xx_hal_sd.o
    0x08000ecc   0x00000036   Code   RO         3272    i.HAL_SD_Init       stm32f1xx_hal_sd.o
    0x08000f02   0x00000002   PAD
    0x08000f04   0x0000007c   Code   RO         3273    i.HAL_SD_InitCard   stm32f1xx_hal_sd.o
    0x08000f80   0x00000002   Code   RO         3275    i.HAL_SD_MspInit    stm32f1xx_hal_sd.o
    0x08000f82   0x00000002   PAD
    0x08000f84   0x000001d8   Code   RO         3276    i.HAL_SD_ReadBlocks  stm32f1xx_hal_sd.o
    0x0800115c   0x000001ac   Code   RO         3281    i.HAL_SD_WriteBlocks  stm32f1xx_hal_sd.o
    0x08001308   0x00000028   Code   RO         2113    i.HAL_SYSTICK_Config  stm32f1xx_hal_cortex.o
    0x08001330   0x00000064   Code   RO         2668    i.HAL_UART_Init     stm32f1xx_hal_uart.o
    0x08001394   0x00000070   Code   RO          373    i.HAL_UART_MspInit  bsp_usart.o
    0x08001404   0x0000009a   Code   RO         2676    i.HAL_UART_Transmit  stm32f1xx_hal_uart.o
    0x0800149e   0x00000002   Code   RO          251    i.HardFault_Handler  stm32f1xx_it.o
    0x080014a0   0x00000058   Code   RO          555    i.Key_GPIO_Config   bsp_key.o
    0x080014f8   0x0000007c   Code   RO          348    i.LED_GPIO_Config   bsp_led.o
    0x08001574   0x00000002   Code   RO          252    i.MemManage_Handler  stm32f1xx_it.o
    0x08001576   0x00000002   Code   RO          253    i.NMI_Handler       stm32f1xx_it.o
    0x08001578   0x00000002   Code   RO          254    i.PendSV_Handler    stm32f1xx_it.o
    0x0800157a   0x00000024   Code   RO         3710    i.SDIO_ConfigData   stm32f1xx_ll_sdmmc.o
    0x0800159e   0x00000008   Code   RO         3714    i.SDIO_GetPowerState  stm32f1xx_ll_sdmmc.o
    0x080015a6   0x00000006   Code   RO         3715    i.SDIO_GetResponse  stm32f1xx_ll_sdmmc.o
    0x080015ac   0x00000024   Code   RO         3716    i.SDIO_Init         stm32f1xx_ll_sdmmc.o
    0x080015d0   0x00000008   Code   RO         3718    i.SDIO_PowerState_ON  stm32f1xx_ll_sdmmc.o
    0x080015d8   0x00000006   Code   RO         3719    i.SDIO_ReadFIFO     stm32f1xx_ll_sdmmc.o
    0x080015de   0x00000020   Code   RO         3720    i.SDIO_SendCommand  stm32f1xx_ll_sdmmc.o
    0x080015fe   0x0000000a   Code   RO         3722    i.SDIO_WriteFIFO    stm32f1xx_ll_sdmmc.o
    0x08001608   0x00000032   Code   RO         3723    i.SDMMC_CmdAppCommand  stm32f1xx_ll_sdmmc.o
    0x0800163a   0x00000002   PAD
    0x0800163c   0x00000034   Code   RO         3724    i.SDMMC_CmdAppOperCommand  stm32f1xx_ll_sdmmc.o
    0x08001670   0x00000032   Code   RO         3725    i.SDMMC_CmdBlockLength  stm32f1xx_ll_sdmmc.o
    0x080016a2   0x00000032   Code   RO         3726    i.SDMMC_CmdBusWidth  stm32f1xx_ll_sdmmc.o
    0x080016d4   0x00000050   Code   RO         3730    i.SDMMC_CmdGoIdleState  stm32f1xx_ll_sdmmc.o
    0x08001724   0x00000030   Code   RO         3732    i.SDMMC_CmdOperCond  stm32f1xx_ll_sdmmc.o
    0x08001754   0x00000032   Code   RO         3733    i.SDMMC_CmdReadMultiBlock  stm32f1xx_ll_sdmmc.o
    0x08001786   0x00000032   Code   RO         3734    i.SDMMC_CmdReadSingleBlock  stm32f1xx_ll_sdmmc.o
    0x080017b8   0x00000032   Code   RO         3737    i.SDMMC_CmdSelDesel  stm32f1xx_ll_sdmmc.o
    0x080017ea   0x0000002c   Code   RO         3738    i.SDMMC_CmdSendCID  stm32f1xx_ll_sdmmc.o
    0x08001816   0x0000002c   Code   RO         3739    i.SDMMC_CmdSendCSD  stm32f1xx_ll_sdmmc.o
    0x08001842   0x00000030   Code   RO         3741    i.SDMMC_CmdSendSCR  stm32f1xx_ll_sdmmc.o
    0x08001872   0x00000032   Code   RO         3742    i.SDMMC_CmdSendStatus  stm32f1xx_ll_sdmmc.o
    0x080018a4   0x00000030   Code   RO         3743    i.SDMMC_CmdSetRelAdd  stm32f1xx_ll_sdmmc.o
    0x080018d4   0x00000034   Code   RO         3746    i.SDMMC_CmdStopTransfer  stm32f1xx_ll_sdmmc.o
    0x08001908   0x00000032   Code   RO         3748    i.SDMMC_CmdWriteMultiBlock  stm32f1xx_ll_sdmmc.o
    0x0800193a   0x00000032   Code   RO         3749    i.SDMMC_CmdWriteSingleBlock  stm32f1xx_ll_sdmmc.o
    0x0800196c   0x00000120   Code   RO         3750    i.SDMMC_GetCmdResp1  stm32f1xx_ll_sdmmc.o
    0x08001a8c   0x00000050   Code   RO         3751    i.SDMMC_GetCmdResp2  stm32f1xx_ll_sdmmc.o
    0x08001adc   0x00000044   Code   RO         3752    i.SDMMC_GetCmdResp3  stm32f1xx_ll_sdmmc.o
    0x08001b20   0x00000088   Code   RO         3753    i.SDMMC_GetCmdResp6  stm32f1xx_ll_sdmmc.o
    0x08001ba8   0x00000058   Code   RO         3754    i.SDMMC_GetCmdResp7  stm32f1xx_ll_sdmmc.o
    0x08001c00   0x000000da   Code   RO         3289    i.SD_FindSCR        stm32f1xx_hal_sd.o
    0x08001cda   0x000000ee   Code   RO         3290    i.SD_InitCard       stm32f1xx_hal_sd.o
    0x08001dc8   0x000000b4   Code   RO         3291    i.SD_PowerON        stm32f1xx_hal_sd.o
    0x08001e7c   0x00000020   Code   RO         1177    i.SD_initialize     sd_diskio.o
    0x08001e9c   0x00000050   Code   RO         1178    i.SD_ioctl          sd_diskio.o
    0x08001eec   0x0000003c   Code   RO         1179    i.SD_read           sd_diskio.o
    0x08001f28   0x00000020   Code   RO         1180    i.SD_status         sd_diskio.o
    0x08001f48   0x0000003c   Code   RO         1181    i.SD_write          sd_diskio.o
    0x08001f84   0x00000002   Code   RO          255    i.SVC_Handler       stm32f1xx_it.o
    0x08001f86   0x00000004   Code   RO          256    i.SysTick_Handler   stm32f1xx_it.o
    0x08001f8a   0x0000005e   Code   RO           14    i.SystemClock_Config  main.o
    0x08001fe8   0x00000002   Code   RO         3997    i.SystemInit        system_stm32f1xx.o
    0x08001fea   0x00000002   PAD
    0x08001fec   0x000000b8   Code   RO         2694    i.UART_SetConfig    stm32f1xx_hal_uart.o
    0x080020a4   0x00000078   Code   RO         2697    i.UART_WaitOnFlagUntilTimeout  stm32f1xx_hal_uart.o
    0x0800211c   0x00000002   Code   RO          257    i.UsageFault_Handler  stm32f1xx_it.o
    0x0800211e   0x00000002   PAD
    0x08002120   0x00000020   Code   RO         4127    i.__0printf$3       mc_w.l(printf3.o)
    0x08002140   0x00000028   Code   RO         4129    i.__0sprintf$3      mc_w.l(printf3.o)
    0x08002168   0x00000020   Code   RO         2115    i.__NVIC_SetPriority  stm32f1xx_hal_cortex.o
    0x08002188   0x0000000e   Code   RO         4339    i.__scatterload_copy  mc_w.l(handlers.o)
    0x08002196   0x00000002   Code   RO         4340    i.__scatterload_null  mc_w.l(handlers.o)
    0x08002198   0x0000000e   Code   RO         4341    i.__scatterload_zeroinit  mc_w.l(handlers.o)
    0x080021a6   0x00000002   PAD
    0x080021a8   0x000001b8   Code   RO         4134    i._printf_core      mc_w.l(printf3.o)
    0x08002360   0x0000000a   Code   RO         4136    i._sputc            mc_w.l(printf3.o)
    0x0800236a   0x00000002   PAD
    0x0800236c   0x00000060   Code   RO          790    i.check_fs          ff.o
    0x080023cc   0x00000010   Code   RO          791    i.chk_chr           ff.o
    0x080023dc   0x0000006c   Code   RO          792    i.chk_lock          ff.o
    0x08002448   0x00000024   Code   RO          793    i.clear_lock        ff.o
    0x0800246c   0x0000002a   Code   RO          794    i.clmt_clust        ff.o
    0x08002496   0x0000001e   Code   RO          795    i.clust2sect        ff.o
    0x080024b4   0x000000b0   Code   RO          796    i.create_chain      ff.o
    0x08002564   0x00000244   Code   RO          797    i.create_name       ff.o
    0x080027a8   0x0000003c   Code   RO          798    i.dec_lock          ff.o
    0x080027e4   0x00000144   Code   RO          799    i.dir_find          ff.o
    0x08002928   0x0000011e   Code   RO          800    i.dir_next          ff.o
    0x08002a46   0x00000002   PAD
    0x08002a48   0x000001d0   Code   RO          802    i.dir_register      ff.o
    0x08002c18   0x00000098   Code   RO          804    i.dir_sdi           ff.o
    0x08002cb0   0x00000028   Code   RO          732    i.disk_initialize   diskio.o
    0x08002cd8   0x0000001c   Code   RO          733    i.disk_ioctl        diskio.o
    0x08002cf4   0x0000001c   Code   RO          734    i.disk_read         diskio.o
    0x08002d10   0x00000018   Code   RO          735    i.disk_status       diskio.o
    0x08002d28   0x0000001c   Code   RO          736    i.disk_write        diskio.o
    0x08002d44   0x0000002a   Code   RO          806    i.f_close           ff.o
    0x08002d6e   0x00000002   PAD
    0x08002d70   0x00000534   Code   RO          812    i.f_mkfs            ff.o
    0x080032a4   0x0000005c   Code   RO          813    i.f_mount           ff.o
    0x08003300   0x000001a4   Code   RO          814    i.f_open            ff.o
    0x080034a4   0x0000018c   Code   RO          819    i.f_read            ff.o
    0x08003630   0x000000b2   Code   RO          823    i.f_sync            ff.o
    0x080036e2   0x000001d6   Code   RO          827    i.f_write           ff.o
    0x080038b8   0x0000004c   Code   RO         1235    i.ff_convert        ffunicode.o
    0x08003904   0x00000024   Code   RO         1236    i.ff_wtoupper       ffunicode.o
    0x08003928   0x00000258   Code   RO          828    i.find_volume       ff.o
    0x08003b80   0x00000072   Code   RO          829    i.follow_path       ff.o
    0x08003bf2   0x00000002   PAD
    0x08003bf4   0x00000018   Code   RO          376    i.fputc             bsp_usart.o
    0x08003c0c   0x0000008c   Code   RO          830    i.gen_numname       ff.o
    0x08003c98   0x000000c2   Code   RO          831    i.get_fat           ff.o
    0x08003d5a   0x0000003c   Code   RO          833    i.get_ldnumber      ff.o
    0x08003d96   0x00000002   PAD
    0x08003d98   0x000000a0   Code   RO          834    i.inc_lock          ff.o
    0x08003e38   0x00000014   Code   RO          835    i.ld_clust          ff.o
    0x08003e4c   0x0000043c   Code   RO           15    i.main              main.o
    0x08004288   0x00000012   Code   RO          836    i.mem_cpy           ff.o
    0x0800429a   0x0000000e   Code   RO          837    i.mem_set           ff.o
    0x080042a8   0x00000036   Code   RO          838    i.move_window       ff.o
    0x080042de   0x00000002   PAD
    0x080042e0   0x0000024c   Code   RO           16    i.printf_fatfs_error  main.o
    0x0800452c   0x000000f8   Code   RO          839    i.put_fat           ff.o
    0x08004624   0x0000006e   Code   RO          841    i.remove_chain      ff.o
    0x08004692   0x00000010   Code   RO          842    i.st_clust          ff.o
    0x080046a2   0x0000001a   Code   RO          843    i.sum_sfn           ff.o
    0x080046bc   0x000000b6   Code   RO          844    i.sync_fs           ff.o
    0x08004772   0x00000060   Code   RO          845    i.sync_window       ff.o
    0x080047d2   0x0000002c   Code   RO          846    i.validate          ff.o
    0x080047fe   0x0000003a   Data   RO          848    .constdata          ff.o
    0x08004838   0x00000014   Data   RO         1182    .constdata          sd_diskio.o
    0x0800484c   0x0002acc8   Data   RO         1237    .constdata          ffunicode.o
    0x0802f514   0x00000012   Data   RO         1813    .constdata          stm32f1xx_hal_rcc.o
    0x0802f526   0x00000010   Data   RO         3998    .constdata          system_stm32f1xx.o
    0x0802f536   0x00000008   Data   RO         3999    .constdata          system_stm32f1xx.o
    0x0802f53e   0x00000002   PAD
    0x0802f540   0x00000020   Data   RO         4337    Region$$Table       anon$$obj.o


    Execution Region RW_IRAM1 (Base: 0x20000000, Size: 0x00001040, Max: 0x00010000, ABSOLUTE)

    Base Addr    Size         Type   Attr      Idx    E Section Name        Object

    0x20000000   0x0000004c   Data   RW           18    .data               main.o
    0x2000004c   0x00000008   Data   RW          849    .data               ff.o
    0x20000054   0x00000001   Data   RW         1183    .data               sd_diskio.o
    0x20000055   0x00000003   PAD
    0x20000058   0x0000000c   Data   RW         1650    .data               stm32f1xx_hal.o
    0x20000064   0x00000004   Data   RW         4000    .data               system_stm32f1xx.o
    0x20000068   0x00000004   Data   RW         4313    .data               mc_w.l(stdout.o)
    0x2000006c   0x0000085c   Zero   RW           17    .bss                main.o
    0x200008c8   0x00000048   Zero   RW          377    .bss                bsp_usart.o
    0x20000910   0x0000010c   Zero   RW          606    .bss                bsp_sdio_sdcard.o
    0x20000a1c   0x00000218   Zero   RW          847    .bss                ff.o
    0x20000c34   0x0000000c   Zero   RW         1131    .bss                ff_gen_drv.o
    0x20000c40   0x00000400   Zero   RW            1    STACK               startup_stm32f103xe.o


==============================================================================

Image component sizes


      Code (inc. data)   RO Data    RW Data    ZI Data      Debug   Object Name

        88         14          0          0          0        902   bsp_key.o
       124         10          0          0          0        958   bsp_led.o
       300         36          0          0        268       5197   bsp_sdio_sdcard.o
       176         24          0          0         72       2205   bsp_usart.o
       148         22          0          0          0       5801   diskio.o
      7396        150         58          8        536      29571   ff.o
       128          8          0          0         12       2427   ff_gen_drv.o
       112         16     175304          0          0       1783   ffunicode.o
      1766       1172          0         76       2140     485376   main.o
       264         34         20          1          0       3744   sd_diskio.o
        36          8        304          0       1024        800   startup_stm32f103xe.o
       164         28          0         12          0       6481   stm32f1xx_hal.o
       172         14          0          0          0      27994   stm32f1xx_hal_cortex.o
       504         42          0          0          0       2024   stm32f1xx_hal_gpio.o
        60          8          0          0          0        882   stm32f1xx_hal_msp.o
      1240         84         18          0          0       4884   stm32f1xx_hal_rcc.o
      2484         34          0          0          0      10989   stm32f1xx_hal_sd.o
       558          6          0          0          0       3524   stm32f1xx_hal_uart.o
        20          0          0          0          0       3914   stm32f1xx_it.o
      1668         48          0          0          0      21239   stm32f1xx_ll_sdmmc.o
         2          0         24          4          0       1131   system_stm32f1xx.o

    ----------------------------------------------------------------------
     17434       1758     175762        104       4052     621826   Object Totals
         0          0         32          0          0          0   (incl. Generated)
        24          0          2          3          0          0   (incl. Padding)

    ----------------------------------------------------------------------

      Code (inc. data)   RO Data    RW Data    ZI Data      Debug   Library Member Name

         0          0          0          0          0          0   entry.o
         0          0          0          0          0          0   entry10a.o
         0          0          0          0          0          0   entry11a.o
         8          4          0          0          0          0   entry2.o
         4          0          0          0          0          0   entry5.o
         0          0          0          0          0          0   entry7b.o
         0          0          0          0          0          0   entry8b.o
         8          4          0          0          0          0   entry9a.o
        30          0          0          0          0          0   handlers.o
        36          8          0          0          0         68   init.o
        36          0          0          0          0        108   memseta.o
       522         20          0          0          0        336   printf3.o
         0          0          0          4          0          0   stdout.o
        44          0          0          0          0         80   uidiv.o

    ----------------------------------------------------------------------
       692         36          0          4          0        592   Library Totals
         4          0          0          0          0          0   (incl. Padding)

    ----------------------------------------------------------------------

      Code (inc. data)   RO Data    RW Data    ZI Data      Debug   Library Name

       688         36          0          4          0        592   mc_w.l

    ----------------------------------------------------------------------
       692         36          0          4          0        592   Library Totals

    ----------------------------------------------------------------------

==============================================================================


      Code (inc. data)   RO Data    RW Data    ZI Data      Debug   

     18126       1794     175762        108       4052     615394   Grand Totals
     18126       1794     175762        108       4052     615394   ELF Image Totals
     18126       1794     175762        108          0          0   ROM Totals

==============================================================================

    Total RO  Size (Code + RO Data)               193888 ( 189.34kB)
    Total RW  Size (RW Data + ZI Data)              4160 (   4.06kB)
    Total ROM Size (Code + RO Data + RW Data)     193996 ( 189.45kB)

==============================================================================

